 IScsiDxe

 Timestamp is 52778b14 (Mon Nov 04 19:55:00 2013)

 Preferred load address is 00000000

 Start         Length     Name                   Class
 0001:00000000 0000a5eaH .text                   CODE
 0002:00000000 00002847H .rdata                  DATA
 0002:00002848 000000a0H .rdata$debug            DATA
 0003:00000000 00000e84H .data                   DATA
 0003:00000e84 00000050H .bss                    DATA
 0004:00000000 00000050H .edata                  DATA

  Address         Publics by Value              Rva+Base       Lib:Object

 0001:00000000       __DriverUnloadHandler      00001000 f   UefiDriverEntryPoint:DriverEntryPoint.obj
 0001:00000023       __ModuleEntryPoint         00001023 f   UefiDriverEntryPoint:DriverEntryPoint.obj
 0001:0000009b       _ProcessLibraryConstructorList 0000109b f   IScsiDxe:AutoGen.obj
 0001:0000021d       _ProcessLibraryDestructorList 0000121d f   IScsiDxe:AutoGen.obj
 0001:00000262       _IScsiDriverBindingSupported 00001262 f   IScsiDxe:IScsiDriver.obj
 0001:00000308       _IScsiDriverBindingStart   00001308 f   IScsiDxe:IScsiDriver.obj
 0001:00000418       _IScsiDriverBindingStop    00001418 f   IScsiDxe:IScsiDriver.obj
 0001:000005af       _EfiIScsiUnload            000015af f   IScsiDxe:IScsiDriver.obj
 0001:00000649       _IScsiDriverEntryPoint     00001649 f   IScsiDxe:IScsiDriver.obj
 0001:0000072f       _StrTrim                   0000172f f   IScsiDxe:IScsiMisc.obj
 0001:000007b7       _IScsiGetSubnetMaskPrefixLength 000017b7 f   IScsiDxe:IScsiMisc.obj
 0001:000007f6       _IScsiAsciiStrToLun        000017f6 f   IScsiDxe:IScsiMisc.obj
 0001:000008bf       _IScsiLunToUnicodeStr      000018bf f   IScsiDxe:IScsiMisc.obj
 0001:000009a9       _IScsiAsciiStrToUnicodeStr 000019a9 f   IScsiDxe:IScsiMisc.obj
 0001:000009fd       _IScsiUnicodeStrToAsciiStr 000019fd f   IScsiDxe:IScsiMisc.obj
 0001:00000a69       _IScsiAsciiStrToIp         00001a69 f   IScsiDxe:IScsiMisc.obj
 0001:00000ac8       _IScsiMacAddrToStr         00001ac8 f   IScsiDxe:IScsiMisc.obj
 0001:00000b40       _IScsiBinToHex             00001b40 f   IScsiDxe:IScsiMisc.obj
 0001:00000bae       _IScsiHexToBin             00001bae f   IScsiDxe:IScsiMisc.obj
 0001:00000c3f       _IScsiGenRandom            00001c3f f   IScsiDxe:IScsiMisc.obj
 0001:00000ca4       _IScsiCreateDriverData     00001ca4 f   IScsiDxe:IScsiMisc.obj
 0001:00000d62       _IScsiCleanDriverData      00001d62 f   IScsiDxe:IScsiMisc.obj
 0001:00000dba       _IScsiGetConfigData        00001dba f   IScsiDxe:IScsiMisc.obj
 0001:00000eb6       _IScsiGetTcpConnDevicePath 00001eb6 f   IScsiDxe:IScsiMisc.obj
 0001:00000f87       _IScsiOnExitBootService    00001f87 f   IScsiDxe:IScsiMisc.obj
 0001:00000fa1       _IScsiComponentNameGetDriverName 00001fa1 f   IScsiDxe:ComponentName.obj
 0001:00000fcb       _IScsiComponentNameGetControllerName 00001fcb f   IScsiDxe:ComponentName.obj
 0001:0000102c       _IScsiCheckSN              0000202c f   IScsiDxe:IScsiProto.obj
 0001:00001063       _IScsiUpdateCmdSN          00002063 f   IScsiDxe:IScsiProto.obj
 0001:000010da       _IScsiConnLogin            000020da f   IScsiDxe:IScsiProto.obj
 0001:000011b5       _IScsiConnReset            000021b5 f   IScsiDxe:IScsiProto.obj
 0001:000011e8       _IScsiCreateConnection     000021e8 f   IScsiDxe:IScsiProto.obj
 0001:000012fa       _IScsiDestroyConnection    000022fa f   IScsiDxe:IScsiProto.obj
 0001:00001376       _IScsiSessionLogin         00002376 f   IScsiDxe:IScsiProto.obj
 0001:0000144b       _IScsiAddKeyValuePair      0000244b f   IScsiDxe:IScsiProto.obj
 0001:00001515       _IScsiPrepareLoginReq      00002515 f   IScsiDxe:IScsiProto.obj
 0001:0000163a       _IScsiProcessLoginRsp      0000263a f   IScsiDxe:IScsiProto.obj
 0001:0000187a       _IScsiUpdateTargetAddress  0000287a f   IScsiDxe:IScsiProto.obj
 0001:00001922       _IScsiFreeNbufList         00002922 f   IScsiDxe:IScsiProto.obj
 0001:00001950       _IScsiNbufExtFree          00002950 f   IScsiDxe:IScsiProto.obj
 0001:00001951       _IScsiReceivePdu           00002951 f   IScsiDxe:IScsiProto.obj
 0001:00001b61       _IScsiCheckOpParams        00002b61 f   IScsiDxe:IScsiProto.obj
 0001:00001f4c       _IScsiFillOpParams         00002f4c f   IScsiDxe:IScsiProto.obj
 0001:0000221b       _IScsiBuildKeyValueList    0000321b f   IScsiDxe:IScsiProto.obj
 0001:000022af       _IScsiGetValueByKeyFromList 000032af f   IScsiDxe:IScsiProto.obj
 0001:000022ed       _IScsiFreeKeyValueList     000032ed f   IScsiDxe:IScsiProto.obj
 0001:00002311       _IScsiNormalizeName        00003311 f   IScsiDxe:IScsiProto.obj
 0001:0000236b       _IScsiNewTcb               0000336b f   IScsiDxe:IScsiProto.obj
 0001:00002416       _IScsiNewDataSegment       00003416 f   IScsiDxe:IScsiProto.obj
 0001:00002452       _IScsiNewScsiCmdPdu        00003452 f   IScsiDxe:IScsiProto.obj
 0001:000026a5       _IScsiNewDataOutPdu        000036a5 f   IScsiDxe:IScsiProto.obj
 0001:000027d3       _IScsiGenerateDataOutPduSequence 000037d3 f   IScsiDxe:IScsiProto.obj
 0001:00002890       _IScsiSendDataOutPduSequence 00003890 f   IScsiDxe:IScsiProto.obj
 0001:000028e2       _IScsiOnDataInRcvd         000038e2 f   IScsiDxe:IScsiProto.obj
 0001:000029cb       _IScsiOnR2TRcvd            000039cb f   IScsiDxe:IScsiProto.obj
 0001:00002aa0       _IScsiOnScsiRspRcvd        00003aa0 f   IScsiDxe:IScsiProto.obj
 0001:00002c38       _IScsiOnNopInRcvd          00003c38 f   IScsiDxe:IScsiProto.obj
 0001:00002cb0       _IScsiExecuteScsiCommand   00003cb0 f   IScsiDxe:IScsiProto.obj
 0001:00003011       _IScsiSessionInit          00004011 f   IScsiDxe:IScsiProto.obj
 0001:000030b5       _IScsiSessionAbort         000040b5 f   IScsiDxe:IScsiProto.obj
 0001:00003191       _IScsiIpToStr              00004191 f   IScsiDxe:IScsiConfig.obj
 0001:000031b7       _IScsiParseIsIdFromString  000041b7 f   IScsiDxe:IScsiConfig.obj
 0001:00003241       _IScsiConvertIsIdToString  00004241 f   IScsiDxe:IScsiConfig.obj
 0001:0000328b       _IScsiUpdateDeviceList     0000428b f   IScsiDxe:IScsiConfig.obj
 0001:00003562       _IScsiConvertDeviceConfigDataToIfrNvData 00004562 f   IScsiDxe:IScsiConfig.obj
 0001:00003666       _IScsiFormExtractConfig    00004666 f   IScsiDxe:IScsiConfig.obj
 0001:0000385f       _IScsiFormRouteConfig      0000485f f   IScsiDxe:IScsiConfig.obj
 0001:0000389f       _IScsiFormCallback         0000489f f   IScsiDxe:IScsiConfig.obj
 0001:00003f6f       _IScsiConfigUpdateForm     00004f6f f   IScsiDxe:IScsiConfig.obj
 0001:00004277       _IScsiConfigFormInit       00005277 f   IScsiDxe:IScsiConfig.obj
 0001:0000438c       _IScsiConfigFormUnload     0000538c f   IScsiDxe:IScsiConfig.obj
 0001:00004404       _IScsiGetInitiatorName     00005404 f   IScsiDxe:IScsiInitiatorName.obj
 0001:00004438       _IScsiSetInitiatorName     00005438 f   IScsiDxe:IScsiInitiatorName.obj
 0001:00004489       _IScsiInitIbfTableHeader   00005489 f   IScsiDxe:IScsiIbft.obj
 0001:000044d3       _IScsiAddHeapItem          000054d3 f   IScsiDxe:IScsiIbft.obj
 0001:000044f4       _IScsiFillInitiatorSection 000054f4 f   IScsiDxe:IScsiIbft.obj
 0001:000045bc       _IScsiMapV4ToV6Addr        000055bc f   IScsiDxe:IScsiIbft.obj
 0001:000045e6       _IScsiGetNICPciLocation    000055e6 f   IScsiDxe:IScsiIbft.obj
 0001:00004672       _IScsiFillNICAndTargetSections 00005672 f   IScsiDxe:IScsiIbft.obj
 0001:00004964       _IScsiPublishIbft          00005964 f   IScsiDxe:IScsiIbft.obj
 0001:00004b27       _IScsiExtScsiPassThruFunction 00005b27 f   IScsiDxe:IScsiExtScsiPassThru.obj
 0001:00004b99       _IScsiExtScsiPassThruGetNextTargetLun 00005b99 f   IScsiDxe:IScsiExtScsiPassThru.obj
 0001:00004c2a       _IScsiExtScsiPassThruBuildDevicePath 00005c2a f   IScsiDxe:IScsiExtScsiPassThru.obj
 0001:00004d16       _IScsiExtScsiPassThruGetTargetLun 00005d16 f   IScsiDxe:IScsiExtScsiPassThru.obj
 0001:00004db5       _IScsiExtScsiPassThruResetTargetLun 00005db5 f   IScsiDxe:IScsiExtScsiPassThru.obj
 0001:00004db5       _IScsiExtScsiPassThruResetChannel 00005db5 f   IScsiDxe:IScsiExtScsiPassThru.obj
 0001:00004dbb       _IScsiExtScsiPassThruGetNextTarget 00005dbb f   IScsiDxe:IScsiExtScsiPassThru.obj
 0001:00004dfd       _IScsiDhcpExtractRootPath  00005dfd f   IScsiDxe:IScsiDhcp.obj
 0001:00004fd8       _IScsiDhcpSelectOffer      00005fd8 f   IScsiDxe:IScsiDhcp.obj
 0001:00005087       _IScsiParseDhcpAck         00006087 f   IScsiDxe:IScsiDhcp.obj
 0001:000051bc       _IScsiDoDhcp               000061bc f   IScsiDxe:IScsiDhcp.obj
 0001:00005338       _Tcp4IoCommonNotify        00006338 f   IScsiDxe:IScsiTcp4Io.obj
 0001:00005340       _Tcp4IoCreateSocket        00006340 f   IScsiDxe:IScsiTcp4Io.obj
 0001:000055c1       _Tcp4IoConnect             000065c1 f   IScsiDxe:IScsiTcp4Io.obj
 0001:0000560a       _Tcp4IoTransmit            0000660a f   IScsiDxe:IScsiTcp4Io.obj
 0001:00005687       _Tcp4IoReceive             00006687 f   IScsiDxe:IScsiTcp4Io.obj
 0001:000057a7       _IScsiCHAPCalculateResponse 000067a7 f   IScsiDxe:IScsiCHAP.obj
 0001:00005832       _IScsiCHAPAuthTarget       00006832 f   IScsiDxe:IScsiCHAP.obj
 0001:00005890       _IScsiCHAPOnRspReceived    00006890 f   IScsiDxe:IScsiCHAP.obj
 0001:00005ad1       _IScsiCHAPToSendReq        00006ad1 f   IScsiDxe:IScsiCHAP.obj
 0001:00005cf9       _Tf1                       00006cf9 f   IScsiDxe:Md5.obj
 0001:00005d0c       _Tf2                       00006d0c f   IScsiDxe:Md5.obj
 0001:00005d21       _Tf3                       00006d21 f   IScsiDxe:Md5.obj
 0001:00005d2e       _Tf4                       00006d2e f   IScsiDxe:Md5.obj
 0001:00005d3d       _MD5Transform              00006d3d f   IScsiDxe:Md5.obj
 0001:00005e3a       _MD5UpdateBlock            00006e3a f   IScsiDxe:Md5.obj
 0001:00005e90       _MD5Update                 00006e90 f   IScsiDxe:Md5.obj
 0001:00005eb1       _MD5Final                  00006eb1 f   IScsiDxe:Md5.obj
 0001:00005f59       _DebugPrint                00006f59 f   PeiDxeDebugLibReportStatusCode:DebugLib.obj
 0001:000060c4       _DebugAssert               000070c4 f   PeiDxeDebugLibReportStatusCode:DebugLib.obj
 0001:00006163       _IsDevicePathValid         00007163 f   UefiDevicePathLib:UefiDevicePathLib.obj
 0001:000061b2       _DevicePathType            000071b2 f   UefiDevicePathLib:UefiDevicePathLib.obj
 0001:000061d0       _DevicePathSubType         000071d0 f   UefiDevicePathLib:UefiDevicePathLib.obj
 0001:000061f1       _DevicePathNodeLength      000071f1 f   UefiDevicePathLib:UefiDevicePathLib.obj
 0001:00006239       _NextDevicePathNode        00007239 f   UefiDevicePathLib:UefiDevicePathLib.obj
 0001:00006260       _IsDevicePathEndType       00007260 f   UefiDevicePathLib:UefiDevicePathLib.obj
 0001:0000628a       _IsDevicePathEnd           0000728a f   UefiDevicePathLib:UefiDevicePathLib.obj
 0001:000062c4       _SetDevicePathNodeLength   000072c4 f   UefiDevicePathLib:UefiDevicePathLib.obj
 0001:00006327       _GetDevicePathSize         00007327 f   UefiDevicePathLib:UefiDevicePathLib.obj
 0001:00006362       _DuplicateDevicePath       00007362 f   UefiDevicePathLib:UefiDevicePathLib.obj
 0001:0000637b       _DevicePathFromHandle      0000737b f   UefiDevicePathLib:UefiDevicePathLib.obj
 0001:000063a2       _InternalAllocatePool      000073a2 f   UefiMemoryAllocationLib:MemoryAllocationLib.obj
 0001:000063c6       _InternalAllocateZeroPool  000073c6 f   UefiMemoryAllocationLib:MemoryAllocationLib.obj
 0001:000063de       _InternalAllocateCopyPool  000073de f   UefiMemoryAllocationLib:MemoryAllocationLib.obj
 0001:00006437       _InternalReallocatePool    00007437 f   UefiMemoryAllocationLib:MemoryAllocationLib.obj
 0001:00006475       _FreePool                  00007475 f   UefiMemoryAllocationLib:MemoryAllocationLib.obj
 0001:000064ae       _CopyMem                   000074ae f   BaseMemoryLibOptDxe:CopyMemWrapper.obj
 0001:00006513       _ZeroMem                   00007513 f   BaseMemoryLibOptDxe:ZeroMemWrapper.obj
 0001:0000655c       _CompareMem                0000755c f   BaseMemoryLibOptDxe:CompareMemWrapper.obj
 0001:000065eb       _CopyGuid                  000075eb f   BaseMemoryLibOptDxe:MemLibGuid.obj
 0001:0000661b       _CompareGuid               0000761b f   BaseMemoryLibOptDxe:MemLibGuid.obj
 0001:0000667a       _SetMem                    0000767a f   BaseMemoryLibOptDxe:SetMemWrapper.obj
 0001:000066b3       _StrCpy                    000076b3 f   BaseLib:String.obj
 0001:0000674a       _StrLen                    0000774a f   BaseLib:String.obj
 0001:000067b2       _StrSize                   000077b2 f   BaseLib:String.obj
 0001:000067c1       _StrnCmp                   000077c1 f   BaseLib:String.obj
 0001:00006854       _StrStr                    00007854 f   BaseLib:String.obj
 0001:000068ed       _InternalHexCharToUintn    000078ed f   BaseLib:String.obj
 0001:00006918       _InternalIsHexaDecimalDigitCharacter 00007918 f   BaseLib:String.obj
 0001:0000693f       _StrHexToUintn             0000793f f   BaseLib:String.obj
 0001:000069f5       _InternalAsciiIsHexaDecimalDigitCharacter 000079f5 f   BaseLib:String.obj
 0001:00006a16       _AsciiStrCpy               00007a16 f   BaseLib:String.obj
 0001:00006a90       _AsciiStrLen               00007a90 f   BaseLib:String.obj
 0001:00006adb       _AsciiStrCmp               00007adb f   BaseLib:String.obj
 0001:00006b37       _InternalAsciiHexCharToUintn 00007b37 f   BaseLib:String.obj
 0001:00006b5f       _AsciiStrnCmp              00007b5f f   BaseLib:String.obj
 0001:00006be9       _AsciiStrDecimalToUintn    00007be9 f   BaseLib:String.obj
 0001:00006c64       _AsciiStrHexToUint64       00007c64 f   BaseLib:String.obj
 0001:00006d7c       _InternalBaseLibIsNodeInList 00007d7c f   BaseLib:LinkedList.obj
 0001:00006e09       _InitializeListHead        00007e09 f   BaseLib:LinkedList.obj
 0001:00006e2e       _InsertTailList            00007e2e f   BaseLib:LinkedList.obj
 0001:00006e68       _IsListEmpty               00007e68 f   BaseLib:LinkedList.obj
 0001:00006e94       _RemoveEntryList           00007e94 f   BaseLib:LinkedList.obj
 0001:00006ec8       _SwapBytes32               00007ec8 f   BaseLib:SwapBytes32.obj
 0001:00006ee1       _CalculateCheckSum8        00007ee1 f   BaseLib:CheckSum.obj
 0001:00006f37       _ReadUnaligned16           00007f37 f   BaseLib:Unaligned.obj
 0001:00006f56       _ReadUnaligned24           00007f56 f   BaseLib:Unaligned.obj
 0001:00006f79       _ReadUnaligned32           00007f79 f   BaseLib:Unaligned.obj
 0001:00006f99       _ReadUnaligned64           00007f99 f   BaseLib:Unaligned.obj
 0001:00006fbc       _WriteUnaligned64          00007fbc f   BaseLib:Unaligned.obj
 0001:00006fe7       _RShiftU64                 00007fe7 f   BaseLib:RShiftU64.obj
 0001:0000700c       _UnicodeSPrint             0000800c f   BasePrintLib:PrintLib.obj
 0001:00007061       _UnicodeValueToString      00008061 f   BasePrintLib:PrintLib.obj
 0001:00007099       _AsciiSPrint               00008099 f   BasePrintLib:PrintLib.obj
 0001:000070b6       _BasePrintLibFillBuffer    000080b6 f   BasePrintLib:PrintLibInternal.obj
 0001:000070ea       _BasePrintLibValueToString 000080ea f   BasePrintLib:PrintLibInternal.obj
 0001:0000714d       _BasePrintLibConvertValueToString 0000814d f   BasePrintLib:PrintLibInternal.obj
 0001:000072dd       _BasePrintLibSPrintMarker  000082dd f   BasePrintLib:PrintLibInternal.obj
 0001:00007e8f       _BasePrintLibSPrint        00008e8f f   BasePrintLib:PrintLibInternal.obj
 0001:00007eae       _CompareIso639LanguageCode 00008eae f   UefiLib:UefiLib.obj
 0001:00007ec8       _EfiGetSystemConfigurationTable 00008ec8 f   UefiLib:UefiLib.obj
 0001:00007f22       _LookupUnicodeString2      00008f22 f   UefiLib:UefiLib.obj
 0001:00008013       _EfiLibInstallDriverBindingComponentName2 00009013 f   UefiLib:UefiDriverModel.obj
 0001:0000808b       _CreatePopUp               0000908b f   UefiLib:Console.obj
 0001:00008385       _GetHobList                00009385 f   DxeHobLib:HobLib.obj
 0001:000083a7       _GetNextHob                000093a7 f   DxeHobLib:HobLib.obj
 0001:000083e4       _GetDebugPrintErrorLevel   000093e4 f   DxeDebugPrintErrorLevelLib:DxeDebugPrintErrorLevelLib.obj
 0001:000084da       _GetDebugMask              000094da f   DxeDebugPrintErrorLevelLib:DxeDebugPrintErrorLevelLib.obj
 0001:000084f2       _SetDebugMask              000094f2 f   DxeDebugPrintErrorLevelLib:DxeDebugPrintErrorLevelLib.obj
 0001:000084fe       _UefiHiiServicesLibConstructor 000094fe f   UefiHiiServicesLib:UefiHiiServicesLib.obj
 0001:000085eb       _HiiAddPackages            000095eb f   UefiHiiLib:HiiLib.obj
 0001:000086d4       _InternalHiiBlockToConfig  000096d4 f   UefiHiiLib:HiiLib.obj
 0001:0000873d       _InternalHiiBrowserCallback 0000973d f   UefiHiiLib:HiiLib.obj
 0001:000087fa       _HiiConstructConfigHdr     000097fa f   UefiHiiLib:HiiLib.obj
 0001:0000898f       _InternalHiiCompareSubString 0000998f f   UefiHiiLib:HiiLib.obj
 0001:00008a61       _HiiIsConfigHdrMatch       00009a61 f   UefiHiiLib:HiiLib.obj
 0001:00008acf       _HiiGetBrowserData         00009acf f   UefiHiiLib:HiiLib.obj
 0001:00008b66       _HiiSetBrowserData         00009b66 f   UefiHiiLib:HiiLib.obj
 0001:00008c00       _HiiAllocateOpCodeHandle   00009c00 f   UefiHiiLib:HiiLib.obj
 0001:00008c3b       _HiiFreeOpCodeHandle       00009c3b f   UefiHiiLib:HiiLib.obj
 0001:00008c6a       _InternalHiiGrowOpCodeHandle 00009c6a f   UefiHiiLib:HiiLib.obj
 0001:00008ce1       _InternalHiiCreateOpCodeExtended 00009ce1 f   UefiHiiLib:HiiLib.obj
 0001:00008d58       _HiiCreateGuidOpCode       00009d58 f   UefiHiiLib:HiiLib.obj
 0001:00008d90       _InternalHiiUpdateFormPackageData 00009d90 f   UefiHiiLib:HiiLib.obj
 0001:00008fd0       _HiiUpdateForm             00009fd0 f   UefiHiiLib:HiiLib.obj
 0001:000091d9       _HiiSetString              0000a1d9 f   UefiHiiLib:HiiString.obj
 0001:000092a3       _HiiGetSupportedLanguages  0000a2a3 f   UefiHiiLib:HiiLanguage.obj
 0001:0000931a       _NetIp4IsUnicast           0000a31a f   DxeNetLib:DxeNetLib.obj
 0001:0000937c       _NetListRemoveHead         0000a37c f   DxeNetLib:DxeNetLib.obj
 0001:000093bb       _NetLibCreateServiceChild  0000a3bb f   DxeNetLib:DxeNetLib.obj
 0001:00009413       _NetLibDestroyServiceChild 0000a413 f   DxeNetLib:DxeNetLib.obj
 0001:00009466       _NetLibGetSnpHandle        0000a466 f   DxeNetLib:DxeNetLib.obj
 0001:000094f4       _NetLibGetVlanId           0000a4f4 f   DxeNetLib:DxeNetLib.obj
 0001:0000952b       _NetLibGetMacAddress       0000a52b f   DxeNetLib:DxeNetLib.obj
 0001:0000963f       _NetLibDetectMedia         0000a63f f   DxeNetLib:DxeNetLib.obj
 0001:000097fd       _NetLibGetNicHandle        0000a7fd f   DxeNetLib:DxeNetLib.obj
 0001:0000985c       _NetbufAllocStruct         0000a85c f   DxeNetLib:NetBuffer.obj
 0001:000098df       _NetbufAlloc               0000a8df f   DxeNetLib:NetBuffer.obj
 0001:0000994a       _NetbufFreeVector          0000a94a f   DxeNetLib:NetBuffer.obj
 0001:000099f1       _NetbufFree                0000a9f1 f   DxeNetLib:NetBuffer.obj
 0001:00009a5d       _NetbufFreeList            0000aa5d f   DxeNetLib:NetBuffer.obj
 0001:00009acb       _NetbufGetByte             0000aacb f   DxeNetLib:NetBuffer.obj
 0001:00009b34       _NetbufSetBlock            0000ab34 f   DxeNetLib:NetBuffer.obj
 0001:00009bca       _NetbufFromExt             0000abca f   DxeNetLib:NetBuffer.obj
 0001:00009c63       _NetbufBuildExt            0000ac63 f   DxeNetLib:NetBuffer.obj
 0001:00009cab       _NetbufFromBufList         0000acab f   DxeNetLib:NetBuffer.obj
 0001:00009d8f       _NetbufAllocSpace          0000ad8f f   DxeNetLib:NetBuffer.obj
 0001:00009e58       _NetblockTrim              0000ae58 f   DxeNetLib:NetBuffer.obj
 0001:00009e91       _NetbufTrim                0000ae91 f   DxeNetLib:NetBuffer.obj
 0001:00009f26       _NetbufCopy                0000af26 f   DxeNetLib:NetBuffer.obj
 0001:0000a060       _NetbufQueInit             0000b060 f   DxeNetLib:NetBuffer.obj
 0001:0000a08a       _NetbufQueAppend           0000b08a f   DxeNetLib:NetBuffer.obj
 0001:0000a0ea       _NetbufQueCopy             0000b0ea f   DxeNetLib:NetBuffer.obj
 0001:0000a215       _NetbufQueFlush            0000b215 f   DxeNetLib:NetBuffer.obj
 0001:0000a24b       _InternalGetReportStatusCode 0000b24b f   DxeReportStatusCodeLib:ReportStatusCodeLib.obj
 0001:0000a28c       _InternalReportStatusCode  0000b28c f   DxeReportStatusCodeLib:ReportStatusCodeLib.obj
 0001:0000a2d3       _ReportStatusCodeEx        0000b2d3 f   DxeReportStatusCodeLib:ReportStatusCodeLib.obj
 0001:0000a424       _SetMem16                  0000b424 f   BaseMemoryLibOptDxe:SetMem16Wrapper.obj
 0001:0000a4c0       _InternalMemCopyMem        0000b4c0 f   BaseMemoryLibOptDxe:CopyMem.obj
 0001:0000a530       _InternalMemZeroMem        0000b530 f   BaseMemoryLibOptDxe:ZeroMem.obj
 0001:0000a550       _InternalMemCompareMem     0000b550 f   BaseMemoryLibOptDxe:CompareMem.obj
 0001:0000a570       _InternalMemSetMem         0000b570 f   BaseMemoryLibOptDxe:SetMem.obj
 0001:0000a59c       _InternalMemSetMem32       0000b59c f   BaseMemoryLibOptDxe:SetMem32.obj
 0001:0000a5b4       _InternalMemSetMem64       0000b5b4 f   BaseMemoryLibOptDxe:SetMem64.obj
 0001:0000a5d4       _InternalMemSetMem16       0000b5d4 f   BaseMemoryLibOptDxe:SetMem16.obj
 0002:00000038       ??_C@_0CB@DMEJJJHA@?6ASSERT_EFI_ERROR?5?$CIStatus?5?$DN?5?$CFr?$CJ?6@ 0000c038     UefiDriverEntryPoint:DriverEntryPoint.obj
 0002:0000005c       ??_C@_0BE@DCHLEIGN@?$CBEFI_ERROR?5?$CIStatus?$CJ?$AA@ 0000c05c     UefiDriverEntryPoint:DriverEntryPoint.obj
 0002:00000070       ??_C@_0EG@POHNLCG@d?3?2myworkspace?2MdePkg?2Library?2Ue@ 0000c070     UefiDriverEntryPoint:DriverEntryPoint.obj
 0002:000000b8       __gUefiDriverRevision      0000c0b8     IScsiDxe:AutoGen.obj
 0002:000000c0       _Md5HashPadding            0000c0c0     IScsiDxe:Md5.obj
 0002:00000140       _Md5_T                     0000c140     IScsiDxe:Md5.obj
 0002:00000240       _Md5_F                     0000c240     IScsiDxe:Md5.obj
 0002:00000250       _Md5_S                     0000c250     IScsiDxe:Md5.obj
 0002:00000290       _Md5_Data                  0000c290     IScsiDxe:Md5.obj
 0002:000002b0       ??_C@_0HE@MCAPGCLB@d?3?2myworkspace?2Build?2NT32?2DEBUG_@ 0000c2b0     IScsiDxe:AutoGen.obj
 0002:00000324       ??_C@_0BF@NDBIKIKC@CR?5has?5Bad?5Signature?$AA@ 0000c324     IScsiDxe:IScsiDriver.obj
 0002:00000340       ??_C@_0EF@MGBHBBDM@d?3?2myworkspace?2MdeModulePkg?2Univ@ 0000c340     IScsiDxe:IScsiDriver.obj
 0002:00000388       ??_C@_0CH@BBNBJKHK@?$CB?$CI?$CI?$CIINTN?$CJ?$CIRETURN_STATUS?$CJ?$CIStatus?$CJ@ 0000c388     IScsiDxe:IScsiDriver.obj
 0002:000003b0       ??_C@_15BIBPCOBC@?$AA0?$AA?9?$AA?$AA@ 0000c3b0     IScsiDxe:IScsiMisc.obj
 0002:000003b8       ??_C@_0BM@NLNKOJGD@Destination?5?$CB?$DN?5?$CI?$CIvoid?5?$CK?$CJ?50?$CJ?$AA@ 0000c3b8     IScsiDxe:IScsiMisc.obj
 0002:000003d8       ??_C@_0ED@ILPFJCMN@d?3?2myworkspace?2MdeModulePkg?2Univ@ 0000c3d8     IScsiDxe:IScsiMisc.obj
 0002:0000041c       ??_C@_0BH@GAGHCOEK@Source?5?$CB?$DN?5?$CI?$CIvoid?5?$CK?$CJ?50?$CJ?$AA@ 0000c41c     IScsiDxe:IScsiMisc.obj
 0002:00000434       ??_C@_0BA@MFHLDCJH@?$CKSource?5?$DM?50x100?$AA@ 0000c434     IScsiDxe:IScsiMisc.obj
 0002:00000444       ??_C@_1M@KAICHIDM@?$AA?2?$AA?$CF?$AA0?$AA4?$AAx?$AA?$AA@ 0000c444     IScsiDxe:IScsiMisc.obj
 0002:00000450       ??_C@_0M@JADJBBKG@Status?5?$DN?$DN?50?$AA@ 0000c450     IScsiDxe:IScsiMisc.obj
 0002:0000045c       _IScsiHexString            0000c45c     IScsiDxe:IScsiMisc.obj
 0002:00000474       ??_C@_03LKLGDMJI@eng?$AA@  0000c474     IScsiDxe:ComponentName.obj
 0002:00000478       ??_C@_02LFNMGJAP@en?$AA@   0000c478     IScsiDxe:ComponentName.obj
 0002:0000047c       ??_C@_06DALJLGPG@eng?$DLen?$AA@ 0000c47c     IScsiDxe:ComponentName.obj
 0002:00000484       ??_C@_1BK@DKDHMMII@?$AAi?$AAS?$AAC?$AAS?$AAI?$AA?5?$AAD?$AAr?$AAi?$AAv?$AAe?$AAr?$AA?$AA@ 0000c484     IScsiDxe:ComponentName.obj
 0002:000004a0       ??_C@_1BK@LGJMLKIF@?$AAi?$AAS?$AAC?$AAS?$AAI?$AA?5?$AA?$CI?$AAI?$AAP?$AAv?$AA4?$AA?$CJ?$AA?$AA@ 0000c4a0     IScsiDxe:ComponentName.obj
 0002:000004bc       ??_C@_0BE@OAEFJCLC@Pdu?5?$CB?$DN?5?$CI?$CIvoid?5?$CK?$CJ?50?$CJ?$AA@ 0000c4bc     IScsiDxe:IScsiProto.obj
 0002:000004d0       ??_C@_0EE@NENHDHIM@d?3?2myworkspace?2MdeModulePkg?2Univ@ 0000c4d0     IScsiDxe:IScsiProto.obj
 0002:00000514       ??_C@_0BJ@GKJFHBIK@LoginReq?5?$CB?$DN?5?$CI?$CIvoid?5?$CK?$CJ?50?$CJ?$AA@ 0000c514     IScsiDxe:IScsiProto.obj
 0002:00000530       ??_C@_0O@DMHNKPDD@TargetAddress?$AA@ 0000c530     IScsiDxe:IScsiProto.obj
 0002:00000540       ??_C@_0BE@MAANAFFD@Arg?5?$CB?$DN?5?$CI?$CIvoid?5?$CK?$CJ?50?$CJ?$AA@ 0000c540     IScsiDxe:IScsiProto.obj
 0002:00000554       ??_C@_0BH@OPPDEAFF@Header?5?$CB?$DN?5?$CI?$CIvoid?5?$CK?$CJ?50?$CJ?$AA@ 0000c554     IScsiDxe:IScsiProto.obj
 0002:0000056c       ??_C@_0BJ@OKLBHGHH@Conn?9?$DORspQue?4BufNum?5?$CB?$DN?50?$AA@ 0000c56c     IScsiDxe:IScsiProto.obj
 0002:00000588       ??_C@_0N@LDJCJGDI@HeaderDigest?$AA@ 0000c588     IScsiDxe:IScsiProto.obj
 0002:00000598       ??_C@_05MHNOECFO@CRC32?$AA@ 0000c598     IScsiDxe:IScsiProto.obj
 0002:000005a0       ??_C@_04OHJIHAFH@None?$AA@ 0000c5a0     IScsiDxe:IScsiProto.obj
 0002:000005a8       ??_C@_0L@NIHDLAKD@DataDigest?$AA@ 0000c5a8     IScsiDxe:IScsiProto.obj
 0002:000005b4       ??_C@_0BD@OAAHBPKN@ErrorRecoveryLevel?$AA@ 0000c5b4     IScsiDxe:IScsiProto.obj
 0002:000005c8       ??_C@_0L@DHPBNECN@InitialR2T?$AA@ 0000c5c8     IScsiDxe:IScsiProto.obj
 0002:000005d4       ??_C@_03CCLAEDDF@Yes?$AA@  0000c5d4     IScsiDxe:IScsiProto.obj
 0002:000005d8       ??_C@_0O@GKGOMOLB@ImmediateData?$AA@ 0000c5d8     IScsiDxe:IScsiProto.obj
 0002:000005e8       ??_C@_0BJ@FCLHOFCN@MaxRecvDataSegmentLength?$AA@ 0000c5e8     IScsiDxe:IScsiProto.obj
 0002:00000604       ??_C@_0P@KOEHAIP@MaxBurstLength?$AA@ 0000c604     IScsiDxe:IScsiProto.obj
 0002:00000614       ??_C@_0BB@IPNJPAAG@FirstBurstLength?$AA@ 0000c614     IScsiDxe:IScsiProto.obj
 0002:00000628       ??_C@_0P@DDHINENC@MaxConnections?$AA@ 0000c628     IScsiDxe:IScsiProto.obj
 0002:00000638       ??_C@_0P@BAPPFDGI@DataPDUInOrder?$AA@ 0000c638     IScsiDxe:IScsiProto.obj
 0002:00000648       ??_C@_0BE@KICALKDN@DataSequenceInOrder?$AA@ 0000c648     IScsiDxe:IScsiProto.obj
 0002:0000065c       ??_C@_0BB@HADJICGK@DefaultTime2Wait?$AA@ 0000c65c     IScsiDxe:IScsiProto.obj
 0002:00000670       ??_C@_0BD@BGMCDOLB@DefaultTime2Retain?$AA@ 0000c670     IScsiDxe:IScsiProto.obj
 0002:00000684       ??_C@_0BC@HPPCAHHC@MaxOutstandingR2T?$AA@ 0000c684     IScsiDxe:IScsiProto.obj
 0002:00000698       ??_C@_0M@CNGHNCIE@SessionType?$AA@ 0000c698     IScsiDxe:IScsiProto.obj
 0002:000006a4       ??_C@_0M@PDHAICBK@TargetAlias?$AA@ 0000c6a4     IScsiDxe:IScsiProto.obj
 0002:000006b0       ??_C@_0BF@IANBPGNJ@TargetPortalGroupTag?$AA@ 0000c6b0     IScsiDxe:IScsiProto.obj
 0002:000006c8       ??_C@_0L@LNPOJIAE@None?0CRC32?$AA@ 0000c6c8     IScsiDxe:IScsiProto.obj
 0002:000006d4       ??_C@_02ECNOPIAA@?$CFa?$AA@ 0000c6d4     IScsiDxe:IScsiProto.obj
 0002:000006d8       ??_C@_02DPKJAMEF@?$CFd?$AA@ 0000c6d8     IScsiDxe:IScsiProto.obj
 0002:000006dc       ??_C@_02JINPPBEP@No?$AA@   0000c6dc     IScsiDxe:IScsiProto.obj
 0002:000006e0       ??_C@_04DHDCDFCB@iqn?4?$AA@ 0000c6e0     IScsiDxe:IScsiProto.obj
 0002:000006e8       ??_C@_0BE@CLBLKENM@Tcb?5?$CB?$DN?5?$CI?$CIvoid?5?$CK?$CJ?50?$CJ?$AA@ 0000c6e8     IScsiDxe:IScsiProto.obj
 0002:000006fc       ??_C@_0BL@BOPOPEDB@DataOutHdr?5?$CB?$DN?5?$CI?$CIvoid?5?$CK?$CJ?50?$CJ?$AA@ 0000c6fc     IScsiDxe:IScsiProto.obj
 0002:00000718       ??_C@_0BE@HBMFBHOI@Session?9?$DOState?5?$DN?$DN?51?$AA@ 0000c718     IScsiDxe:IScsiProto.obj
 0002:0000072c       ??_C@_0BP@GEGOHMJ@?$CBIsListEmpty?5?$CI?$CGSession?9?$DOConns?$CJ?$AA@ 0000c72c     IScsiDxe:IScsiProto.obj
 0002:0000074c       ??_C@_1BI@FCMLLAGN@?$AA?$CF?$AAd?$AA?4?$AA?$CF?$AAd?$AA?4?$AA?$CF?$AAd?$AA?4?$AA?$CF?$AAd?$AA?$AA@ 0000c74c     IScsiDxe:IScsiConfig.obj
 0002:00000768       ??_C@_1HA@KJBBBCOH@?$AAE?$AAr?$AAr?$AAo?$AAr?$AA?$CB?$AA?5?$AAI?$AAn?$AAp?$AAu?$AAt?$AA?5?$AAi?$AAs?$AA?5?$AAi?$AAn?$AAc?$AAo?$AAr?$AAr?$AAe?$AAc?$AAt?$AA?0?$AA?5?$AAp?$AAl?$AAe?$AAa?$AAs@ 0000c768     IScsiDxe:IScsiConfig.obj
 0002:000007d8       ??_C@_17EGMIMACD@?$AA0?$AA?$CF?$AAX?$AA?$AA@ 0000c7d8     IScsiDxe:IScsiConfig.obj
 0002:000007e0       ??_C@_15BHOFONJE@?$AA?$CF?$AAX?$AA?$AA@ 0000c7e0     IScsiDxe:IScsiConfig.obj
 0002:000007e8       ??_C@_1CA@MCCBLOMA@?$AAi?$AAS?$AAC?$AAS?$AAI?$AAD?$AAe?$AAv?$AAi?$AAc?$AAe?$AAL?$AAi?$AAs?$AAt?$AA?$AA@ 0000c7e8     IScsiDxe:IScsiConfig.obj
 0002:00000808       ??_C@_0EF@CBIOCOLG@d?3?2myworkspace?2MdeModulePkg?2Univ@ 0000c808     IScsiDxe:IScsiConfig.obj
 0002:00000850       ??_C@_0BK@BGHCOFOE@IfrNvData?5?$CB?$DN?5?$CI?$CIvoid?5?$CK?$CJ?50?$CJ?$AA@ 0000c850     IScsiDxe:IScsiConfig.obj
 0002:0000086c       ??_C@_1O@LFMAFHMH@?$AAO?$AAF?$AAF?$AAS?$AAE?$AAT?$AA?$AA@ 0000c86c     IScsiDxe:IScsiConfig.obj
 0002:0000087c       ??_C@_0BO@KAEFIFMO@ConfigRequest?5?$CB?$DN?5?$CI?$CIvoid?5?$CK?$CJ?50?$CJ?$AA@ 0000c87c     IScsiDxe:IScsiConfig.obj
 0002:0000089c       ??_C@_1DC@EPJEBJEB@?$AA?$CF?$AAs?$AA?$CG?$AAO?$AAF?$AAF?$AAS?$AAE?$AAT?$AA?$DN?$AA0?$AA?$CG?$AAW?$AAI?$AAD?$AAT?$AAH?$AA?$DN?$AA?$CF?$AA0?$AA1?$AA6?$AAL?$AAX?$AA?$AA@ 0000c89c     IScsiDxe:IScsiConfig.obj
 0002:000008d0       ??_C@_0CA@PIEMJNID@ConfigFormEntry?5?$CB?$DN?5?$CI?$CIvoid?5?$CK?$CJ?50?$CJ?$AA@ 0000c8d0     IScsiDxe:IScsiConfig.obj
 0002:000008f0       ??_C@_1BA@OBBKIEDJ@?$AAP?$AAo?$AAr?$AAt?$AA?5?$AA?$CF?$AAs?$AA?$AA@ 0000c8f0     IScsiDxe:IScsiConfig.obj
 0002:00000900       ??_C@_1CI@GPNFKPNE@?$AAI?$AAn?$AAv?$AAa?$AAl?$AAi?$AAd?$AA?5?$AAi?$AAS?$AAC?$AAS?$AAI?$AA?5?$AAN?$AAa?$AAm?$AAe?$AA?$CB?$AA?$AA@ 0000c900     IScsiDxe:IScsiConfig.obj
 0002:00000928       ??_C@_1CI@LMPBJGDM@?$AAI?$AAn?$AAv?$AAa?$AAl?$AAi?$AAd?$AA?5?$AAI?$AAP?$AA?5?$AAa?$AAd?$AAd?$AAr?$AAe?$AAs?$AAs?$AA?$CB?$AA?$AA@ 0000c928     IScsiDxe:IScsiConfig.obj
 0002:00000950       ??_C@_1CK@EKOBMLHN@?$AAI?$AAn?$AAv?$AAa?$AAl?$AAi?$AAd?$AA?5?$AAS?$AAu?$AAb?$AAn?$AAe?$AAt?$AA?5?$AAM?$AAa?$AAs?$AAk?$AA?$CB?$AA?$AA@ 0000c950     IScsiDxe:IScsiConfig.obj
 0002:0000097c       ??_C@_1CC@EECKCHGK@?$AAI?$AAn?$AAv?$AAa?$AAl?$AAi?$AAd?$AA?5?$AAG?$AAa?$AAt?$AAe?$AAw?$AAa?$AAy?$AA?$CB?$AA?$AA@ 0000c97c     IScsiDxe:IScsiConfig.obj
 0002:000009a0       ??_C@_1CI@GENBJJAB@?$AAI?$AAn?$AAv?$AAa?$AAl?$AAi?$AAd?$AA?5?$AAL?$AAU?$AAN?$AA?5?$AAs?$AAt?$AAr?$AAi?$AAn?$AAg?$AA?$CB?$AA?$AA@ 0000c9a0     IScsiDxe:IScsiConfig.obj
 0002:000009c8       ??_C@_1GA@GADAOPJN@?$AAG?$AAa?$AAt?$AAe?$AAw?$AAa?$AAy?$AA?5?$AAa?$AAd?$AAd?$AAr?$AAe?$AAs?$AAs?$AA?5?$AAi?$AAs?$AA?5?$AAs?$AAe?$AAt?$AA?5?$AAb?$AAu?$AAt?$AA?5?$AAs?$AAu?$AAb?$AAn?$AAe@ 0000c9c8     IScsiDxe:IScsiConfig.obj
 0002:00000a28       ??_C@_1GC@NOKIOPCN@?$AAL?$AAo?$AAc?$AAa?$AAl?$AA?5?$AAI?$AAP?$AA?5?$AAa?$AAn?$AAd?$AA?5?$AAG?$AAa?$AAt?$AAe?$AAw?$AAa?$AAy?$AA?5?$AAa?$AAr?$AAe?$AA?5?$AAn?$AAo?$AAt?$AA?5?$AAi?$AAn?$AA?5@ 0000ca28     IScsiDxe:IScsiConfig.obj
 0002:00000a8c       ??_C@_1CM@DIGHAABF@?$AAT?$AAa?$AAr?$AAg?$AAe?$AAt?$AA?5?$AAI?$AAP?$AA?5?$AAi?$AAs?$AA?5?$AAi?$AAn?$AAv?$AAa?$AAl?$AAi?$AAd?$AA?$CB?$AA?$AA@ 0000ca8c     IScsiDxe:IScsiConfig.obj
 0002:00000ab8       ??_C@_1EK@CICAMCED@?$AAC?$AAH?$AAA?$AAP?$AA?5?$AAN?$AAa?$AAm?$AAe?$AA?5?$AAo?$AAr?$AA?5?$AAC?$AAH?$AAA?$AAP?$AA?5?$AAS?$AAe?$AAc?$AAr?$AAe?$AAt?$AA?5?$AAi?$AAs?$AA?5?$AAi?$AAn?$AAv?$AAa@ 0000cab8     IScsiDxe:IScsiConfig.obj
 0002:00000b08       ??_C@_1GK@ILMFAFOE@?$AAR?$AAe?$AAv?$AAe?$AAr?$AAs?$AAe?$AA?5?$AAC?$AAH?$AAA?$AAP?$AA?5?$AAN?$AAa?$AAm?$AAe?$AA?5?$AAo?$AAr?$AA?5?$AAR?$AAe?$AAv?$AAe?$AAr?$AAs?$AAe?$AA?5?$AAC?$AAH?$AAA@ 0000cb08     IScsiDxe:IScsiConfig.obj
 0002:00000b78       ??_C@_1EI@ODFJFDLG@?$AAS?$AAe?$AAt?$AA?5?$AAt?$AAh?$AAe?$AA?5?$AAi?$AAS?$AAC?$AAS?$AAI?$AA?5?$AAp?$AAa?$AAr?$AAa?$AAm?$AAe?$AAt?$AAe?$AAr?$AAs?$AA?5?$AAo?$AAn?$AA?5?$AAp?$AAo?$AAr?$AAt@ 0000cb78     IScsiDxe:IScsiConfig.obj
 0002:00000bc0       ??_C@_0N@PFKOCDGC@EntryExisted?$AA@ 0000cbc0     IScsiDxe:IScsiConfig.obj
 0002:00000bd0       ??_C@_0CC@PIBHJFDN@StartOpCodeHandle?5?$CB?$DN?5?$CI?$CIvoid?5?$CK?$CJ?50@ 0000cbd0     IScsiDxe:IScsiConfig.obj
 0002:00000bf4       ??_C@_0CA@FMKGPAPI@EndOpCodeHandle?5?$CB?$DN?5?$CI?$CIvoid?5?$CK?$CJ?50?$CJ?$AA@ 0000cbf4     IScsiDxe:IScsiConfig.obj
 0002:00000c14       ??_C@_1O@PFAMAPCJ@?$AAI?$AA_?$AAN?$AAA?$AAM?$AAE?$AA?$AA@ 0000cc14     IScsiDxe:IScsiInitiatorName.obj
 0002:00000c24       ??_C@_0BC@FEDIJHFF@?$CI?$CIBOOLEAN?$CJ?$CI0?$DN?$DN1?$CJ?$CJ?$AA@ 0000cc24     IScsiDxe:IScsiIbft.obj
 0002:00000c38       ??_C@_0ED@HALDDBMJ@d?3?2myworkspace?2MdeModulePkg?2Univ@ 0000cc38     IScsiDxe:IScsiIbft.obj
 0002:00000c80       ??_C@_0EO@BLDNPJA@d?3?2myworkspace?2MdeModulePkg?2Univ@ 0000cc80     IScsiDxe:IScsiExtScsiPassThru.obj
 0002:00000cd0       ??_C@_06DELMHKOB@iscsi?3?$AA@ 0000ccd0     IScsiDxe:IScsiDhcp.obj
 0002:00000cd8       ??_C@_0BI@GHHLBLGE@Conn?9?$DOCurrentStage?5?$DN?$DN?50?$AA@ 0000ccd8     IScsiDxe:IScsiCHAP.obj
 0002:00000cf0       ??_C@_0ED@COEFIDKK@d?3?2myworkspace?2MdeModulePkg?2Univ@ 0000ccf0     IScsiDxe:IScsiCHAP.obj
 0002:00000d34       ??_C@_0L@PAKANODK@AuthMethod?$AA@ 0000cd34     IScsiDxe:IScsiCHAP.obj
 0002:00000d40       ??_C@_04LDMNOAAK@CHAP?$AA@ 0000cd40     IScsiDxe:IScsiCHAP.obj
 0002:00000d48       ??_C@_06NEGHKOPG@CHAP_A?$AA@ 0000cd48     IScsiDxe:IScsiCHAP.obj
 0002:00000d50       ??_C@_06BMLOCEPO@CHAP_I?$AA@ 0000cd50     IScsiDxe:IScsiCHAP.obj
 0002:00000d58       ??_C@_06OGFBMMHE@CHAP_C?$AA@ 0000cd58     IScsiDxe:IScsiCHAP.obj
 0002:00000d60       ??_C@_0CD@KMKPGMAP@AuthData?9?$DOAuthConfig?4CHAPType?5?$DN?$DN@ 0000cd60     IScsiDxe:IScsiCHAP.obj
 0002:00000d84       ??_C@_06FDPPLCDJ@CHAP_N?$AA@ 0000cd84     IScsiDxe:IScsiCHAP.obj
 0002:00000d8c       ??_C@_06LFIIOPGE@CHAP_R?$AA@ 0000cd8c     IScsiDxe:IScsiCHAP.obj
 0002:00000d94       ??_C@_0O@IHIGCLKB@InitiatorName?$AA@ 0000cd94     IScsiDxe:IScsiCHAP.obj
 0002:00000da4       ??_C@_06EFAGIKOH@Normal?$AA@ 0000cda4     IScsiDxe:IScsiCHAP.obj
 0002:00000dac       ??_C@_0L@BDKAFAEA@TargetName?$AA@ 0000cdac     IScsiDxe:IScsiCHAP.obj
 0002:00000db8       ??_C@_0BH@LKMBFCBF@Format?5?$CB?$DN?5?$CI?$CIvoid?5?$CK?$CJ?50?$CJ?$AA@ 0000cdb8     PeiDxeDebugLibReportStatusCode:DebugLib.obj
 0002:00000dd0       ??_C@_0FJ@PPEMNEPO@d?3?2myworkspace?2IntelFrameworkMod@ 0000cdd0     PeiDxeDebugLibReportStatusCode:DebugLib.obj
 0002:00000e2c       ??_C@_0CI@HIINONDG@?$CICHAR8?5?$CK?$CJBaseListMarker?5?$DM?$DN?5Forma@ 0000ce2c     PeiDxeDebugLibReportStatusCode:DebugLib.obj
 0002:00000e54       ??_C@_0BH@IACGKAP@Buffer?5?$CB?$DN?5?$CI?$CIvoid?5?$CK?$CJ?50?$CJ?$AA@ 0000ce54     PeiDxeDebugLibReportStatusCode:DebugLib.obj
 0002:00000e6c       ??_C@_0BL@JFODOCGB@DevicePath?5?$CB?$DN?5?$CI?$CIvoid?5?$CK?$CJ?50?$CJ?$AA@ 0000ce6c     UefiDevicePathLib:UefiDevicePathLib.obj
 0002:00000e88       ??_C@_0EE@FMLOGMHH@d?3?2myworkspace?2MdePkg?2Library?2Ue@ 0000ce88     UefiDevicePathLib:UefiDevicePathLib.obj
 0002:00000ecc       ??_C@_0BF@CBLMFKOC@Node?5?$CB?$DN?5?$CI?$CIvoid?5?$CK?$CJ?50?$CJ?$AA@ 0000cecc     UefiDevicePathLib:UefiDevicePathLib.obj
 0002:00000ee4       ??_C@_0CM@OCJNHBHB@Length?5?$DO?$DN?5sizeof?5?$CIEFI_DEVICE_PAT@ 0000cee4     UefiDevicePathLib:UefiDevicePathLib.obj
 0002:00000f10       ??_C@_0EH@ENCEEKKL@?$CILength?5?$DO?$DN?5sizeof?5?$CIEFI_DEVICE_PA@ 0000cf10     UefiDevicePathLib:UefiDevicePathLib.obj
 0002:00000f58       ??_C@_0EM@MDJMIFIM@d?3?2myworkspace?2MdePkg?2Library?2Ue@ 0000cf58     UefiMemoryAllocationLib:MemoryAllocationLib.obj
 0002:00000fa4       ??_C@_0DE@FCAJAHCJ@AllocationSize?5?$DM?$DN?5?$CI0xFFFFFFFF?5?9?5@ 0000cfa4     UefiMemoryAllocationLib:MemoryAllocationLib.obj
 0002:00000fd8       ??_C@_0DI@PHOMHDKH@?$CILength?5?9?51?$CJ?5?$DM?$DN?5?$CI0xFFFFFFFF?5?9?5?$CIU@ 0000cfd8     BaseMemoryLibOptDxe:CopyMemWrapper.obj
 0002:00001010       ??_C@_0ED@GBCNNLAE@d?3?2myworkspace?2MdePkg?2Library?2Ba@ 0000d010     BaseMemoryLibOptDxe:CopyMemWrapper.obj
 0002:00001054       ??_C@_0DD@DCDOHCDJ@?$CILength?5?9?51?$CJ?5?$DM?$DN?5?$CI0xFFFFFFFF?5?9?5?$CIU@ 0000d054     BaseMemoryLibOptDxe:CopyMemWrapper.obj
 0002:00001088       ??_C@_0CI@MNELLLEK@?$CB?$CIBuffer?5?$DN?$DN?5?$CI?$CIvoid?5?$CK?$CJ?50?$CJ?5?$CG?$CG?5Leng@ 0000d088     BaseMemoryLibOptDxe:ZeroMemWrapper.obj
 0002:000010b0       ??_C@_0ED@NFIPLKMD@d?3?2myworkspace?2MdePkg?2Library?2Ba@ 0000d0b0     BaseMemoryLibOptDxe:ZeroMemWrapper.obj
 0002:000010f4       ??_C@_0CL@OBMFBPED@Length?5?$DM?$DN?5?$CI0xFFFFFFFF?5?9?5?$CIUINTN?$CJB@ 0000d0f4     BaseMemoryLibOptDxe:ZeroMemWrapper.obj
 0002:00001120       ??_C@_0CC@JOEHDGKB@DestinationBuffer?5?$CB?$DN?5?$CI?$CIvoid?5?$CK?$CJ?50@ 0000d120     BaseMemoryLibOptDxe:CompareMemWrapper.obj
 0002:00001148       ??_C@_0EG@KIBCAHOO@d?3?2myworkspace?2MdePkg?2Library?2Ba@ 0000d148     BaseMemoryLibOptDxe:CompareMemWrapper.obj
 0002:00001190       ??_C@_0BN@MDMCNBCC@SourceBuffer?5?$CB?$DN?5?$CI?$CIvoid?5?$CK?$CJ?50?$CJ?$AA@ 0000d190     BaseMemoryLibOptDxe:CompareMemWrapper.obj
 0002:000011b0       ??_C@_0CN@BPIPMCPJ@?$CILength?5?9?51?$CJ?5?$DM?$DN?5?$CI0xFFFFFFFF?5?9?5?$CIU@ 0000d1b0     BaseMemoryLibOptDxe:SetMemWrapper.obj
 0002:000011e0       ??_C@_0EC@KILAAFLC@d?3?2myworkspace?2MdePkg?2Library?2Ba@ 0000d1e0     BaseMemoryLibOptDxe:SetMemWrapper.obj
 0002:00001224       ??_C@_0CO@LECKNDNC@?$CI?$CI?$CIUINTN?$CJBuffer?$CJ?5?$CG?5?$CIsizeof?5?$CIValu@ 0000d224     BaseMemoryLibOptDxe:SetMem32Wrapper.obj
 0002:00001254       ??_C@_0CF@LEICOABD@?$CILength?5?$CG?5?$CIsizeof?5?$CIValue?$CJ?5?9?51?$CJ?$CJ?5@ 0000d254     BaseMemoryLibOptDxe:SetMem32Wrapper.obj
 0002:0000127c       ??_C@_0CP@EAMGNBHJ@d?3?2myworkspace?2MdePkg?2Library?2Ba@ 0000d27c     BaseLib:String.obj
 0002:000012ac       ??_C@_0CI@LLKACKFD@?$CI?$CIUINTN?$CJ?5Destination?5?$CG?50x0000000@ 0000d2ac     BaseLib:String.obj
 0002:000012d4       ??_C@_0DA@MIOLHJCL@?$CIUINTN?$CJ?$CIDestination?5?9?5Source?$CJ?5?$DO?5@ 0000d2d4     BaseLib:String.obj
 0002:00001304       ??_C@_0DA@KDPHFAHA@?$CIUINTN?$CJ?$CISource?5?9?5Destination?$CJ?5?$DO?5@ 0000d304     BaseLib:String.obj
 0002:00001334       ??_C@_0DL@LFIMEMJP@Length?5?$DM?$DN?5_gPcd_FixedAtBuild_Pcd@ 0000d334     BaseLib:String.obj
 0002:00001370       ??_C@_0BH@MAAHKCPC@String?5?$CB?$DN?5?$CI?$CIvoid?5?$CK?$CJ?50?$CJ?$AA@ 0000d370     BaseLib:String.obj
 0002:00001388       ??_C@_0CD@BDCLIGHD@?$CI?$CIUINTN?$CJ?5String?5?$CG?50x00000001?$CJ?5?$DN?$DN@ 0000d388     BaseLib:String.obj
 0002:000013ac       ??_C@_0DK@EOJCOAME@Length?5?$DM?5_gPcd_FixedAtBuild_PcdM@ 0000d3ac     BaseLib:String.obj
 0002:000013e8       ??_C@_0BL@JAAMOCAJ@StrSize?5?$CIFirstString?$CJ?5?$CB?$DN?50?$AA@ 0000d3e8     BaseLib:String.obj
 0002:00001404       ??_C@_0BM@DALBOILC@StrSize?5?$CISecondString?$CJ?5?$CB?$DN?50?$AA@ 0000d404     BaseLib:String.obj
 0002:00001420       ??_C@_0BG@KBNOLIGE@StrSize?5?$CIString?$CJ?5?$CB?$DN?50?$AA@ 0000d420     BaseLib:String.obj
 0002:00001438       ??_C@_0BM@NNBLOHJD@StrSize?5?$CISearchString?$CJ?5?$CB?$DN?50?$AA@ 0000d438     BaseLib:String.obj
 0002:00001454       ??_C@_0DD@FDKACFG@Result?5?$DM?$DN?5?$CI?$CI?$CI?$CIUINTN?$CJ?5?$HO0?$CJ?5?9?5?$CI?$CKStr@ 0000d454     BaseLib:String.obj
 0002:00001488       ??_C@_0ED@BNMFHFDG@Result?5?$DM?$DN?5?$CI?$CI?$CI?$CIUINTN?$CJ?5?$HO0?$CJ?5?9?5Inter@ 0000d488     BaseLib:String.obj
 0002:000014d0       ??_C@_0EL@OAPPFKCC@Result?5?$DM?$DN?5RShiftU64?5?$CI?$CI?$CIUINT64?$CJ?5?$HO@ 0000d4d0     BaseLib:String.obj
 0002:0000151c       ??_C@_0DF@CDKFFDDI@?$CIUINTN?$CJ?$CIDestination?5?9?5Source?$CJ?5?$DO?5@ 0000d51c     BaseLib:String.obj
 0002:00001554       ??_C@_0DF@CCGJKFCO@?$CIUINTN?$CJ?$CISource?5?9?5Destination?$CJ?5?$DO?5@ 0000d554     BaseLib:String.obj
 0002:0000158c       ??_C@_0DJ@JJHGIFMP@Length?5?$DM?$DN?5_gPcd_FixedAtBuild_Pcd@ 0000d58c     BaseLib:String.obj
 0002:000015c8       ??_C@_0DI@MDIKFADO@Length?5?$DM?5_gPcd_FixedAtBuild_PcdM@ 0000d5c8     BaseLib:String.obj
 0002:00001600       ??_C@_0BL@IKFBNFIL@AsciiStrSize?5?$CIFirstString?$CJ?$AA@ 0000d600     BaseLib:String.obj
 0002:0000161c       ??_C@_0BM@EDNOKLLE@AsciiStrSize?5?$CISecondString?$CJ?$AA@ 0000d61c     BaseLib:String.obj
 0002:00001638       ??_C@_0BL@OFIBAIAL@AsciiStrSize?5?$CIString?$CJ?5?$CB?$DN?50?$AA@ 0000d638     BaseLib:String.obj
 0002:00001654       ??_C@_0BF@NCKCLIEC@?$CK?$CIString?5?9?51?$CJ?5?$DN?$DN?5?80?8?$AA@ 0000d654     BaseLib:String.obj
 0002:0000166c       ??_C@_0BF@NJNGJMPC@List?5?$CB?$DN?5?$CI?$CIvoid?5?$CK?$CJ?50?$CJ?$AA@ 0000d66c     BaseLib:LinkedList.obj
 0002:00001684       ??_C@_0DD@EHJNIBEL@d?3?2myworkspace?2MdePkg?2Library?2Ba@ 0000d684     BaseLib:LinkedList.obj
 0002:000016b8       ??_C@_0CC@KDLPLAED@List?9?$DOForwardLink?5?$CB?$DN?5?$CI?$CIvoid?5?$CK?$CJ?50@ 0000d6b8     BaseLib:LinkedList.obj
 0002:000016dc       ??_C@_0BP@IJJCCMAK@List?9?$DOBackLink?5?$CB?$DN?5?$CI?$CIvoid?5?$CK?$CJ?50?$CJ?$AA@ 0000d6dc     BaseLib:LinkedList.obj
 0002:000016fc       ??_C@_0DG@IMEFJFAE@Count?5?$DM?5_gPcd_FixedAtBuild_PcdMa@ 0000d6fc     BaseLib:LinkedList.obj
 0002:00001734       ??_C@_0BJ@NJABNCDK@ListHead?5?$CB?$DN?5?$CI?$CIvoid?5?$CK?$CJ?50?$CJ?$AA@ 0000d734     BaseLib:LinkedList.obj
 0002:00001750       ??_C@_0EB@JGCKPMLP@InternalBaseLibIsNodeInList?5?$CILis@ 0000d750     BaseLib:LinkedList.obj
 0002:00001798       ??_C@_0EE@BFCMBGFO@InternalBaseLibIsNodeInList?5?$CILis@ 0000d798     BaseLib:LinkedList.obj
 0002:000017dc       ??_C@_0BF@NMBJJECB@?$CBIsListEmpty?5?$CIEntry?$CJ?$AA@ 0000d7dc     BaseLib:LinkedList.obj
 0002:000017f4       ??_C@_0DB@NLOAEGJN@d?3?2myworkspace?2MdePkg?2Library?2Ba@ 0000d7f4     BaseLib:CheckSum.obj
 0002:00001828       ??_C@_0CO@MIFOIBMA@Length?5?$DM?$DN?5?$CI0xFFFFFFFF?5?9?5?$CI?$CIUINTN?$CJ@ 0000d828     BaseLib:CheckSum.obj
 0002:00001858       ??_C@_0DC@NGPEEDEA@d?3?2myworkspace?2MdePkg?2Library?2Ba@ 0000d858     BaseLib:Unaligned.obj
 0002:0000188c       ??_C@_0N@KGHEHMDL@Divisor?5?$CB?$DN?50?$AA@ 0000d88c     BaseLib:DivU64x32.obj
 0002:0000189c       ??_C@_0BN@COECPDCC@gImageHandle?5?$CB?$DN?5?$CI?$CIvoid?5?$CK?$CJ?50?$CJ?$AA@ 0000d89c     UefiBootServicesTableLib:UefiBootServicesTableLib.obj
 0002:000018c0       ??_C@_0FC@CHGHPDAC@d?3?2myworkspace?2MdePkg?2Library?2Ue@ 0000d8c0     UefiBootServicesTableLib:UefiBootServicesTableLib.obj
 0002:00001914       ??_C@_0BE@DGNHAHIL@gST?5?$CB?$DN?5?$CI?$CIvoid?5?$CK?$CJ?50?$CJ?$AA@ 0000d914     UefiBootServicesTableLib:UefiBootServicesTableLib.obj
 0002:00001928       ??_C@_0BE@BDFJLGLN@gBS?5?$CB?$DN?5?$CI?$CIvoid?5?$CK?$CJ?50?$CJ?$AA@ 0000d928     UefiBootServicesTableLib:UefiBootServicesTableLib.obj
 0002:0000193c       ??_C@_0CI@BGLNHBLM@?$CI?$CI?$CIUINTN?$CJ?5?$CIStartOfBuffer?$CJ?$CJ?5?$CG?50x0@ 0000d93c     BasePrintLib:PrintLib.obj
 0002:00001964       ??_C@_0DG@PDLDNIEO@d?3?2myworkspace?2MdePkg?2Library?2Ba@ 0000d964     BasePrintLib:PrintLib.obj
 0002:0000199c       ??_C@_0CH@KJLBGOBB@?$CI?$CI?$CIUINTN?$CJ?5?$CIFormatString?$CJ?$CJ?5?$CG?50x01@ 0000d99c     BasePrintLib:PrintLib.obj
 0002:000019c4       ??_C@_0CB@LDBAOPMG@?$CI?$CI?$CIUINTN?$CJ?5?$CIBuffer?$CJ?$CJ?5?$CG?50x01?$CJ?5?$DN?$DN?50@ 0000d9c4     BasePrintLib:PrintLib.obj
 0002:000019e8       ??_C@_07PBILKAFL@Success?$AA@ 0000d9e8     BasePrintLib:PrintLibInternal.obj
 0002:000019f0       ??_C@_0BG@CFJMNNJK@Warning?5Unknown?5Glyph?$AA@ 0000d9f0     BasePrintLib:PrintLibInternal.obj
 0002:00001a08       ??_C@_0BH@GKKCJEPJ@Warning?5Delete?5Failure?$AA@ 0000da08     BasePrintLib:PrintLibInternal.obj
 0002:00001a20       ??_C@_0BG@ECIJMOED@Warning?5Write?5Failure?$AA@ 0000da20     BasePrintLib:PrintLibInternal.obj
 0002:00001a38       ??_C@_0BJ@ODIPDGHB@Warning?5Buffer?5Too?5Small?$AA@ 0000da38     BasePrintLib:PrintLibInternal.obj
 0002:00001a54       ??_C@_0L@PLPBEPPC@Load?5Error?$AA@ 0000da54     BasePrintLib:PrintLibInternal.obj
 0002:00001a60       ??_C@_0BC@HOFHKGJN@Invalid?5Parameter?$AA@ 0000da60     BasePrintLib:PrintLibInternal.obj
 0002:00001a74       ??_C@_0M@BEECMOIL@Unsupported?$AA@ 0000da74     BasePrintLib:PrintLibInternal.obj
 0002:00001a80       ??_C@_0BA@FLNMPMCF@Bad?5Buffer?5Size?$AA@ 0000da80     BasePrintLib:PrintLibInternal.obj
 0002:00001a90       ??_C@_0BB@EGELJFOB@Buffer?5Too?5Small?$AA@ 0000da90     BasePrintLib:PrintLibInternal.obj
 0002:00001aa4       ??_C@_09NKFGCIPN@Not?5Ready?$AA@ 0000daa4     BasePrintLib:PrintLibInternal.obj
 0002:00001ab0       ??_C@_0N@HHEABDHO@Device?5Error?$AA@ 0000dab0     BasePrintLib:PrintLibInternal.obj
 0002:00001ac0       ??_C@_0BA@LNEDDFNB@Write?5Protected?$AA@ 0000dac0     BasePrintLib:PrintLibInternal.obj
 0002:00001ad0       ??_C@_0BB@GOILNEAA@Out?5of?5Resources?$AA@ 0000dad0     BasePrintLib:PrintLibInternal.obj
 0002:00001ae4       ??_C@_0P@EIOJGIF@Volume?5Corrupt?$AA@ 0000dae4     BasePrintLib:PrintLibInternal.obj
 0002:00001af4       ??_C@_0M@HDLEPOFA@Volume?5Full?$AA@ 0000daf4     BasePrintLib:PrintLibInternal.obj
 0002:00001b00       ??_C@_08KEGAJDNN@No?5Media?$AA@ 0000db00     BasePrintLib:PrintLibInternal.obj
 0002:00001b0c       ??_C@_0O@JNCJKCCD@Media?5changed?$AA@ 0000db0c     BasePrintLib:PrintLibInternal.obj
 0002:00001b1c       ??_C@_09CFCBFJND@Not?5Found?$AA@ 0000db1c     BasePrintLib:PrintLibInternal.obj
 0002:00001b28       ??_C@_0O@NFHOBIDO@Access?5Denied?$AA@ 0000db28     BasePrintLib:PrintLibInternal.obj
 0002:00001b38       ??_C@_0M@ENKCBFEP@No?5Response?$AA@ 0000db38     BasePrintLib:PrintLibInternal.obj
 0002:00001b44       ??_C@_0L@IFPBNFC@No?5mapping?$AA@ 0000db44     BasePrintLib:PrintLibInternal.obj
 0002:00001b50       ??_C@_08PAFJCNGP@Time?5out?$AA@ 0000db50     BasePrintLib:PrintLibInternal.obj
 0002:00001b5c       ??_C@_0M@DCJFAFHJ@Not?5started?$AA@ 0000db5c     BasePrintLib:PrintLibInternal.obj
 0002:00001b68       ??_C@_0BA@IGIBFFPH@Already?5started?$AA@ 0000db68     BasePrintLib:PrintLibInternal.obj
 0002:00001b78       ??_C@_07LCKDCBKK@Aborted?$AA@ 0000db78     BasePrintLib:PrintLibInternal.obj
 0002:00001b80       ??_C@_0L@LKIFCMNO@ICMP?5Error?$AA@ 0000db80     BasePrintLib:PrintLibInternal.obj
 0002:00001b8c       ??_C@_0L@DJKNJKHM@TFTP?5Error?$AA@ 0000db8c     BasePrintLib:PrintLibInternal.obj
 0002:00001b98       ??_C@_0P@NCJHBCLM@Protocol?5Error?$AA@ 0000db98     BasePrintLib:PrintLibInternal.obj
 0002:00001ba8       ??_C@_0DO@GOAMAIEG@d?3?2myworkspace?2MdePkg?2Library?2Ba@ 0000dba8     BasePrintLib:PrintLibInternal.obj
 0002:00001be8       ??_C@_0L@ILDOPMPD@Width?5?$DM?538?$AA@ 0000dbe8     BasePrintLib:PrintLibInternal.obj
 0002:00001bf4       ??_C@_0CB@NIHAJGJE@StrSize?5?$CI?$CICHAR16?5?$CK?$CJ?5Format?$CJ?5?$CB?$DN?50@ 0000dbf4     BasePrintLib:PrintLibInternal.obj
 0002:00001c18       ??_C@_0BL@BFEFANFD@AsciiStrSize?5?$CIFormat?$CJ?5?$CB?$DN?50?$AA@ 0000dc18     BasePrintLib:PrintLibInternal.obj
 0002:00001c34       ??_C@_0O@MLOLIMFM@?$DMnull?5string?$DO?$AA@ 0000dc34     BasePrintLib:PrintLibInternal.obj
 0002:00001c44       ??_C@_0M@BJJDNPHK@?$DMnull?5guid?$DO?$AA@ 0000dc44     BasePrintLib:PrintLibInternal.obj
 0002:00001c50       ??_C@_0DB@PMLHLBMO@?$CF08x?9?$CF04x?9?$CF04x?9?$CF02x?$CF02x?9?$CF02x?$CF02x@ 0000dc50     BasePrintLib:PrintLibInternal.obj
 0002:00001c84       ??_C@_0M@LHGBCIKM@?$DMnull?5time?$DO?$AA@ 0000dc84     BasePrintLib:PrintLibInternal.obj
 0002:00001c90       ??_C@_0BK@FCPKCIDD@?$CF02d?1?$CF02d?1?$CF04d?5?5?$CF02d?3?$CF02d?$AA@ 0000dc90     BasePrintLib:PrintLibInternal.obj
 0002:00001cac       ??_C@_04JIMNDDED@?$CF08X?$AA@ 0000dcac     BasePrintLib:PrintLibInternal.obj
 0002:00001cb4       ??_C@_02PCIJFNDE@?$AN?6?$AA@ 0000dcb4     BasePrintLib:PrintLibInternal.obj
 0002:00001cb8       ??_C@_01LIIJDEN@?$AN?$AA@  0000dcb8     BasePrintLib:PrintLibInternal.obj
 0002:00001cc0       ??_C@_0EM@FPGGOFNC@?$CI?$CI?$CIFlags?5?$CG?50x00000040?$CJ?5?$DN?$DN?50?$CJ?$CJ?5?$HM?$HM@ 0000dcc0     BasePrintLib:PrintLibInternal.obj
 0002:00001d10       ??_C@_0EG@NFDMKACK@?$CI?$CI?$CIFlags?5?$CG?50x00000040?$CJ?5?$CB?$DN?50?$CJ?$CJ?5?$HM?$HM@ 0000dd10     BasePrintLib:PrintLibInternal.obj
 0002:00001d58       _mHexStr                   0000dd58     BasePrintLib:PrintLibInternal.obj
 0002:00001d68       ??_C@_0BE@OBDFIHND@gRT?5?$CB?$DN?5?$CI?$CIvoid?5?$CK?$CJ?50?$CJ?$AA@ 0000dd68     UefiRuntimeServicesTableLib:UefiRuntimeServicesTableLib.obj
 0002:00001d80       ??_C@_0FI@JAAEOOHA@d?3?2myworkspace?2MdePkg?2Library?2Ue@ 0000dd80     UefiRuntimeServicesTableLib:UefiRuntimeServicesTableLib.obj
 0002:00001dd8       ??_C@_0DI@EAKGNDEJ@d?3?2myworkspace?2MdePkg?2Library?2Ue@ 0000ddd8     UefiLib:UefiDriverModel.obj
 0002:00001e10       ??_C@_0BD@BHENKNKP@NumberOfLines?5?$CB?$DN?50?$AA@ 0000de10     UefiLib:Console.obj
 0002:00001e24       ??_C@_0DA@GLBNJFEJ@d?3?2myworkspace?2MdePkg?2Library?2Ue@ 0000de24     UefiLib:Console.obj
 0002:00001e54       ??_C@_0P@ICDOOCHP@MaxLength?5?$CB?$DN?50?$AA@ 0000de54     UefiLib:Console.obj
 0002:00001e64       ??_C@_0BF@DMEONNDO@Line?5?$CB?$DN?5?$CI?$CIvoid?5?$CK?$CJ?50?$CJ?$AA@ 0000de64     UefiLib:Console.obj
 0002:00001e7c       ??_C@_0DB@LFGOOKNH@d?3?2myworkspace?2MdePkg?2Library?2Dx@ 0000de7c     DxeHobLib:HobLib.obj
 0002:00001eb0       ??_C@_0BJ@OBFMLLDO@mHobList?5?$CB?$DN?5?$CI?$CIvoid?5?$CK?$CJ?50?$CJ?$AA@ 0000deb0     DxeHobLib:HobLib.obj
 0002:00001ecc       ??_C@_0BJ@NOLLDKJB@HobStart?5?$CB?$DN?5?$CI?$CIvoid?5?$CK?$CJ?50?$CJ?$AA@ 0000decc     DxeHobLib:HobLib.obj
 0002:00001ee8       ??_C@_1BC@DPOIABCP@?$AAE?$AAF?$AAI?$AAD?$AAe?$AAb?$AAu?$AAg?$AA?$AA@ 0000dee8     DxeDebugPrintErrorLevelLib:DxeDebugPrintErrorLevelLib.obj
 0002:00001f00       ??_C@_0EM@KKODNMEN@d?3?2myworkspace?2MdeModulePkg?2Libr@ 0000df00     UefiHiiServicesLib:UefiHiiServicesLib.obj
 0002:00001f4c       ??_C@_0DI@GMNKKHGK@d?3?2myworkspace?2MdeModulePkg?2Libr@ 0000df4c     UefiHiiLib:HiiLib.obj
 0002:00001f84       ??_C@_0CA@OEKIMLLB@PackageListGuid?5?$CB?$DN?5?$CI?$CIvoid?5?$CK?$CJ?50?$CJ?$AA@ 0000df84     UefiHiiLib:HiiLib.obj
 0002:00001fa4       ??_C@_0BK@KLJHMMPJ@HiiHandle?5?$CB?$DN?5?$CI?$CIvoid?5?$CK?$CJ?50?$CJ?$AA@ 0000dfa4     UefiHiiLib:HiiLib.obj
 0002:00001fc0       ??_C@_0BN@EHPNHAIF@ConfigString?5?$CB?$DN?5?$CI?$CIvoid?5?$CK?$CJ?50?$CJ?$AA@ 0000dfc0     UefiHiiLib:HiiLib.obj
 0002:00001fe0       ??_C@_0BG@MJAHJKJ@Block?5?$CB?$DN?5?$CI?$CIvoid?5?$CK?$CJ?50?$CJ?$AA@ 0000dfe0     UefiHiiLib:HiiLib.obj
 0002:00001ff8       ??_C@_1M@DPLGJLCD@?$AAG?$AAU?$AAI?$AAD?$AA?$DN?$AA?$AA@ 0000dff8     UefiHiiLib:HiiLib.obj
 0002:00002004       ??_C@_1O@FMIENBLJ@?$AA?$CG?$AAN?$AAA?$AAM?$AAE?$AA?$DN?$AA?$AA@ 0000e004     UefiHiiLib:HiiLib.obj
 0002:00002014       ??_C@_1O@GGMHNGIF@?$AA?$CG?$AAP?$AAA?$AAT?$AAH?$AA?$DN?$AA?$AA@ 0000e014     UefiHiiLib:HiiLib.obj
 0002:00002024       ??_C@_0BM@LENJOOBF@FirstString?5?$CB?$DN?5?$CI?$CIvoid?5?$CK?$CJ?50?$CJ?$AA@ 0000e024     UefiHiiLib:HiiLib.obj
 0002:00002040       ??_C@_0BN@CGMEJHHH@SecondString?5?$CB?$DN?5?$CI?$CIvoid?5?$CK?$CJ?50?$CJ?$AA@ 0000e040     UefiHiiLib:HiiLib.obj
 0002:00002060       ??_C@_0CC@BCKDEPBB@StartSearchString?5?$CB?$DN?5?$CI?$CIvoid?5?$CK?$CJ?50@ 0000e060     UefiHiiLib:HiiLib.obj
 0002:00002084       ??_C@_0CB@NPMPBLHL@StopSearchString?5?$CB?$DN?5?$CI?$CIvoid?5?$CK?$CJ?50?$CJ@ 0000e084     UefiHiiLib:HiiLib.obj
 0002:000020a8       ??_C@_0BK@LFDBOAFJ@ConfigHdr?5?$CB?$DN?5?$CI?$CIvoid?5?$CK?$CJ?50?$CJ?$AA@ 0000e0a8     UefiHiiLib:HiiLib.obj
 0002:000020c4       ??_C@_1M@IDEFLMF@?$AA?$CF?$AAs?$AA?$CG?$AA?$CF?$AAs?$AA?$AA@ 0000e0c4     UefiHiiLib:HiiLib.obj
 0002:000020d0       ??_C@_0BN@OKKMNGPH@OpCodeHandle?5?$CB?$DN?5?$CI?$CIvoid?5?$CK?$CJ?50?$CJ?$AA@ 0000e0d0     UefiHiiLib:HiiLib.obj
 0002:000020f0       ??_C@_0BP@IOABAFLF@OpCodeTemplate?5?$CB?$DN?5?$CI?$CIvoid?5?$CK?$CJ?50?$CJ?$AA@ 0000e0f0     UefiHiiLib:HiiLib.obj
 0002:00002110       ??_C@_0CF@DPHCOLMP@?$CIOpCodeSize?5?$CL?5ExtensionSize?$CJ?5?$DM?$DN?5@ 0000e110     UefiHiiLib:HiiLib.obj
 0002:00002138       _mConfigHdrTemplate        0000e138     UefiHiiLib:HiiLib.obj
 0002:000021a8       _mEndOfPakageList          0000e1a8     UefiHiiLib:HiiLib.obj
 0002:000021ac       ??_C@_0DL@BCGAILL@d?3?2myworkspace?2MdeModulePkg?2Libr@ 0000e1ac     UefiHiiLib:HiiString.obj
 0002:000021e8       ??_C@_0DN@BFBGDKNC@d?3?2myworkspace?2MdeModulePkg?2Libr@ 0000e1e8     UefiHiiLib:HiiLanguage.obj
 0002:00002228       ??_C@_0DK@KLPAOFNC@d?3?2myworkspace?2MdeModulePkg?2Libr@ 0000e228     DxeNetLib:DxeNetLib.obj
 0002:00002264       ??_C@_0BF@FBEMMEEB@Head?5?$CB?$DN?5?$CI?$CIvoid?5?$CK?$CJ?50?$CJ?$AA@ 0000e264     DxeNetLib:DxeNetLib.obj
 0002:00002280       ??_C@_0EG@FMMHPKDI@?$CIServiceBindingGuid?5?$CB?$DN?5?$CI?$CIvoid?5?$CK?$CJ@ 0000e280     DxeNetLib:DxeNetLib.obj
 0002:000022c8       ??_C@_0CD@PCCGAHJM@ServiceBindingGuid?5?$CB?$DN?5?$CI?$CIvoid?5?$CK?$CJ?5@ 0000e2c8     DxeNetLib:DxeNetLib.obj
 0002:000022ec       ??_C@_0BL@PMLJBBIE@MacAddress?5?$CB?$DN?5?$CI?$CIvoid?5?$CK?$CJ?50?$CJ?$AA@ 0000e2ec     DxeNetLib:DxeNetLib.obj
 0002:00002308       ??_C@_0BM@CDAGHOOA@AddressSize?5?$CB?$DN?5?$CI?$CIvoid?5?$CK?$CJ?50?$CJ?$AA@ 0000e308     DxeNetLib:DxeNetLib.obj
 0002:00002324       ??_C@_0BN@NHNKBDLL@MediaPresent?5?$CB?$DN?5?$CI?$CIvoid?5?$CK?$CJ?50?$CJ?$AA@ 0000e324     DxeNetLib:DxeNetLib.obj
 0002:00002344       ??_C@_0BM@CPKMECHF@MCastFilter?5?$CB?$DN?5?$CI?$CIvoid?5?$CK?$CJ?50?$CJ?$AA@ 0000e344     DxeNetLib:DxeNetLib.obj
 0002:00002360       ??_C@_0BA@MDHFKOHH@BlockOpNum?5?$DO?$DN?51?$AA@ 0000e360     DxeNetLib:NetBuffer.obj
 0002:00002370       ??_C@_0DK@LFNJLNLP@d?3?2myworkspace?2MdeModulePkg?2Libr@ 0000e370     DxeNetLib:NetBuffer.obj
 0002:000023ac       ??_C@_07DJKBCKNJ@Len?5?$DO?50?$AA@ 0000e3ac     DxeNetLib:NetBuffer.obj
 0002:000023b4       ??_C@_0BH@HKOFEGGJ@Vector?5?$CB?$DN?5?$CI?$CIvoid?5?$CK?$CJ?50?$CJ?$AA@ 0000e3b4     DxeNetLib:NetBuffer.obj
 0002:000023d0       ??_C@_0GP@BJHFFKHJ@?$CI?$CIVector?$CJ?5?$CB?$DN?5?$CI?$CIvoid?5?$CK?$CJ?50?$CJ?$CJ?5?$CG?$CG?5?$CI?$CI@ 0000e3d0     DxeNetLib:NetBuffer.obj
 0002:00002440       ??_C@_0BD@DIPGLBBO@Vector?9?$DORefCnt?5?$DO?50?$AA@ 0000e440     DxeNetLib:NetBuffer.obj
 0002:00002454       ??_C@_0BF@LJMLDKHP@Nbuf?5?$CB?$DN?5?$CI?$CIvoid?5?$CK?$CJ?50?$CJ?$AA@ 0000e454     DxeNetLib:NetBuffer.obj
 0002:00002470       ??_C@_0GL@IFMHLCLE@?$CI?$CINbuf?$CJ?5?$CB?$DN?5?$CI?$CIvoid?5?$CK?$CJ?50?$CJ?$CJ?5?$CG?$CG?5?$CI?$CINb@ 0000e470     DxeNetLib:NetBuffer.obj
 0002:000024dc       ??_C@_0BB@DOGOGLPG@Nbuf?9?$DORefCnt?5?$DO?50?$AA@ 0000e4dc     DxeNetLib:NetBuffer.obj
 0002:000024f0       ??_C@_0BD@CJPEEIBJ@IsListEmpty?5?$CIHead?$CJ?$AA@ 0000e4f0     DxeNetLib:NetBuffer.obj
 0002:00002508       ??_C@_0HL@FGMBHKJG@?$CI?$CINbuf?9?$DOVector?$CJ?5?$CB?$DN?5?$CI?$CIvoid?5?$CK?$CJ?50?$CJ?$CJ@ 0000e508     DxeNetLib:NetBuffer.obj
 0002:00002584       ??_C@_0BJ@KIFBBHL@Index?5?$DM?5Nbuf?9?$DOBlockOpNum?$AA@ 0000e584     DxeNetLib:NetBuffer.obj
 0002:000025a0       ??_C@_0EL@JHACLFKC@?$CIExtFragment?5?$CB?$DN?5?$CI?$CIvoid?5?$CK?$CJ?50?$CJ?$CJ?5?$CG?$CG@ 0000e5a0     DxeNetLib:NetBuffer.obj
 0002:000025ec       ??_C@_0DE@CILPCCFL@?$CIBlockOp?5?$CB?$DN?5?$CI?$CIvoid?5?$CK?$CJ?50?$CJ?$CJ?5?$CG?$CG?5?$CIBl@ 0000e5ec     DxeNetLib:NetBuffer.obj
 0002:00002620       ??_C@_04IFLCJLKB@Dest?$AA@ 0000e620     DxeNetLib:NetBuffer.obj
 0002:00002628       ??_C@_0HB@ILKEBNKK@?$CI?$CINbufQue?$CJ?5?$CB?$DN?5?$CI?$CIvoid?5?$CK?$CJ?50?$CJ?$CJ?5?$CG?$CG?5?$CI@ 0000e628     DxeNetLib:NetBuffer.obj
 0002:0000269c       ??_C@_0BF@CPBCKIGP@Dest?5?$CB?$DN?5?$CI?$CIvoid?5?$CK?$CJ?50?$CJ?$AA@ 0000e69c     DxeNetLib:NetBuffer.obj
 0002:000026b8       ??_C@_0FB@ILKBFLFI@d?3?2myworkspace?2MdeModulePkg?2Libr@ 0000e6b8     DxeReportStatusCodeLib:ReportStatusCodeLib.obj
 0002:0000270c       ??_C@_0DN@HHIHPHHB@?$CB?$CI?$CIExtendedData?5?$DN?$DN?5?$CI?$CIvoid?5?$CK?$CJ?50?$CJ?$CJ@ 0000e70c     DxeReportStatusCodeLib:ReportStatusCodeLib.obj
 0002:0000274c       ??_C@_0DN@BBBIFINB@?$CB?$CI?$CIExtendedData?5?$CB?$DN?5?$CI?$CIvoid?5?$CK?$CJ?50?$CJ?$CJ@ 0000e74c     DxeReportStatusCodeLib:ReportStatusCodeLib.obj
 0002:0000278c       ??_C@_0DI@MIEIGAOH@Status?5code?5extended?5data?5is?5too@ 0000e78c     DxeReportStatusCodeLib:ReportStatusCodeLib.obj
 0002:000027c8       ??_C@_0EE@DPMGMAIC@d?3?2myworkspace?2MdePkg?2Library?2Ba@ 0000e7c8     BaseMemoryLibOptDxe:SetMem16Wrapper.obj
 0002:0000280c       ??_C@_0DL@HKFHNCLF@d?3?2myworkspace?2MdePkg?2Library?2Ba@ 0000e80c     BaseLib:DivU64x32Remainder.obj
 0003:00000000       _gEfiLoadedImageProtocolGuid 0000f000     IScsiDxe:AutoGen.obj
 0003:00000010       _gEfiIfrTianoGuid          0000f010     IScsiDxe:AutoGen.obj
 0003:00000020       _gEfiHiiFontProtocolGuid   0000f020     IScsiDxe:AutoGen.obj
 0003:00000030       _IScsiDxeStrings           0000f030     IScsiDxe:AutoGen.obj
 0003:00000798       _gIScsiDriverBinding       0000f798     IScsiDxe:IScsiDriver.obj
 0003:000007b0       _mIScsiHiiVendorDevicePath 0000f7b0     IScsiDxe:IScsiConfig.obj
 0003:000007c8       _mIScsiConfigFormList      0000f7c8     IScsiDxe:IScsiConfig.obj
 0003:000007d0       _mVendorStorageName        0000f7d0     IScsiDxe:IScsiConfig.obj
 0003:00000800       _gIScsiInitiatorName       0000f800     IScsiDxe:IScsiInitiatorName.obj
 0003:00000808       _gIScsiExtScsiPassThruProtocolTemplate 0000f808     IScsiDxe:IScsiExtScsiPassThru.obj
 0003:00000828       _IScsiConfigDxeBin         0000f828     IScsiDxe:IScsiConfigDxe.obj
 0003:00000b20       _mDebugMaskProtocol        0000fb20     DxeDebugPrintErrorLevelLib:DxeDebugPrintErrorLevelLib.obj
 0003:00000b30       _gEfiDebugMaskProtocolGuid 0000fb30     IScsiDxe:AutoGen.obj
 0003:00000b40       _gEfiHiiDatabaseProtocolGuid 0000fb40     IScsiDxe:AutoGen.obj
 0003:00000b50       _gEfiHiiConfigRoutingProtocolGuid 0000fb50     IScsiDxe:AutoGen.obj
 0003:00000b60       _gEfiComponentName2ProtocolGuid 0000fb60     IScsiDxe:AutoGen.obj
 0003:00000b70       _gEfiFormBrowser2ProtocolGuid 0000fb70     IScsiDxe:AutoGen.obj
 0003:00000b80       _gEfiHobListGuid           0000fb80     IScsiDxe:AutoGen.obj
 0003:00000b90       _gEfiManagedNetworkServiceBindingProtocolGuid 0000fb90     IScsiDxe:AutoGen.obj
 0003:00000ba0       _gEfiHiiImageProtocolGuid  0000fba0     IScsiDxe:AutoGen.obj
 0003:00000bb0       _gEfiAcpiTableGuid         0000fbb0     IScsiDxe:AutoGen.obj
 0003:00000bc0       _gEfiTcp4ServiceBindingProtocolGuid 0000fbc0     IScsiDxe:AutoGen.obj
 0003:00000bd0       _gEfiDevicePathProtocolGuid 0000fbd0     IScsiDxe:AutoGen.obj
 0003:00000be0       _gIScsiCHAPAuthInfoGuid    0000fbe0     IScsiDxe:AutoGen.obj
 0003:00000bf0       _gEfiPciIoProtocolGuid     0000fbf0     IScsiDxe:AutoGen.obj
 0003:00000c00       _gEfiDhcp4ServiceBindingProtocolGuid 0000fc00     IScsiDxe:AutoGen.obj
 0003:00000c10       _gEfiEventExitBootServicesGuid 0000fc10     IScsiDxe:AutoGen.obj
 0003:00000c20       _gEfiHiiStringProtocolGuid 0000fc20     IScsiDxe:AutoGen.obj
 0003:00000c30       _gEfiDhcp4ProtocolGuid     0000fc30     IScsiDxe:AutoGen.obj
 0003:00000c40       _gIp4IScsiConfigGuid       0000fc40     IScsiDxe:AutoGen.obj
 0003:00000c50       _gEfiGenericVariableGuid   0000fc50     IScsiDxe:AutoGen.obj
 0003:00000c60       _gEfiSimpleNetworkProtocolGuid 0000fc60     IScsiDxe:AutoGen.obj
 0003:00000c70       _gEfiExtScsiPassThruProtocolGuid 0000fc70     IScsiDxe:AutoGen.obj
 0003:00000c80       _gEfiCallerIdGuid          0000fc80     IScsiDxe:AutoGen.obj
 0003:00000c90       _gEfiAcpi10TableGuid       0000fc90     IScsiDxe:AutoGen.obj
 0003:00000ca0       _gEfiTcp4ProtocolGuid      0000fca0     IScsiDxe:AutoGen.obj
 0003:00000cb0       _gEfiStatusCodeDataTypeDebugGuid 0000fcb0     IScsiDxe:AutoGen.obj
 0003:00000cc0       _gEfiDriverBindingProtocolGuid 0000fcc0     IScsiDxe:AutoGen.obj
 0003:00000cd0       _gEfiManagedNetworkProtocolGuid 0000fcd0     IScsiDxe:AutoGen.obj
 0003:00000ce0       _gEfiStatusCodeSpecificDataGuid 0000fce0     IScsiDxe:AutoGen.obj
 0003:00000cf0       _gEfiComponentNameProtocolGuid 0000fcf0     IScsiDxe:AutoGen.obj
 0003:00000d00       _gEfiAcpi20TableGuid       0000fd00     IScsiDxe:AutoGen.obj
 0003:00000d10       _gEfiHiiConfigAccessProtocolGuid 0000fd10     IScsiDxe:AutoGen.obj
 0003:00000d20       _gEfiAcpiTableProtocolGuid 0000fd20     IScsiDxe:AutoGen.obj
 0003:00000d30       _gEfiStatusCodeRuntimeProtocolGuid 0000fd30     IScsiDxe:AutoGen.obj
 0003:00000d40       _gEfiIScsiInitiatorNameProtocolGuid 0000fd40     IScsiDxe:AutoGen.obj
 0003:00000d50       _gIScsiComponentName       0000fd50     IScsiDxe:ComponentName.obj
 0003:00000d5c       _gIScsiComponentName2      0000fd5c     IScsiDxe:ComponentName.obj
 0003:00000d68       _mIScsiDriverNameTable     0000fd68     IScsiDxe:ComponentName.obj
 0003:00000d78       _mIScsiControllerNameTable 0000fd78     IScsiDxe:ComponentName.obj
 0003:00000d88       _mStatusString             0000fd88     BasePrintLib:PrintLibInternal.obj
 0003:00000e00       _gIp4AllMasks              0000fe00     DxeNetLib:DxeNetLib.obj
 0003:00000e84       _mDataSegPad               0000fe84     IScsiDxe:IScsiProto.obj
 0003:00000e88       _mIScsiDeviceListUpdated   0000fe88     IScsiDxe:IScsiConfig.obj
 0003:00000e89       _mIbftInstalled            0000fe89     IScsiDxe:IScsiIbft.obj
 0003:00000e8a       _mGlobalErrorLevelInitialized 0000fe8a     DxeDebugPrintErrorLevelLib:DxeDebugPrintErrorLevelLib.obj
 0003:00000e8c       _mNumberOfIScsiDevices     0000fe8c     IScsiDxe:IScsiConfig.obj
 0003:00000e90       _mCallbackInfo             0000fe90     IScsiDxe:IScsiConfig.obj
 0003:00000e94       _gST                       0000fe94     UefiBootServicesTableLib:UefiBootServicesTableLib.obj
 0003:00000e98       _gBS                       0000fe98     UefiBootServicesTableLib:UefiBootServicesTableLib.obj
 0003:00000e9c       _gImageHandle              0000fe9c     UefiBootServicesTableLib:UefiBootServicesTableLib.obj
 0003:00000ea0       _gRT                       0000fea0     UefiRuntimeServicesTableLib:UefiRuntimeServicesTableLib.obj
 0003:00000ea4       _mHobList                  0000fea4     DxeHobLib:HobLib.obj
 0003:00000ea8       _mDebugPrintErrorLevel     0000fea8     DxeDebugPrintErrorLevelLib:DxeDebugPrintErrorLevelLib.obj
 0003:00000eac       _mSystemTable              0000feac     DxeDebugPrintErrorLevelLib:DxeDebugPrintErrorLevelLib.obj
 0003:00000eb0       _gHiiImage                 0000feb0     UefiHiiServicesLib:UefiHiiServicesLib.obj
 0003:00000eb4       _gHiiFont                  0000feb4     UefiHiiServicesLib:UefiHiiServicesLib.obj
 0003:00000eb8       _gHiiString                0000feb8     UefiHiiServicesLib:UefiHiiServicesLib.obj
 0003:00000ebc       _gHiiDatabase              0000febc     UefiHiiServicesLib:UefiHiiServicesLib.obj
 0003:00000ec0       _gHiiConfigRouting         0000fec0     UefiHiiServicesLib:UefiHiiServicesLib.obj
 0003:00000ec4       _mUefiFormBrowser2         0000fec4     UefiHiiLib:HiiLib.obj
 0003:00000ec8       _mReportStatusCodeLibStatusCodeProtocol 0000fec8     DxeReportStatusCodeLib:ReportStatusCodeLib.obj
 0003:00000ecc       _mZeroIp4Addr              0000fecc     DxeNetLib:DxeNetLib.obj
 0003:00000ed0       _mTableKey                 0000fed0     <common>

 entry point at        0001:00000023

 Static symbols

 0001:00003f37       $LN106                     00004f37     * CIL library *:* CIL module *
 0001:0000a4c0       $$000000                   0000b4c0     BaseMemoryLibOptDxe:CopyMem.obj
 0001:0000a530       $$000000                   0000b530     BaseMemoryLibOptDxe:ZeroMem.obj
 0001:0000a550       $$000000                   0000b550     BaseMemoryLibOptDxe:CompareMem.obj
 0001:0000a570       $$000000                   0000b570     BaseMemoryLibOptDxe:SetMem.obj
 0001:0000a59c       $$000000                   0000b59c     BaseMemoryLibOptDxe:SetMem32.obj
 0001:0000a5b4       $$000000                   0000b5b4     BaseMemoryLibOptDxe:SetMem64.obj
 0001:0000a5d4       $$000000                   0000b5d4     BaseMemoryLibOptDxe:SetMem16.obj
 0004:00000000       .edata                     00010000     IScsiDxe.exp
 0004:00000028       rgpv                       00010028     IScsiDxe.exp
 0004:0000002c       rgszName                   0001002c     IScsiDxe.exp
 0004:00000030       rgwOrd                     00010030     IScsiDxe.exp
 0004:00000032       szName                     00010032     IScsiDxe.exp
 0004:0000003f       $N00001                    0001003f     IScsiDxe.exp
