 SmbiosDxe

 Timestamp is 527c4160 (Fri Nov 08 09:41:52 2013)

 Preferred load address is 00000000

 Start         Length     Name                   Class
 0001:00000000 0000003fH .data                   CODE
 0001:00000040 00000004H .rdata                  CODE
 0001:00000044 00000b11H .text                   CODE
 0001:00000b60 00000058H .bss                    CODE

  Address         Publics by Value              Rva+Base       Lib:Object

 0001:00000000       _gEfiSmbiosProtocolGuid    00000220     SmbiosDxe:AutoGen.obj
 0001:00000010       _gEfiSmbiosTableGuid       00000230     SmbiosDxe:AutoGen.obj
 0001:00000020       _EntryPointStructureData   00000240     SmbiosDxe:SmbiosDxe.obj
 0001:00000040       __gUefiDriverRevision      00000260     SmbiosDxe:AutoGen.obj
 0001:00000044       __ModuleEntryPoint         00000264 f   UefiDriverEntryPoint:DriverEntryPoint.obj
 0001:0000006c       _GetSmbiosStructureSize    0000028c f   SmbiosDxe:SmbiosDxe.obj
 0001:000000e0       _GetMaxSmbiosHandle        00000300 f   SmbiosDxe:SmbiosDxe.obj
 0001:000000fa       _GetAvailableSmbiosHandle  0000031a f   SmbiosDxe:SmbiosDxe.obj
 0001:0000013f       _SmbiosAdd                 0000035f f   SmbiosDxe:SmbiosDxe.obj
 0001:000002e8       _SmbiosUpdateString        00000508 f   SmbiosDxe:SmbiosDxe.obj
 0001:000005a6       _SmbiosRemove              000007c6 f   SmbiosDxe:SmbiosDxe.obj
 0001:0000065b       _SmbiosGetNext             0000087b f   SmbiosDxe:SmbiosDxe.obj
 0001:000006ee       _GetNextSmbiosRecord       0000090e f   SmbiosDxe:SmbiosDxe.obj
 0001:00000724       _SmbiosCreateTable         00000944 f   SmbiosDxe:SmbiosDxe.obj
 0001:00000926       _SmbiosTableConstruction   00000b46 f   SmbiosDxe:SmbiosDxe.obj
 0001:0000094a       _SmbiosDriverEntryPoint    00000b6a f   SmbiosDxe:SmbiosDxe.obj
 0001:00000a78       _AsciiStrLen               00000c98 f   BaseLib:String.obj
 0001:00000a86       _CalculateCheckSum8        00000ca6 f   BaseLib:CheckSum.obj
 0001:00000aa5       _CopyMem                   00000cc5 f   BaseMemoryLib:CopyMemWrapper.obj
 0001:00000ad9       _InternalAllocatePool      00000cf9 f   UefiMemoryAllocationLib:MemoryAllocationLib.obj
 0001:00000afd       _InternalAllocateZeroPool  00000d1d f   UefiMemoryAllocationLib:MemoryAllocationLib.obj
 0001:00000b18       _EfiAcquireLockOrFail      00000d38 f   UefiLib:UefiLib.obj
 0001:00000b41       _EfiReleaseLock            00000d61 f   UefiLib:UefiLib.obj
 0001:00000b60       _EntryPointStructure       00000d80     SmbiosDxe:SmbiosDxe.obj
 0001:00000b64       _mPreAllocatedPages        00000d84     SmbiosDxe:SmbiosDxe.obj
 0001:00000b68       _gST                       00000d88     UefiBootServicesTableLib:UefiBootServicesTableLib.obj
 0001:00000b6c       _gBS                       00000d8c     UefiBootServicesTableLib:UefiBootServicesTableLib.obj
 0001:00000b70       _gImageHandle              00000d90     UefiBootServicesTableLib:UefiBootServicesTableLib.obj
 0001:00000b74       _gRT                       00000d94     UefiRuntimeServicesTableLib:UefiRuntimeServicesTableLib.obj
 0001:00000b80       _mPrivateData              00000da0     <common>

 entry point at        0001:00000044

 Static symbols

