 Tcp4Dxe

 Timestamp is 52778b0f (Mon Nov 04 19:54:55 2013)

 Preferred load address is 00000000

 Start         Length     Name                   Class
 0001:00000000 0000a863H .text                   CODE
 0002:00000000 000041b6H .rdata                  DATA
 0002:000041b8 0000009cH .rdata$debug            DATA
 0003:00000000 00000424H .data                   DATA
 0003:00000424 00000052H .bss                    DATA
 0004:00000000 0000004fH .edata                  DATA

  Address         Publics by Value              Rva+Base       Lib:Object

 0001:00000000       __DriverUnloadHandler      00001000 f   UefiDriverEntryPoint:DriverEntryPoint.obj
 0001:00000023       __ModuleEntryPoint         00001023 f   UefiDriverEntryPoint:DriverEntryPoint.obj
 0001:0000009b       _ProcessLibraryConstructorList 0000109b f   Tcp4Dxe:AutoGen.obj
 0001:00000258       _ProcessLibraryDestructorList 00001258 f   Tcp4Dxe:AutoGen.obj
 0001:0000029d       _Tcp4CreateTimer           0000129d f   Tcp4Dxe:Tcp4Driver.obj
 0001:000002f9       _Tcp4DestroyTimer          000012f9 f   Tcp4Dxe:Tcp4Driver.obj
 0001:0000035b       _Tcp4DestroyChildEntryInHandleBuffer 0000135b f   Tcp4Dxe:Tcp4Driver.obj
 0001:000003ca       _Tcp4DriverEntryPoint      000013ca f   Tcp4Dxe:Tcp4Driver.obj
 0001:000004f0       _Tcp4DriverBindingSupported 000014f0 f   Tcp4Dxe:Tcp4Driver.obj
 0001:00000545       _Tcp4DriverBindingStart    00001545 f   Tcp4Dxe:Tcp4Driver.obj
 0001:0000068d       _Tcp4DriverBindingStop     0000168d f   Tcp4Dxe:Tcp4Driver.obj
 0001:000007ed       _Tcp4CreateSocketCallback  000017ed f   Tcp4Dxe:Tcp4Driver.obj
 0001:0000087e       _Tcp4DestroySocketCallback 0000187e f   Tcp4Dxe:Tcp4Driver.obj
 0001:000008cd       _Tcp4ServiceBindingCreateChild 000018cd f   Tcp4Dxe:Tcp4Driver.obj
 0001:0000098d       _Tcp4ServiceBindingDestroyChild 0000198d f   Tcp4Dxe:Tcp4Driver.obj
 0001:00000a06       _Tcp4ChkDataBuf            00001a06 f   Tcp4Dxe:Tcp4Main.obj
 0001:00000a2b       _Tcp4GetModeData           00001a2b f   Tcp4Dxe:Tcp4Main.obj
 0001:00000a96       _Tcp4Configure             00001a96 f   Tcp4Dxe:Tcp4Main.obj
 0001:00000bb1       _Tcp4Routes                00001bb1 f   Tcp4Dxe:Tcp4Main.obj
 0001:00000c12       _Tcp4Connect               00001c12 f   Tcp4Dxe:Tcp4Main.obj
 0001:00000c63       _Tcp4Accept                00001c63 f   Tcp4Dxe:Tcp4Main.obj
 0001:00000cb4       _Tcp4Transmit              00001cb4 f   Tcp4Dxe:Tcp4Main.obj
 0001:00000d2a       _Tcp4Receive               00001d2a f   Tcp4Dxe:Tcp4Main.obj
 0001:00000da0       _Tcp4Close                 00001da0 f   Tcp4Dxe:Tcp4Main.obj
 0001:00000df7       _Tcp4Cancel                00001df7 f   Tcp4Dxe:Tcp4Main.obj
 0001:00000dfd       _Tcp4Poll                  00001dfd f   Tcp4Dxe:Tcp4Main.obj
 0001:00000e44       _TcpComponentNameGetDriverName 00001e44 f   Tcp4Dxe:ComponentName.obj
 0001:00000e6e       _UpdateName                00001e6e f   Tcp4Dxe:ComponentName.obj
 0001:00000f43       _TcpComponentNameGetControllerName 00001f43 f   Tcp4Dxe:ComponentName.obj
 0001:00000fc2       _SockTokenExistedInList    00001fc2 f   Tcp4Dxe:SockInterface.obj
 0001:00000fdc       _SockTokenExisted          00001fdc f   Tcp4Dxe:SockInterface.obj
 0001:00001036       _SockBufferToken           00002036 f   Tcp4Dxe:SockInterface.obj
 0001:00001080       _SockDestroyChild          00002080 f   Tcp4Dxe:SockInterface.obj
 0001:00001149       _SockCreateChild           00002149 f   Tcp4Dxe:SockInterface.obj
 0001:000011d4       _SockConfigure             000021d4 f   Tcp4Dxe:SockInterface.obj
 0001:0000124c       _SockConnect               0000224c f   Tcp4Dxe:SockInterface.obj
 0001:000012d9       _SockAccept                000022d9 f   Tcp4Dxe:SockInterface.obj
 0001:000013f2       _SockSend                  000023f2 f   Tcp4Dxe:SockInterface.obj
 0001:0000153d       _SockRcv                   0000253d f   Tcp4Dxe:SockInterface.obj
 0001:00001651       _SockFlush                 00002651 f   Tcp4Dxe:SockInterface.obj
 0001:000016f1       _SockClose                 000026f1 f   Tcp4Dxe:SockInterface.obj
 0001:0000179f       _SockRoute                 0000279f f   Tcp4Dxe:SockInterface.obj
 0001:00001803       _TcpClose                  00002803 f   Tcp4Dxe:Tcp4Timer.obj
 0001:00001820       _TcpConnectTimeout         00002820 f   Tcp4Dxe:Tcp4Timer.obj
 0001:00001878       _TcpRexmitTimeout          00002878 f   Tcp4Dxe:Tcp4Timer.obj
 0001:00001934       _TcpProbeTimeout           00002934 f   Tcp4Dxe:Tcp4Timer.obj
 0001:00001988       _TcpKeepaliveTimeout       00002988 f   Tcp4Dxe:Tcp4Timer.obj
 0001:000019cb       _TcpFinwait2Timeout        000029cb f   Tcp4Dxe:Tcp4Timer.obj
 0001:000019e7       _Tcp2MSLTimeout            000029e7 f   Tcp4Dxe:Tcp4Timer.obj
 0001:00001a03       _TcpUpdateTimer            00002a03 f   Tcp4Dxe:Tcp4Timer.obj
 0001:00001a60       _TcpSetTimer               00002a60 f   Tcp4Dxe:Tcp4Timer.obj
 0001:00001a85       _TcpClearTimer             00002a85 f   Tcp4Dxe:Tcp4Timer.obj
 0001:00001a9f       _TcpSetProbeTimer          00002a9f f   Tcp4Dxe:Tcp4Timer.obj
 0001:00001aef       _TcpSetKeepaliveTimer      00002aef f   Tcp4Dxe:Tcp4Timer.obj
 0001:00001b37       _TcpBackoffRto             00002b37 f   Tcp4Dxe:Tcp4Timer.obj
 0001:00001b82       _TcpTickingDpc             00002b82 f   Tcp4Dxe:Tcp4Timer.obj
 0001:00001c67       _TcpTicking                00002c67 f   Tcp4Dxe:Tcp4Timer.obj
 0001:00001c7e       _TcpInitTcbLocal           00002c7e f   Tcp4Dxe:Tcp4Misc.obj
 0001:00001ccf       _TcpInitTcbPeer            00002ccf f   Tcp4Dxe:Tcp4Misc.obj
 0001:00001dd6       _TcpLocateListenTcb        00002dd6 f   Tcp4Dxe:Tcp4Misc.obj
 0001:00001e7a       _TcpFindTcbByPeer          00002e7a f   Tcp4Dxe:Tcp4Misc.obj
 0001:00001f07       _TcpLocateTcb              00002f07 f   Tcp4Dxe:Tcp4Misc.obj
 0001:00001f7c       _TcpInsertTcb              00002f7c f   Tcp4Dxe:Tcp4Misc.obj
 0001:0000201a       _TcpCloneTcb               0000301a f   Tcp4Dxe:Tcp4Misc.obj
 0001:00002095       _TcpGetRcvMss              00003095 f   Tcp4Dxe:Tcp4Misc.obj
 0001:000020fb       _TcpSetState               000030fb f   Tcp4Dxe:Tcp4Misc.obj
 0001:000021bd       _TcpChecksum               000031bd f   Tcp4Dxe:Tcp4Misc.obj
 0001:000021e8       _TcpFormatNetbuf           000031e8 f   Tcp4Dxe:Tcp4Misc.obj
 0001:00002296       _TcpResetConnection        00003296 f   Tcp4Dxe:Tcp4Misc.obj
 0001:00002341       _TcpOnAppClose             00003341 f   Tcp4Dxe:Tcp4Misc.obj
 0001:000023bf       _TcpOnAppSend              000033bf f   Tcp4Dxe:Tcp4Misc.obj
 0001:000023fe       _TcpOnAppConsume           000033fe f   Tcp4Dxe:Tcp4Misc.obj
 0001:0000247d       _TcpSetVariableData        0000347d f   Tcp4Dxe:Tcp4Misc.obj
 0001:00002698       _TcpClearVariableData      00003698 f   Tcp4Dxe:Tcp4Misc.obj
 0001:000026dd       _TcpInstallDevicePath      000036dd f   Tcp4Dxe:Tcp4Misc.obj
 0001:000027f7       _Tcp4RxCallback            000037f7 f   Tcp4Dxe:Tcp4Io.obj
 0001:00002826       _TcpSendIpPacket           00003826 f   Tcp4Dxe:Tcp4Io.obj
 0001:000028f1       _Tcp4GetMode               000038f1 f   Tcp4Dxe:Tcp4Dispatcher.obj
 0001:00002a6d       _Tcp4Bind                  00003a6d f   Tcp4Dxe:Tcp4Dispatcher.obj
 0001:00002b09       _Tcp4FlushPcb              00003b09 f   Tcp4Dxe:Tcp4Dispatcher.obj
 0001:00002b75       _Tcp4AttachPcb             00003b75 f   Tcp4Dxe:Tcp4Dispatcher.obj
 0001:00002c35       _Tcp4DetachPcb             00003c35 f   Tcp4Dxe:Tcp4Dispatcher.obj
 0001:00002caf       _Tcp4ConfigurePcb          00003caf f   Tcp4Dxe:Tcp4Dispatcher.obj
 0001:00003007       _Tcp4Dispatcher            00004007 f   Tcp4Dxe:Tcp4Dispatcher.obj
 0001:00003217       _SockFreeFoo               00004217 f   Tcp4Dxe:SockImpl.obj
 0001:00003218       _SockTcpDataToRcv          00004218 f   Tcp4Dxe:SockImpl.obj
 0001:00003330       _SockSetTcpRxData          00004330 f   Tcp4Dxe:SockImpl.obj
 0001:000033bc       _SockProcessRcvToken       000043bc f   Tcp4Dxe:SockImpl.obj
 0001:0000343e       _SockProcessTcpSndData     0000443e f   Tcp4Dxe:SockImpl.obj
 0001:000034c8       _SockFlushPendingToken     000044c8 f   Tcp4Dxe:SockImpl.obj
 0001:00003521       _SockWakeConnToken         00004521 f   Tcp4Dxe:SockImpl.obj
 0001:0000356c       _SockWakeListenToken       0000456c f   Tcp4Dxe:SockImpl.obj
 0001:000035f2       _SockWakeRcvToken          000045f2 f   Tcp4Dxe:SockImpl.obj
 0001:0000366f       _SockProcessSndToken       0000466f f   Tcp4Dxe:SockImpl.obj
 0001:00003726       _SockCreate                00004726 f   Tcp4Dxe:SockImpl.obj
 0001:000039ea       _SockDestroy               000049ea f   Tcp4Dxe:SockImpl.obj
 0001:00003ad0       _SockConnFlush             00004ad0 f   Tcp4Dxe:SockImpl.obj
 0001:00003ba7       _SockClone                 00004ba7 f   Tcp4Dxe:SockImpl.obj
 0001:00003c5a       _SockConnClosed            00004c5a f   Tcp4Dxe:SockImpl.obj
 0001:00003c9f       _SockDataSent              00004c9f f   Tcp4Dxe:SockImpl.obj
 0001:00003d4f       _SockGetFreeSpace          00004d4f f   Tcp4Dxe:SockImpl.obj
 0001:00003d97       _TcpRcvWinOld              00004d97 f   Tcp4Dxe:Tcp4Output.obj
 0001:00003db0       _TcpRcvWinNow              00004db0 f   Tcp4Dxe:Tcp4Output.obj
 0001:00003e06       _TcpGetMaxSndNxt           00004e06 f   Tcp4Dxe:Tcp4Output.obj
 0001:00003e3e       _TcpDataToSend             00004e3e f   Tcp4Dxe:Tcp4Output.obj
 0001:00003f09       _TcpTransmitSegment        00004f09 f   Tcp4Dxe:Tcp4Output.obj
 0001:00004111       _TcpGetSegmentSndQue       00005111 f   Tcp4Dxe:Tcp4Output.obj
 0001:000042fc       _TcpGetSegmentSock         000052fc f   Tcp4Dxe:Tcp4Output.obj
 0001:000043ef       _TcpGetSegment             000053ef f   Tcp4Dxe:Tcp4Output.obj
 0001:00004467       _TcpRetransmit             00005467 f   Tcp4Dxe:Tcp4Output.obj
 0001:00004526       _TcpToSendData             00005526 f   Tcp4Dxe:Tcp4Output.obj
 0001:00004826       _TcpSendAck                00005826 f   Tcp4Dxe:Tcp4Output.obj
 0001:00004874       _TcpSendZeroProbe          00005874 f   Tcp4Dxe:Tcp4Output.obj
 0001:000048bd       _TcpToSendAck              000058bd f   Tcp4Dxe:Tcp4Output.obj
 0001:00004903       _TcpSendReset              00005903 f   Tcp4Dxe:Tcp4Output.obj
 0001:00004a09       _TcpVerifySegment          00005a09 f   Tcp4Dxe:Tcp4Output.obj
 0001:00004a72       _TcpGetUint32              00005a72 f   Tcp4Dxe:Tcp4Option.obj
 0001:00004a8d       _TcpPutUint32              00005a8d f   Tcp4Dxe:Tcp4Option.obj
 0001:00004aae       _TcpComputeScale           00005aae f   Tcp4Dxe:Tcp4Option.obj
 0001:00004aef       _TcpSynBuildOption         00005aef f   Tcp4Dxe:Tcp4Option.obj
 0001:00004c1c       _TcpBuildOption            00005c1c f   Tcp4Dxe:Tcp4Option.obj
 0001:00004cb1       _TcpParseOption            00005cb1 f   Tcp4Dxe:Tcp4Option.obj
 0001:00004e41       _TcpFastRecover            00005e41 f   Tcp4Dxe:Tcp4Input.obj
 0001:00004f3f       _TcpFastLossRecover        00005f3f f   Tcp4Dxe:Tcp4Input.obj
 0001:00004f8a       _TcpComputeRtt             00005f8a f   Tcp4Dxe:Tcp4Input.obj
 0001:00005022       _TcpTrimSegment            00006022 f   Tcp4Dxe:Tcp4Input.obj
 0001:000050f8       _TcpDeliverData            000060f8 f   Tcp4Dxe:Tcp4Input.obj
 0001:00005380       _TcpQueueData              00006380 f   Tcp4Dxe:Tcp4Input.obj
 0001:00005485       _TcpAdjustSndQue           00006485 f   Tcp4Dxe:Tcp4Input.obj
 0001:000054d3       _TcpInput                  000064d3 f   Tcp4Dxe:Tcp4Input.obj
 0001:00005edf       _TcpIcmpInput              00006edf f   Tcp4Dxe:Tcp4Input.obj
 0001:00005f81       _InternalBaseLibIsNodeInList 00006f81 f   BaseLib:LinkedList.obj
 0001:0000600e       _InitializeListHead        0000700e f   BaseLib:LinkedList.obj
 0001:00006033       _InsertHeadList            00007033 f   BaseLib:LinkedList.obj
 0001:0000606a       _InsertTailList            0000706a f   BaseLib:LinkedList.obj
 0001:000060a4       _GetFirstNode              000070a4 f   BaseLib:LinkedList.obj
 0001:000060cd       _IsListEmpty               000070cd f   BaseLib:LinkedList.obj
 0001:000060f9       _IsNull                    000070f9 f   BaseLib:LinkedList.obj
 0001:00006127       _RemoveEntryList           00007127 f   BaseLib:LinkedList.obj
 0001:0000615b       _SwapBytes32               0000715b f   BaseLib:SwapBytes32.obj
 0001:00006174       _StrCpy                    00007174 f   BaseLib:String.obj
 0001:0000620b       _StrLen                    0000720b f   BaseLib:String.obj
 0001:00006273       _StrSize                   00007273 f   BaseLib:String.obj
 0001:00006282       _AsciiStrCpy               00007282 f   BaseLib:String.obj
 0001:000062fc       _AsciiStrLen               000072fc f   BaseLib:String.obj
 0001:00006347       _AsciiStrnCmp              00007347 f   BaseLib:String.obj
 0001:000063d1       _IsDevicePathValid         000073d1 f   UefiDevicePathLib:UefiDevicePathLib.obj
 0001:00006420       _DevicePathSubType         00007420 f   UefiDevicePathLib:UefiDevicePathLib.obj
 0001:00006441       _DevicePathNodeLength      00007441 f   UefiDevicePathLib:UefiDevicePathLib.obj
 0001:00006489       _NextDevicePathNode        00007489 f   UefiDevicePathLib:UefiDevicePathLib.obj
 0001:000064b0       _IsDevicePathEndType       000074b0 f   UefiDevicePathLib:UefiDevicePathLib.obj
 0001:000064e7       _IsDevicePathEnd           000074e7 f   UefiDevicePathLib:UefiDevicePathLib.obj
 0001:00006521       _SetDevicePathNodeLength   00007521 f   UefiDevicePathLib:UefiDevicePathLib.obj
 0001:0000655d       _SetDevicePathEndNode      0000755d f   UefiDevicePathLib:UefiDevicePathLib.obj
 0001:0000658a       _GetDevicePathSize         0000758a f   UefiDevicePathLib:UefiDevicePathLib.obj
 0001:000065c5       _DuplicateDevicePath       000075c5 f   UefiDevicePathLib:UefiDevicePathLib.obj
 0001:000065de       _AppendDevicePath          000075de f   UefiDevicePathLib:UefiDevicePathLib.obj
 0001:00006665       _AppendDevicePathNode      00007665 f   UefiDevicePathLib:UefiDevicePathLib.obj
 0001:000066c9       _DevicePathFromHandle      000076c9 f   UefiDevicePathLib:UefiDevicePathLib.obj
 0001:000066f0       _IpIoCreateIpChildOpenProtocol 000076f0 f   DxeIpIoLib:DxeIpIoLib.obj
 0001:0000676d       _IpIoCloseProtocolDestroyIpChild 0000776d f   DxeIpIoLib:DxeIpIoLib.obj
 0001:000067c4       _IpIoIcmpv4Handler         000077c4 f   DxeIpIoLib:DxeIpIoLib.obj
 0001:000068bd       _IpIoIcmpv6Handler         000078bd f   DxeIpIoLib:DxeIpIoLib.obj
 0001:000069b7       _IpIoExtFree               000079b7 f   DxeIpIoLib:DxeIpIoLib.obj
 0001:000069bf       _IpIoCreateSndEntry        000079bf f   DxeIpIoLib:DxeIpIoLib.obj
 0001:00006b6d       _IpIoDestroySndEntry       00007b6d f   DxeIpIoLib:DxeIpIoLib.obj
 0001:00006bca       _IpIoTransmitHandlerDpc    00007bca f   DxeIpIoLib:DxeIpIoLib.obj
 0001:00006c06       _IpIoTransmitHandler       00007c06 f   DxeIpIoLib:DxeIpIoLib.obj
 0001:00006c1d       _IpIoDummyHandlerDpc       00007c1d f   DxeIpIoLib:DxeIpIoLib.obj
 0001:00006c88       _IpIoDummyHandler          00007c88 f   DxeIpIoLib:DxeIpIoLib.obj
 0001:00006c9f       _IpIoListenHandlerDpc      00007c9f f   DxeIpIoLib:DxeIpIoLib.obj
 0001:00006e6a       _IpIoListenHandler         00007e6a f   DxeIpIoLib:DxeIpIoLib.obj
 0001:00006e81       _IpIoCreate                00007e81 f   DxeIpIoLib:DxeIpIoLib.obj
 0001:00006f1f       _IpIoOpen                  00007f1f f   DxeIpIoLib:DxeIpIoLib.obj
 0001:00006ffc       _IpIoStop                  00007ffc f   DxeIpIoLib:DxeIpIoLib.obj
 0001:00007097       _IpIoDestroy               00008097 f   DxeIpIoLib:DxeIpIoLib.obj
 0001:000070c2       _IpIoSend                  000080c2 f   DxeIpIoLib:DxeIpIoLib.obj
 0001:00007156       _IpIoAddIp                 00008156 f   DxeIpIoLib:DxeIpIoLib.obj
 0001:0000722d       _IpIoConfigIp              0000822d f   DxeIpIoLib:DxeIpIoLib.obj
 0001:000073c1       _IpIoRemoveIp              000083c1 f   DxeIpIoLib:DxeIpIoLib.obj
 0001:00007456       _IpIoFindSender            00008456 f   DxeIpIoLib:DxeIpIoLib.obj
 0001:000074bc       _IpIoGetIcmpErrStatus      000084bc f   DxeIpIoLib:DxeIpIoLib.obj
 0001:00007578       _DebugPrint                00008578 f   PeiDxeDebugLibReportStatusCode:DebugLib.obj
 0001:000076e3       _DebugAssert               000086e3 f   PeiDxeDebugLibReportStatusCode:DebugLib.obj
 0001:00007782       _InternalAllocatePool      00008782 f   UefiMemoryAllocationLib:MemoryAllocationLib.obj
 0001:000077a6       _InternalAllocateZeroPool  000087a6 f   UefiMemoryAllocationLib:MemoryAllocationLib.obj
 0001:000077be       _InternalAllocateCopyPool  000087be f   UefiMemoryAllocationLib:MemoryAllocationLib.obj
 0001:00007817       _FreePool                  00008817 f   UefiMemoryAllocationLib:MemoryAllocationLib.obj
 0001:00007850       _CopyMem                   00008850 f   BaseMemoryLibOptDxe:CopyMemWrapper.obj
 0001:000078b5       _ZeroMem                   000088b5 f   BaseMemoryLibOptDxe:ZeroMemWrapper.obj
 0001:000078fe       _CompareMem                000088fe f   BaseMemoryLibOptDxe:CompareMemWrapper.obj
 0001:0000798d       _SetMem                    0000898d f   BaseMemoryLibOptDxe:SetMemWrapper.obj
 0001:000079c6       _UnicodeSPrint             000089c6 f   BasePrintLib:PrintLib.obj
 0001:00007a1b       _UnicodeValueToString      00008a1b f   BasePrintLib:PrintLib.obj
 0001:00007a53       _BasePrintLibFillBuffer    00008a53 f   BasePrintLib:PrintLibInternal.obj
 0001:00007a87       _BasePrintLibValueToString 00008a87 f   BasePrintLib:PrintLibInternal.obj
 0001:00007aea       _BasePrintLibConvertValueToString 00008aea f   BasePrintLib:PrintLibInternal.obj
 0001:00007c7a       _BasePrintLibSPrintMarker  00008c7a f   BasePrintLib:PrintLibInternal.obj
 0001:0000882c       _BasePrintLibSPrint        0000982c f   BasePrintLib:PrintLibInternal.obj
 0001:0000884b       _CompareIso639LanguageCode 0000984b f   UefiLib:UefiLib.obj
 0001:00008865       _EfiGetSystemConfigurationTable 00009865 f   UefiLib:UefiLib.obj
 0001:000088bf       _EfiAcquireLockOrFail      000098bf f   UefiLib:UefiLib.obj
 0001:0000891b       _EfiReleaseLock            0000991b f   UefiLib:UefiLib.obj
 0001:00008968       _EfiTestChildHandle        00009968 f   UefiLib:UefiLib.obj
 0001:000089e9       _LookupUnicodeString2      000099e9 f   UefiLib:UefiLib.obj
 0001:00008ada       _AddUnicodeString2         00009ada f   UefiLib:UefiLib.obj
 0001:00008c91       _FreeUnicodeStringTable    00009c91 f   UefiLib:UefiLib.obj
 0001:00008cd1       _GetHobList                00009cd1 f   DxeHobLib:HobLib.obj
 0001:00008cf3       _GetNextHob                00009cf3 f   DxeHobLib:HobLib.obj
 0001:00008d30       _GetDebugPrintErrorLevel   00009d30 f   DxeDebugPrintErrorLevelLib:DxeDebugPrintErrorLevelLib.obj
 0001:00008e26       _GetDebugMask              00009e26 f   DxeDebugPrintErrorLevelLib:DxeDebugPrintErrorLevelLib.obj
 0001:00008e3e       _SetDebugMask              00009e3e f   DxeDebugPrintErrorLevelLib:DxeDebugPrintErrorLevelLib.obj
 0001:00008e4a       _UefiHiiServicesLibConstructor 00009e4a f   UefiHiiServicesLib:UefiHiiServicesLib.obj
 0001:00008f37       _NetIp4IsUnicast           00009f37 f   DxeNetLib:DxeNetLib.obj
 0001:00008f99       _NetDestroyLinkList        00009f99 f   DxeNetLib:DxeNetLib.obj
 0001:00009031       _NetGetChildHandle         0000a031 f   DxeNetLib:DxeNetLib.obj
 0001:00009124       _NetLibDefaultUnload       0000a124 f   DxeNetLib:DxeNetLib.obj
 0001:00009269       _NetLibCreateServiceChild  0000a269 f   DxeNetLib:DxeNetLib.obj
 0001:000092c1       _NetLibDestroyServiceChild 0000a2c1 f   DxeNetLib:DxeNetLib.obj
 0001:00009314       _NetLibGetSnpHandle        0000a314 f   DxeNetLib:DxeNetLib.obj
 0001:000093a2       _NetLibGetMacAddress       0000a3a2 f   DxeNetLib:DxeNetLib.obj
 0001:000094b6       _NetLibGetMacString        0000a4b6 f   DxeNetLib:DxeNetLib.obj
 0001:000095a4       _NetLibDefaultAddressIsStatic 0000a5a4 f   DxeNetLib:DxeNetLib.obj
 0001:000096cc       _NetbufAllocStruct         0000a6cc f   DxeNetLib:NetBuffer.obj
 0001:0000974d       _NetbufAlloc               0000a74d f   DxeNetLib:NetBuffer.obj
 0001:000097b6       _NetbufFreeVector          0000a7b6 f   DxeNetLib:NetBuffer.obj
 0001:0000985d       _NetbufFree                0000a85d f   DxeNetLib:NetBuffer.obj
 0001:000098c9       _NetbufFreeList            0000a8c9 f   DxeNetLib:NetBuffer.obj
 0001:00009937       _NetbufGetByte             0000a937 f   DxeNetLib:NetBuffer.obj
 0001:000099a4       _NetbufSetBlock            0000a9a4 f   DxeNetLib:NetBuffer.obj
 0001:00009a3a       _NetbufFromExt             0000aa3a f   DxeNetLib:NetBuffer.obj
 0001:00009ad1       _NetbufReserve             0000aad1 f   DxeNetLib:NetBuffer.obj
 0001:00009b81       _NetbufAllocSpace          0000ab81 f   DxeNetLib:NetBuffer.obj
 0001:00009ca1       _NetblockTrim              0000aca1 f   DxeNetLib:NetBuffer.obj
 0001:00009cda       _NetbufTrim                0000acda f   DxeNetLib:NetBuffer.obj
 0001:00009d6f       _NetbufCopy                0000ad6f f   DxeNetLib:NetBuffer.obj
 0001:00009ea9       _NetbufQueAlloc            0000aea9 f   DxeNetLib:NetBuffer.obj
 0001:00009ee3       _NetbufQueFree             0000aee3 f   DxeNetLib:NetBuffer.obj
 0001:00009f36       _NetbufQueAppend           0000af36 f   DxeNetLib:NetBuffer.obj
 0001:00009f96       _NetbufQueCopy             0000af96 f   DxeNetLib:NetBuffer.obj
 0001:0000a0d3       _NetbufQueTrim             0000b0d3 f   DxeNetLib:NetBuffer.obj
 0001:0000a168       _NetbufQueFlush            0000b168 f   DxeNetLib:NetBuffer.obj
 0001:0000a19e       _NetblockChecksum          0000b19e f   DxeNetLib:NetBuffer.obj
 0001:0000a1d8       _NetAddChecksum            0000b1d8 f   DxeNetLib:NetBuffer.obj
 0001:0000a1f0       _NetbufChecksum            0000b1f0 f   DxeNetLib:NetBuffer.obj
 0001:0000a268       _NetPseudoHeadChecksum     0000b268 f   DxeNetLib:NetBuffer.obj
 0001:0000a29e       _InternalGetReportStatusCode 0000b29e f   DxeReportStatusCodeLib:ReportStatusCodeLib.obj
 0001:0000a2df       _InternalReportStatusCode  0000b2df f   DxeReportStatusCodeLib:ReportStatusCodeLib.obj
 0001:0000a326       _ReportStatusCodeEx        0000b326 f   DxeReportStatusCodeLib:ReportStatusCodeLib.obj
 0001:0000a477       _ReadUnaligned16           0000b477 f   BaseLib:Unaligned.obj
 0001:0000a496       _ReadUnaligned24           0000b496 f   BaseLib:Unaligned.obj
 0001:0000a4b9       _ReadUnaligned32           0000b4b9 f   BaseLib:Unaligned.obj
 0001:0000a4d9       _ReadUnaligned64           0000b4d9 f   BaseLib:Unaligned.obj
 0001:0000a4fc       _WriteUnaligned64          0000b4fc f   BaseLib:Unaligned.obj
 0001:0000a527       _CopyGuid                  0000b527 f   BaseMemoryLibOptDxe:MemLibGuid.obj
 0001:0000a557       _CompareGuid               0000b557 f   BaseMemoryLibOptDxe:MemLibGuid.obj
 0001:0000a5b6       _HiiConstructConfigHdr     0000b5b6 f   UefiHiiLib:HiiLib.obj
 0001:0000a750       _InternalMemCopyMem        0000b750 f   BaseMemoryLibOptDxe:CopyMem.obj
 0001:0000a7c0       _InternalMemZeroMem        0000b7c0 f   BaseMemoryLibOptDxe:ZeroMem.obj
 0001:0000a7e0       _InternalMemCompareMem     0000b7e0 f   BaseMemoryLibOptDxe:CompareMem.obj
 0001:0000a800       _InternalMemSetMem         0000b800 f   BaseMemoryLibOptDxe:SetMem.obj
 0001:0000a82c       _InternalMemSetMem32       0000b82c f   BaseMemoryLibOptDxe:SetMem32.obj
 0001:0000a844       _InternalMemSetMem64       0000b844 f   BaseMemoryLibOptDxe:SetMem64.obj
 0002:00000038       ??_C@_0CB@DMEJJJHA@?6ASSERT_EFI_ERROR?5?$CIStatus?5?$DN?5?$CFr?$CJ?6@ 0000c038     UefiDriverEntryPoint:DriverEntryPoint.obj
 0002:0000005c       ??_C@_0BE@DCHLEIGN@?$CBEFI_ERROR?5?$CIStatus?$CJ?$AA@ 0000c05c     UefiDriverEntryPoint:DriverEntryPoint.obj
 0002:00000070       ??_C@_0EG@POHNLCG@d?3?2myworkspace?2MdePkg?2Library?2Ue@ 0000c070     UefiDriverEntryPoint:DriverEntryPoint.obj
 0002:000000b8       __gUefiDriverRevision      0000c0b8     Tcp4Dxe:AutoGen.obj
 0002:000000c0       ??_C@_0HC@PKPMIJOC@d?3?2myworkspace?2Build?2NT32?2DEBUG_@ 0000c0c0     Tcp4Dxe:AutoGen.obj
 0002:00000134       ??_C@_0BG@GIKPCLDE@mTcp4Timer?4RefCnt?5?$DO?50?$AA@ 0000c134     Tcp4Dxe:Tcp4Driver.obj
 0002:00000150       ??_C@_0ED@OHMDIIOD@d?3?2myworkspace?2MdeModulePkg?2Univ@ 0000c150     Tcp4Dxe:Tcp4Driver.obj
 0002:00000194       ??_C@_0BF@NDBIKIKC@CR?5has?5Bad?5Signature?$AA@ 0000c194     Tcp4Dxe:Tcp4Driver.obj
 0002:000001b0       ??_C@_0EO@BNGCHFIH@Tcp4DriverBindingStart?3?5Have?5no?5@ 0000c1b0     Tcp4Dxe:Tcp4Driver.obj
 0002:00000200       ??_C@_0EE@JOPJBODE@Tcp4DriverBindingStart?3?5Have?5no?5@ 0000c200     Tcp4Dxe:Tcp4Driver.obj
 0002:00000244       ??_C@_0DO@ONBEDDAG@Tcp4DriverBindingStart?3?5Create?5T@ 0000c244     Tcp4Dxe:Tcp4Driver.obj
 0002:00000288       ??_C@_0EN@CDOFFOHD@Tcp4DriverBindingStart?3?5Install?5@ 0000c288     Tcp4Dxe:Tcp4Driver.obj
 0002:000002d8       ??_C@_0EN@GAOHBIJF@Tcp4DriverBindingStop?3?5Locate?5Tc@ 0000c2d8     Tcp4Dxe:Tcp4Driver.obj
 0002:00000328       ??_C@_0EB@OLOLJJFH@Tcp4DriverBindingCreateChild?3?5No@ 0000c328     Tcp4Dxe:Tcp4Driver.obj
 0002:00000370       ??_C@_0EB@GCHIKGMB@d?3?2myworkspace?2MdeModulePkg?2Univ@ 0000c370     Tcp4Dxe:Tcp4Main.obj
 0002:000003b4       ??_C@_03LKLGDMJI@eng?$AA@  0000c3b4     Tcp4Dxe:ComponentName.obj
 0002:000003b8       ??_C@_02LFNMGJAP@en?$AA@   0000c3b8     Tcp4Dxe:ComponentName.obj
 0002:000003bc       ??_C@_06DALJLGPG@eng?$DLen?$AA@ 0000c3bc     Tcp4Dxe:ComponentName.obj
 0002:000003c4       ??_C@_1DG@JGBMJLDF@?$AAT?$AAc?$AAp?$AA?5?$AAN?$AAe?$AAt?$AAw?$AAo?$AAr?$AAk?$AA?5?$AAS?$AAe?$AAr?$AAv?$AAi?$AAc?$AAe?$AA?5?$AAD?$AAr?$AAi?$AAv?$AAe?$AAr?$AA?$AA@ 0000c3c4     Tcp4Dxe:ComponentName.obj
 0002:000003fc       ??_C@_19ELAAHEEL@?$AAT?$AAR?$AAU?$AAE?$AA?$AA@ 0000c3fc     Tcp4Dxe:ComponentName.obj
 0002:00000408       ??_C@_1M@HCOOECOK@?$AAF?$AAA?$AAL?$AAS?$AAE?$AA?$AA@ 0000c408     Tcp4Dxe:ComponentName.obj
 0002:00000418       ??_C@_1FO@EFBHLEEL@?$AAT?$AAC?$AAP?$AAv?$AA4?$AA?5?$AA?$CI?$AAS?$AAr?$AAc?$AAP?$AAo?$AAr?$AAt?$AA?$DN?$AA?$CF?$AAd?$AA?0?$AA?5?$AAD?$AAe?$AAs?$AAt?$AAP?$AAo?$AAr?$AAt?$AA?$DN?$AA?$CG?$AAd?$AA?0?$AA?5@ 0000c418     Tcp4Dxe:ComponentName.obj
 0002:00000478       ??_C@_1CI@DMBONAAI@?$AAT?$AAC?$AAP?$AAv?$AA4?$AA?5?$AA?$CI?$AAN?$AAo?$AAt?$AA?5?$AAs?$AAt?$AAa?$AAr?$AAt?$AAe?$AAd?$AA?$CJ?$AA?$AA@ 0000c478     Tcp4Dxe:ComponentName.obj
 0002:000004a0       ??_C@_0DE@HDACILPM@SockBufferIOToken?3?5No?5Memory?5to?5@ 0000c4a0     Tcp4Dxe:SockInterface.obj
 0002:000004d4       ??_C@_0DP@GOHFACGD@?$CISock?5?$CB?$DN?5?$CI?$CIvoid?5?$CK?$CJ?50?$CJ?$CJ?5?$CG?$CG?5?$CISock?9@ 0000c4d4     Tcp4Dxe:SockInterface.obj
 0002:00000518       ??_C@_0EG@MAPCAKNC@d?3?2myworkspace?2MdeModulePkg?2Univ@ 0000c518     Tcp4Dxe:SockInterface.obj
 0002:00000560       ??_C@_0EA@DJBDANEJ@SockDestroyChild?3?5Get?5the?5lock?5t@ 0000c560     Tcp4Dxe:SockInterface.obj
 0002:000005a0       ??_C@_0DJ@KAODAPAC@SockDestroyChild?3?5Protocol?5detac@ 0000c5a0     Tcp4Dxe:SockInterface.obj
 0002:000005dc       ??_C@_0DF@NBHAGCFB@SockCreateChild?3?5No?5resource?5to?5@ 0000c5dc     Tcp4Dxe:SockInterface.obj
 0002:00000614       ??_C@_0DP@KEEICHIG@SockCreateChild?3?5Get?5the?5lock?5to@ 0000c614     Tcp4Dxe:SockInterface.obj
 0002:00000654       ??_C@_0DN@MNCCAGOB@SockCreateChild?3?5Protocol?5failed@ 0000c654     Tcp4Dxe:SockInterface.obj
 0002:00000694       ??_C@_0DI@JCNEGHBA@SockConfigure?3?5Get?5the?5access?5fo@ 0000c694     Tcp4Dxe:SockInterface.obj
 0002:000006cc       ??_C@_0BB@BOPPMIFL@Sock?9?$DOState?5?$DN?$DN?50?$AA@ 0000c6cc     Tcp4Dxe:SockInterface.obj
 0002:000006e0       ??_C@_0DG@HEAAIPHA@SockConnect?3?5Get?5the?5access?5for?5@ 0000c6e0     Tcp4Dxe:SockInterface.obj
 0002:00000718       ??_C@_0BJ@CEHICELN@SockStream?5?$DN?$DN?5Sock?9?$DOType?$AA@ 0000c718     Tcp4Dxe:SockInterface.obj
 0002:00000734       ??_C@_0DF@BIKGHOHM@SockAccept?3?5Get?5the?5access?5for?5s@ 0000c734     Tcp4Dxe:SockInterface.obj
 0002:0000076c       ??_C@_0BP@HEBNJKJJ@Socket?9?$DOParent?5?$CB?$DN?5?$CI?$CIvoid?5?$CK?$CJ?50?$CJ?$AA@ 0000c76c     Tcp4Dxe:SockInterface.obj
 0002:0000078c       ??_C@_0DB@BLKJJOFH@SockAccept?3?5Accept?5a?5socket?0?5now@ 0000c78c     Tcp4Dxe:SockInterface.obj
 0002:000007c0       ??_C@_0DD@CJKGKBDK@SockSend?3?5Get?5the?5access?5for?5soc@ 0000c7c0     Tcp4Dxe:SockInterface.obj
 0002:000007f8       ??_C@_0EK@COMFDOKO@SockSend?3?5Failed?5to?5buffer?5IO?5to@ 0000c7f8     Tcp4Dxe:SockInterface.obj
 0002:00000844       ??_C@_0CG@MELMGPIA@SockSend?3?5Failed?5to?5process?5Snd?5@ 0000c844     Tcp4Dxe:SockInterface.obj
 0002:0000086c       ??_C@_0DC@HOGGOGIE@SockRcv?3?5Get?5the?5access?5for?5sock@ 0000c86c     Tcp4Dxe:SockInterface.obj
 0002:000008a0       ??_C@_0DE@DOJDBFBK@SockFlush?3?5Get?5the?5access?5for?5so@ 0000c8a0     Tcp4Dxe:SockInterface.obj
 0002:000008d4       ??_C@_0DH@JFJOBMNI@SockFlush?3?5Protocol?5failed?5handl@ 0000c8d4     Tcp4Dxe:SockInterface.obj
 0002:0000090c       ??_C@_0DE@NLDNBBAF@SockClose?3?5Get?5the?5access?5for?5so@ 0000c90c     Tcp4Dxe:SockInterface.obj
 0002:00000940       ??_C@_0DE@MKJLLDFK@SockRoute?3?5Get?5the?5access?5for?5so@ 0000c940     Tcp4Dxe:SockInterface.obj
 0002:00000978       ??_C@_0FC@NPCDDJDK@TcpConnectTimeout?3?5connection?5cl@ 0000c978     Tcp4Dxe:Tcp4Timer.obj
 0002:000009d0       ??_C@_0EL@GNJPLHDH@TcpConnectTimeout?3?5send?5reset?5be@ 0000c9d0     Tcp4Dxe:Tcp4Timer.obj
 0002:00000a1c       ??_C@_0DD@PCAJGKDJ@TcpRexmitTimeout?3?5transmission?5t@ 0000ca1c     Tcp4Dxe:Tcp4Timer.obj
 0002:00000a50       ??_C@_0EK@HDLEKPHN@TcpRexmitTimeout?3?5connection?5clo@ 0000ca50     Tcp4Dxe:Tcp4Timer.obj
 0002:00000a9c       ??_C@_0CI@JPMLJJAP@?$CI?$CITcb?9?$DOEnabledTimer?$CJ?5?$CG?5?$CI1?5?$DM?$DM?5?$CI1?$CJ@ 0000ca9c     Tcp4Dxe:Tcp4Timer.obj
 0002:00000ac8       ??_C@_0EC@OHBCALAN@d?3?2myworkspace?2MdeModulePkg?2Univ@ 0000cac8     Tcp4Dxe:Tcp4Timer.obj
 0002:00000b10       ??_C@_0FD@ONCPLGFH@TcpFinwait2Timeout?3?5connection?5c@ 0000cb10     Tcp4Dxe:Tcp4Timer.obj
 0002:00000b68       ??_C@_0EP@BJKHABKF@Tcp2MSLTimeout?3?5connection?5close@ 0000cb68     Tcp4Dxe:Tcp4Timer.obj
 0002:00000bb8       ??_C@_1BG@NHEIAOIF@?$AAT?$AAC?$AAP?$AA_?$AAC?$AAL?$AAO?$AAS?$AAE?$AAD?$AA?$AA@ 0000cbb8     Tcp4Dxe:Tcp4Misc.obj
 0002:00000bd0       ??_C@_1BG@EBJFEFHI@?$AAT?$AAC?$AAP?$AA_?$AAL?$AAI?$AAS?$AAT?$AAE?$AAN?$AA?$AA@ 0000cbd0     Tcp4Dxe:Tcp4Misc.obj
 0002:00000be8       ??_C@_1BK@ENPBPIMG@?$AAT?$AAC?$AAP?$AA_?$AAS?$AAY?$AAN?$AA_?$AAS?$AAE?$AAN?$AAT?$AA?$AA@ 0000cbe8     Tcp4Dxe:Tcp4Misc.obj
 0002:00000c04       ??_C@_1BK@NLMAENBG@?$AAT?$AAC?$AAP?$AA_?$AAS?$AAY?$AAN?$AA_?$AAR?$AAC?$AAV?$AAD?$AA?$AA@ 0000cc04     Tcp4Dxe:Tcp4Misc.obj
 0002:00000c20       ??_C@_1CA@OALDCBFH@?$AAT?$AAC?$AAP?$AA_?$AAE?$AAS?$AAT?$AAA?$AAB?$AAL?$AAI?$AAS?$AAH?$AAE?$AAD?$AA?$AA@ 0000cc20     Tcp4Dxe:Tcp4Misc.obj
 0002:00000c40       ??_C@_1BO@KCLKOCDM@?$AAT?$AAC?$AAP?$AA_?$AAF?$AAI?$AAN?$AA_?$AAW?$AAA?$AAI?$AAT?$AA_?$AA1?$AA?$AA@ 0000cc40     Tcp4Dxe:Tcp4Misc.obj
 0002:00000c60       ??_C@_1BO@LAAPENNC@?$AAT?$AAC?$AAP?$AA_?$AAF?$AAI?$AAN?$AA_?$AAW?$AAA?$AAI?$AAT?$AA_?$AA2?$AA?$AA@ 0000cc60     Tcp4Dxe:Tcp4Misc.obj
 0002:00000c80       ??_C@_1BI@FBLLMAOM@?$AAT?$AAC?$AAP?$AA_?$AAC?$AAL?$AAO?$AAS?$AAI?$AAN?$AAG?$AA?$AA@ 0000cc80     Tcp4Dxe:Tcp4Misc.obj
 0002:00000c98       ??_C@_1BM@HIDKGINB@?$AAT?$AAC?$AAP?$AA_?$AAT?$AAI?$AAM?$AAE?$AA_?$AAW?$AAA?$AAI?$AAT?$AA?$AA@ 0000cc98     Tcp4Dxe:Tcp4Misc.obj
 0002:00000cb4       ??_C@_1BO@DMHHAOEK@?$AAT?$AAC?$AAP?$AA_?$AAC?$AAL?$AAO?$AAS?$AAE?$AA_?$AAW?$AAA?$AAI?$AAT?$AA?$AA@ 0000ccb4     Tcp4Dxe:Tcp4Misc.obj
 0002:00000cd4       ??_C@_1BK@IKFBPDDN@?$AAT?$AAC?$AAP?$AA_?$AAL?$AAA?$AAS?$AAT?$AA_?$AAA?$AAC?$AAK?$AA?$AA@ 0000ccd4     Tcp4Dxe:Tcp4Misc.obj
 0002:00000cf0       ??_C@_0EI@HAJIBJBF@?$CITcb?5?$CB?$DN?5?$CI?$CIvoid?5?$CK?$CJ?50?$CJ?$CJ?5?$CG?$CG?5?$CISeg?5?$CB?$DN@ 0000ccf0     Tcp4Dxe:Tcp4Misc.obj
 0002:00000d38       ??_C@_0EB@FGBBHDFC@d?3?2myworkspace?2MdeModulePkg?2Univ@ 0000cd38     Tcp4Dxe:Tcp4Misc.obj
 0002:00000d7c       ??_C@_0CK@ICAGNFAL@?$CI?$CIBOOLEAN?$CJ?5?$CI?$CI?$CISeg?9?$DOFlag?$CJ?5?$CG?5?$CI0x02@ 0000cd7c     Tcp4Dxe:Tcp4Misc.obj
 0002:00000da8       ??_C@_0CG@KEIMGIID@?$CIAddr?5?$CB?$DN?5?$CI?$CIvoid?5?$CK?$CJ?50?$CJ?$CJ?5?$CG?$CG?5?$CIPort?5@ 0000cda8     Tcp4Dxe:Tcp4Misc.obj
 0002:00000dd0       ??_C@_0GM@BEOHBICI@?$CITcb?5?$CB?$DN?5?$CI?$CIvoid?5?$CK?$CJ?50?$CJ?$CJ?5?$CG?$CG?5?$CI?$CITcb?9?$DO@ 0000cdd0     Tcp4Dxe:Tcp4Misc.obj
 0002:00000e3c       ??_C@_0CF@HOEIJDDO@TcpCloneTcb?3?5failed?5to?5clone?5a?5s@ 0000ce3c     Tcp4Dxe:Tcp4Misc.obj
 0002:00000e64       ??_C@_0BF@JBJKFPJP@Sock?5?$CB?$DN?5?$CI?$CIvoid?5?$CK?$CJ?50?$CJ?$AA@ 0000ce64     Tcp4Dxe:Tcp4Misc.obj
 0002:00000e7c       ??_C@_0BD@BFPDEMKP@Ip?5?$CB?$DN?5?$CI?$CIvoid?5?$CK?$CJ?50?$CJ?$AA@ 0000ce7c     Tcp4Dxe:Tcp4Misc.obj
 0002:00000e90       ??_C@_0DK@FDCAJGNL@Tcb?9?$DOState?5?$DM?5?$CIsizeof?5?$CImTcpStateN@ 0000ce90     Tcp4Dxe:Tcp4Misc.obj
 0002:00000ecc       ??_C@_0DF@PAMCGNLL@State?5?$DM?5?$CIsizeof?5?$CImTcpStateName?$CJ?5@ 0000cecc     Tcp4Dxe:Tcp4Misc.obj
 0002:00000f04       ??_C@_0BK@DHILLADA@Tcb?5?$CI?$CFp?$CJ?5state?5?$CFs?5?9?9?$DO?5?$CFs?6?$AA@ 0000cf04     Tcp4Dxe:Tcp4Misc.obj
 0002:00000f20       ??_C@_0BF@FBEMMEEB@Head?5?$CB?$DN?5?$CI?$CIvoid?5?$CK?$CJ?50?$CJ?$AA@ 0000cf20     Tcp4Dxe:Tcp4Misc.obj
 0002:00000f38       ??_C@_0BG@COFFMKLF@Nhead?5?$CB?$DN?5?$CI?$CIvoid?5?$CK?$CJ?50?$CJ?$AA@ 0000cf38     Tcp4Dxe:Tcp4Misc.obj
 0002:00000f50       ??_C@_0BE@CLBLKENM@Tcb?5?$CB?$DN?5?$CI?$CIvoid?5?$CK?$CJ?50?$CJ?$AA@ 0000cf50     Tcp4Dxe:Tcp4Misc.obj
 0002:00000f68       ??_C@_0EB@BEPCGDLM@TcpOnAppClose?3?5connection?5reset?5@ 0000cf68     Tcp4Dxe:Tcp4Misc.obj
 0002:00000fb0       ??_C@_0EC@JBPMOOFI@TcpOnAppConsume?3?5send?5a?5window?5u@ 0000cfb0     Tcp4Dxe:Tcp4Misc.obj
 0002:00000ff8       ??_C@_0EG@ONPPMBKF@TcpOnAppConsume?3?5scheduled?5a?5del@ 0000cff8     Tcp4Dxe:Tcp4Misc.obj
 0002:00001040       ??_C@_0EC@OOJMHNAK@TcpOnAppAbort?3?5connection?5reset?5@ 0000d040     Tcp4Dxe:Tcp4Misc.obj
 0002:00001084       ??_C@_0CH@IKLIAKDJ@Tcp4Service?9?$DOMacString?5?$CB?$DN?5?$CI?$CIvoid@ 0000d084     Tcp4Dxe:Tcp4Misc.obj
 0002:000010ac       ??_C@_0CL@OCJOEBOP@TcpSendIpPacket?3?5No?5appropriate?5@ 0000d0ac     Tcp4Dxe:Tcp4Io.obj
 0002:000010d8       ??_C@_0CC@GHLGNDAG@TcpSendIpPacket?3?5return?5?$CFr?5error@ 0000d0d8     Tcp4Dxe:Tcp4Io.obj
 0002:000010fc       ??_C@_0BE@FHMKCEAK@Ip4?5?$CB?$DN?5?$CI?$CIvoid?5?$CK?$CJ?50?$CJ?$AA@ 0000d0fc     Tcp4Dxe:Tcp4Dispatcher.obj
 0002:00001110       ??_C@_0EH@PBOHINBH@d?3?2myworkspace?2MdeModulePkg?2Univ@ 0000d110     Tcp4Dxe:Tcp4Dispatcher.obj
 0002:00001158       ??_C@_0DB@NGFPKMFK@Tcp4Bind?3?5no?5port?5can?5be?5allocat@ 0000d158     Tcp4Dxe:Tcp4Dispatcher.obj
 0002:0000118c       ??_C@_0CM@HJEBHIGC@Tcp4ConfigurePcb?3?5failed?5to?5allo@ 0000d18c     Tcp4Dxe:Tcp4Dispatcher.obj
 0002:000011b8       ??_C@_0FG@LCOHCDFI@?$CICfgData?5?$CB?$DN?5?$CI?$CIvoid?5?$CK?$CJ?50?$CJ?$CJ?5?$CG?$CG?5?$CISk@ 0000d1b8     Tcp4Dxe:Tcp4Dispatcher.obj
 0002:00001210       ??_C@_0DA@EPBNLJCO@Tcp4ConfigurePcb?3?5Bind?5endpoint?5@ 0000d210     Tcp4Dxe:Tcp4Dispatcher.obj
 0002:00001240       ??_C@_0EM@HCKADPHN@Tcb?9?$DOState?5?$DN?$DN?50?5?$CG?$CG?5IsListEmpty?5?$CI@ 0000d240     Tcp4Dxe:Tcp4Dispatcher.obj
 0002:0000128c       ??_C@_0DA@CGCACGEK@?$CIData?5?$CB?$DN?5?$CI?$CIvoid?5?$CK?$CJ?50?$CJ?$CJ?5?$CG?$CG?5?$CITcb?5?$CB@ 0000d28c     Tcp4Dxe:Tcp4Dispatcher.obj
 0002:000012c0       ??_C@_0EI@JINEIAIH@?$CISockBuffer?5?$CB?$DN?5?$CI?$CIvoid?5?$CK?$CJ?50?$CJ?$CJ?5?$CG?$CG?5@ 0000d2c0     Tcp4Dxe:SockImpl.obj
 0002:00001308       ??_C@_0EB@MEABFAC@d?3?2myworkspace?2MdeModulePkg?2Univ@ 0000d308     Tcp4Dxe:SockImpl.obj
 0002:0000134c       ??_C@_0BM@BAENILHI@RcvBufEntry?5?$CB?$DN?5?$CI?$CIvoid?5?$CK?$CJ?50?$CJ?$AA@ 0000d34c     Tcp4Dxe:SockImpl.obj
 0002:00001368       ??_C@_0CA@GKLNBCKH@RxData?9?$DODataLength?5?$DO?$DN?5RcvdBytes?$AA@ 0000d368     Tcp4Dxe:SockImpl.obj
 0002:00001388       ??_C@_0DG@OLLDCMEP@SockKProcessSndData?3?5Failed?5to?5c@ 0000d388     Tcp4Dxe:SockImpl.obj
 0002:000013c0       ??_C@_0DN@FAEEONGK@?$CISock?5?$CB?$DN?5?$CI?$CIvoid?5?$CK?$CJ?50?$CJ?$CJ?5?$CG?$CG?5?$CIPendi@ 0000d3c0     Tcp4Dxe:SockImpl.obj
 0002:00001400       ??_C@_0CG@NPEDHFDK@Sock?9?$DOConnectionToken?5?$CB?$DN?5?$CI?$CIvoid?5@ 0000d400     Tcp4Dxe:SockImpl.obj
 0002:00001428       ??_C@_0EL@DFFNMNI@?$CIParent?5?$CB?$DN?5?$CI?$CIvoid?5?$CK?$CJ?50?$CJ?$CJ?5?$CG?$CG?5?$CI?$CIPa@ 0000d428     Tcp4Dxe:SockImpl.obj
 0002:00001474       ??_C@_0DI@ILDOHNHM@SockWakeListenToken?3?5accept?5a?5so@ 0000d474     Tcp4Dxe:SockImpl.obj
 0002:000014ac       ??_C@_0CK@JNDFFOGB@Sock?9?$DORcvBuffer?4DataQueue?5?$CB?$DN?5?$CI?$CIv@ 0000d4ac     Tcp4Dxe:SockImpl.obj
 0002:000014d8       ??_C@_0O@PMDBAPOH@RcvdBytes?5?$DO?50?$AA@ 0000d4d8     Tcp4Dxe:SockImpl.obj
 0002:000014e8       ??_C@_0DF@COAAPGBA@?$CISock?5?$CB?$DN?5?$CI?$CIvoid?5?$CK?$CJ?50?$CJ?$CJ?5?$CG?$CG?5?$CISockS@ 0000d4e8     Tcp4Dxe:SockImpl.obj
 0002:00001520       ??_C@_0EP@CPLBLBEL@?$CISockInitData?5?$CB?$DN?5?$CI?$CIvoid?5?$CK?$CJ?50?$CJ?$CJ?5?$CG@ 0000d520     Tcp4Dxe:SockImpl.obj
 0002:00001570       ??_C@_0CB@ILIIBGPF@SockInitData?9?$DOType?5?$DN?$DN?5SockStream@ 0000d570     Tcp4Dxe:SockImpl.obj
 0002:00001598       ??_C@_0EM@OCAFLBOG@?$CISockInitData?9?$DOProtoData?5?$CB?$DN?5?$CI?$CIvo@ 0000d598     Tcp4Dxe:SockImpl.obj
 0002:000015e8       ??_C@_0FL@PEJBEBIL@SockCreate?3?5Socket?5parent?5has?5re@ 0000d5e8     Tcp4Dxe:SockImpl.obj
 0002:00001644       ??_C@_0DA@NLLIPIHL@SockCreate?3?5No?5resource?5to?5creat@ 0000d644     Tcp4Dxe:SockImpl.obj
 0002:00001674       ??_C@_0DO@KMNGAMAA@SockCreate?3?5No?5resource?5to?5alloc@ 0000d674     Tcp4Dxe:SockImpl.obj
 0002:000016b4       ??_C@_0DO@JPKGFAOH@SockCreate?3?5No?5resource?5to?5alloc@ 0000d6b4     Tcp4Dxe:SockImpl.obj
 0002:000016f4       ??_C@_0DL@MFINPJKO@SockCreate?3?5Install?5TCP?5protocol@ 0000d6f4     Tcp4Dxe:SockImpl.obj
 0002:00001730       ??_C@_0BE@EJIINIMH@Parent?9?$DOBackLog?5?$DO?50?$AA@ 0000d730     Tcp4Dxe:SockImpl.obj
 0002:00001744       ??_C@_0BH@OFJIDOHE@?$CI?$CIParent?$CJ?9?$DOState?5?$DN?$DN?51?$CJ?$AA@ 0000d744     Tcp4Dxe:SockImpl.obj
 0002:00001760       ??_C@_0EG@NFJFAPAN@SockCreate?3?5Create?5a?5new?5socket?5@ 0000d760     Tcp4Dxe:SockImpl.obj
 0002:000017a8       ??_C@_0EG@KJFDCIGA@SockDestroy?3?5Delete?5a?5unaccepted@ 0000d7a8     Tcp4Dxe:SockImpl.obj
 0002:000017f0       ??_C@_0DP@JOGFDDAB@SockDestroy?3?5Open?5protocol?5insta@ 0000d7f0     Tcp4Dxe:SockImpl.obj
 0002:00001830       ??_C@_0DA@HJKMBOFG@SockClone?3?5no?5resource?5to?5create@ 0000d830     Tcp4Dxe:SockImpl.obj
 0002:00001860       ??_C@_0BB@OLLKPCGG@2?5?$DN?$DN?5Sock?9?$DOState?$AA@ 0000d860     Tcp4Dxe:SockImpl.obj
 0002:00001874       ??_C@_0CN@EPFNEOFN@?$CBIsListEmpty?5?$CI?$CGSock?9?$DOProcessingS@ 0000d874     Tcp4Dxe:SockImpl.obj
 0002:000018a4       ??_C@_0CO@MLMDPHLK@Count?5?$DM?$DN?5?$CISock?9?$DOSndBuffer?4DataQu@ 0000d8a4     Tcp4Dxe:SockImpl.obj
 0002:000018d4       ??_C@_0DD@MOPLGMFP@?$CISock?5?$CB?$DN?5?$CI?$CIvoid?5?$CK?$CJ?50?$CJ?$CJ?5?$CG?$CG?5SockSt@ 0000d8d4     Tcp4Dxe:SockImpl.obj
 0002:00001908       ??_C@_0GI@LFLFCPBI@?$CISock?5?$CB?$DN?5?$CI?$CIvoid?5?$CK?$CJ?50?$CJ?$CJ?5?$CG?$CG?5?$CISock?9@ 0000d908     Tcp4Dxe:SockImpl.obj
 0002:00001970       ??_C@_0DJ@MFIMLJIM@?$CISock?5?$CB?$DN?5?$CI?$CIvoid?5?$CK?$CJ?50?$CJ?$CJ?5?$CG?$CG?5?$CI?$CI0?5?$DN?$DN@ 0000d970     Tcp4Dxe:SockImpl.obj
 0002:000019ac       ??_C@_0CO@PJLFDEHL@0?5?$DN?$DN?5?$CI?$CI?$CISock?$CJ?9?$DORcvBuffer?4DataQue@ 0000d9ac     Tcp4Dxe:SockImpl.obj
 0002:000019dc       ??_C@_0BD@KINAEDKH@Sk?5?$CB?$DN?5?$CI?$CIvoid?5?$CK?$CJ?50?$CJ?$AA@ 0000d9dc     Tcp4Dxe:Tcp4Output.obj
 0002:000019f0       ??_C@_0ED@PKIIMJGK@d?3?2myworkspace?2MdeModulePkg?2Univ@ 0000d9f0     Tcp4Dxe:Tcp4Output.obj
 0002:00001a38       ??_C@_0EK@GGBPDEDG@?$CI?$CIINT32?$CJ?5?$CI?$CITcb?9?$DOSndNxt?$CJ?5?9?5?$CI?$CI?$CITCP@ 0000da38     Tcp4Dxe:Tcp4Output.obj
 0002:00001a84       ??_C@_0DC@FLNFOIDB@TcpDataToSend?3?5enter?5persistent?5@ 0000da84     Tcp4Dxe:Tcp4Output.obj
 0002:00001ab8       ??_C@_0FI@DDFLPHHH@?$CINbuf?5?$CB?$DN?5?$CI?$CIvoid?5?$CK?$CJ?50?$CJ?$CJ?5?$CG?$CG?5?$CINbuf?9@ 0000dab8     Tcp4Dxe:Tcp4Output.obj
 0002:00001b10       ??_C@_0BO@JOEHPCF@?$CILen?5?$CF?54?5?$DN?$DN?50?$CJ?5?$CG?$CG?5?$CILen?5?$DM?$DN?540?$CJ?$AA@ 0000db10     Tcp4Dxe:Tcp4Output.obj
 0002:00001b30       ??_C@_0EN@CIOEAHHL@?$CITcb?5?$CB?$DN?5?$CI?$CIvoid?5?$CK?$CJ?50?$CJ?$CJ?5?$CG?$CG?5?$CI?$CIINT32@ 0000db30     Tcp4Dxe:Tcp4Output.obj
 0002:00001b80       ??_C@_0M@OLNEMNEG@Cur?5?$CB?$DN?5Head?$AA@ 0000db80     Tcp4Dxe:Tcp4Output.obj
 0002:00001b8c       ??_C@_0BF@CBLMFKOC@Node?5?$CB?$DN?5?$CI?$CIvoid?5?$CK?$CJ?50?$CJ?$AA@ 0000db8c     Tcp4Dxe:Tcp4Output.obj
 0002:00001ba4       ??_C@_0BE@LDHJGILL@Seg?5?$CB?$DN?5?$CI?$CIvoid?5?$CK?$CJ?50?$CJ?$AA@ 0000dba4     Tcp4Dxe:Tcp4Output.obj
 0002:00001bb8       ??_C@_0N@NJKHHBAK@CopyLen?5?$DO?$DN?50?$AA@ 0000dbb8     Tcp4Dxe:Tcp4Output.obj
 0002:00001bc8       ??_C@_0BF@OBJIPFIC@Data?5?$CB?$DN?5?$CI?$CIvoid?5?$CK?$CJ?50?$CJ?$AA@ 0000dbc8     Tcp4Dxe:Tcp4Output.obj
 0002:00001be0       ??_C@_0DD@KIKIBFOM@?$CITcb?5?$CB?$DN?5?$CI?$CIvoid?5?$CK?$CJ?50?$CJ?$CJ?5?$CG?$CG?5?$CITcb?9?$DOS@ 0000dbe0     Tcp4Dxe:Tcp4Output.obj
 0002:00001c14       ??_C@_0DL@IAMMLPHA@TcpGetSegmentSock?3?5failed?5to?5all@ 0000dc14     Tcp4Dxe:Tcp4Output.obj
 0002:00001c50       ??_C@_0BN@ENIBPGJO@TcpVerifySegment?5?$CINbuf?$CJ?5?$CB?$DN?50?$AA@ 0000dc50     Tcp4Dxe:Tcp4Output.obj
 0002:00001c70       ??_C@_0FC@LJBCDKLC@TcpRetransmit?3?5retransmission?5ca@ 0000dc70     Tcp4Dxe:Tcp4Output.obj
 0002:00001cc4       ??_C@_0BK@EFAMENHB@Nbuf?9?$DOTcp?5?$CB?$DN?5?$CI?$CIvoid?5?$CK?$CJ?50?$CJ?$AA@ 0000dcc4     Tcp4Dxe:Tcp4Output.obj
 0002:00001ce0       ??_C@_0EI@DGMCPGPI@?$CITcb?5?$CB?$DN?5?$CI?$CIvoid?5?$CK?$CJ?50?$CJ?$CJ?5?$CG?$CG?5?$CITcb?9?$DOS@ 0000dce0     Tcp4Dxe:Tcp4Output.obj
 0002:00001d28       ??_C@_0EA@MGNJMILF@?$CITcb?9?$DOState?$CJ?5?$DM?5?$CIsizeof?5?$CImTcpOutF@ 0000dd28     Tcp4Dxe:Tcp4Output.obj
 0002:00001d68       ??_C@_0DD@POJLAJIC@TcpToSendData?3?5failed?5to?5get?5a?5s@ 0000dd68     Tcp4Dxe:Tcp4Output.obj
 0002:00001d9c       ??_C@_0DI@DJJEIGF@TcpToSendData?3?5send?5FIN?5to?5peer?5@ 0000dd9c     Tcp4Dxe:Tcp4Output.obj
 0002:00001dd4       ??_C@_0CD@GKNNKAND@TcpCheckSndQue?5?$CI?$CGTcb?9?$DOSndQue?$CJ?5?$CB?$DN@ 0000ddd4     Tcp4Dxe:Tcp4Output.obj
 0002:00001df8       ??_C@_0EA@HJEMBCMB@TcpToSendData?3?5created?5a?5empty?5s@ 0000ddf8     Tcp4Dxe:Tcp4Output.obj
 0002:00001e38       ??_C@_0DH@OHIANPHK@TcpToSendData?3?5set?5RTT?5measure?5s@ 0000de38     Tcp4Dxe:Tcp4Output.obj
 0002:00001e70       ??_C@_0DC@NGJBHHGA@TcpToSendAck?3?5scheduled?5a?5delaye@ 0000de70     Tcp4Dxe:Tcp4Output.obj
 0002:00001ea8       ??_C@_0GL@IFMHLCLE@?$CI?$CINbuf?$CJ?5?$CB?$DN?5?$CI?$CIvoid?5?$CK?$CJ?50?$CJ?$CJ?5?$CG?$CG?5?$CI?$CINb@ 0000dea8     Tcp4Dxe:Tcp4Output.obj
 0002:00001f18       ??_C@_0ED@IDEFKMIF@d?3?2myworkspace?2MdeModulePkg?2Univ@ 0000df18     Tcp4Dxe:Tcp4Option.obj
 0002:00001f60       ??_C@_0EP@IGPEGGPD@?$CITcb?5?$CB?$DN?5?$CI?$CIvoid?5?$CK?$CJ?50?$CJ?$CJ?5?$CG?$CG?5?$CINbuf?5?$CB@ 0000df60     Tcp4Dxe:Tcp4Option.obj
 0002:00001fb0       ??_C@_0DC@EEELABNP@?$CITcp?5?$CB?$DN?5?$CI?$CIvoid?5?$CK?$CJ?50?$CJ?$CJ?5?$CG?$CG?5?$CIOption@ 0000dfb0     Tcp4Dxe:Tcp4Option.obj
 0002:00001fe8       ??_C@_0EL@OIHMCNAI@TcpFastRecover?3?5enter?5fast?5retra@ 0000dfe8     Tcp4Dxe:Tcp4Input.obj
 0002:00002038       ??_C@_0EB@HDIEAPBA@TcpFastRecover?3?5received?5another@ 0000e038     Tcp4Dxe:Tcp4Input.obj
 0002:00002080       ??_C@_0EI@COLCCDBH@TcpFastRecover?3?5received?5a?5full?5@ 0000e080     Tcp4Dxe:Tcp4Input.obj
 0002:000020c8       ??_C@_0DH@PLMMJIMD@TcpFastRecover?3?5received?5a?5parti@ 0000e0c8     Tcp4Dxe:Tcp4Input.obj
 0002:00002100       ??_C@_0DI@IMPKFFOM@TcpFastLossRecover?3?5received?5a?5f@ 0000e100     Tcp4Dxe:Tcp4Input.obj
 0002:00002138       ??_C@_0DL@KEBLGCNJ@TcpFastLossRecover?3?5received?5a?5p@ 0000e138     Tcp4Dxe:Tcp4Input.obj
 0002:00002178       ??_C@_0EI@HKNFAOJL@TcpComputeRtt?3?5new?5RTT?5for?5TCB?5?$CF@ 0000e178     Tcp4Dxe:Tcp4Input.obj
 0002:000021c0       ??_C@_0EC@DPMIMIGC@d?3?2myworkspace?2MdeModulePkg?2Univ@ 0000e1c0     Tcp4Dxe:Tcp4Input.obj
 0002:00002204       ??_C@_0BK@EAJKACH@Nbuf?9?$DOTcp?5?$DN?$DN?5?$CI?$CIvoid?5?$CK?$CJ?50?$CJ?$AA@ 0000e204     Tcp4Dxe:Tcp4Input.obj
 0002:00002220       ??_C@_0EP@EAMFMCMP@TcpDeliverData?3?5data?5received?5af@ 0000e220     Tcp4Dxe:Tcp4Input.obj
 0002:00002270       ??_C@_0DE@EKOMNHBO@TcpDeliverData?3?5processing?5FIN?5f@ 0000e270     Tcp4Dxe:Tcp4Input.obj
 0002:000022a8       ??_C@_0EL@DBPCOPCI@Connection?5closed?5immediately?5be@ 0000e2a8     Tcp4Dxe:Tcp4Input.obj
 0002:000022f4       ??_C@_0CL@DKLFAKGG@TcpInput?3?5received?5an?5mal?9format@ 0000e2f4     Tcp4Dxe:Tcp4Input.obj
 0002:00002320       ??_C@_0CK@EDDKFDPN@TcpInput?3?5send?5reset?5because?5no?5@ 0000e320     Tcp4Dxe:Tcp4Input.obj
 0002:00002350       ??_C@_0EC@OOOAPBOE@TcpInput?3?5reset?5the?5peer?5because@ 0000e350     Tcp4Dxe:Tcp4Input.obj
 0002:00002394       ??_C@_0DL@HIGIJJFG@TcpInput?3?5discard?5a?5reset?5segmen@ 0000e394     Tcp4Dxe:Tcp4Input.obj
 0002:000023d0       ??_C@_0EK@FDBCBHLG@TcpInput?3?5send?5reset?5because?5of?5@ 0000e3d0     Tcp4Dxe:Tcp4Input.obj
 0002:00002420       ??_C@_0EH@OJJGLBFC@TcpInput?3?5discard?5a?5segment?5beca@ 0000e420     Tcp4Dxe:Tcp4Input.obj
 0002:00002468       ??_C@_0DC@PKFGNGH@TcpInput?3?5create?5a?5child?5for?5TCB@ 0000e468     Tcp4Dxe:Tcp4Input.obj
 0002:000024a0       ??_C@_0EL@EIANFNHO@TcpInput?3?5send?5reset?5because?5of?5@ 0000e4a0     Tcp4Dxe:Tcp4Input.obj
 0002:000024ec       ??_C@_0DL@JJCDFPPD@TcpInput?3?5connection?5reset?5by?5pe@ 0000e4ec     Tcp4Dxe:Tcp4Input.obj
 0002:00002528       ??_C@_0EM@NPDFBOKP@TcpInput?3?5discard?5a?5reset?5segmen@ 0000e528     Tcp4Dxe:Tcp4Input.obj
 0002:00002574       ??_C@_0DJ@CLCGNILB@TcpInput?3?5connection?5established@ 0000e574     Tcp4Dxe:Tcp4Input.obj
 0002:000025b0       ??_C@_0BM@PBBLGGK@Tcb?9?$DOSndNxt?5?$DN?$DN?5Tcb?9?$DOIss?5?$CL?51?$AA@ 0000e5b0     Tcp4Dxe:Tcp4Input.obj
 0002:000025cc       ??_C@_0DD@MHOFIHCA@TcpInput?3?5simultanous?5open?5for?5T@ 0000e5cc     Tcp4Dxe:Tcp4Input.obj
 0002:00002600       ??_C@_0EB@PEGFNLKM@TcpInput?3?5sequence?5acceptance?5te@ 0000e600     Tcp4Dxe:Tcp4Input.obj
 0002:00002644       ??_C@_0CH@LPGMAFBP@TcpInput?3?5connection?5reset?5for?5T@ 0000e644     Tcp4Dxe:Tcp4Input.obj
 0002:00002670       ??_C@_0EC@FOGKOBOK@TcpInput?3?5connection?5reset?5becau@ 0000e670     Tcp4Dxe:Tcp4Input.obj
 0002:000026b8       ??_C@_0EC@IPOAEBBM@TcpInput?3?5segment?5discard?5becaus@ 0000e6b8     Tcp4Dxe:Tcp4Input.obj
 0002:000026fc       ??_C@_0DK@GGHPKELM@TcpInput?3?5connection?5established@ 0000e6fc     Tcp4Dxe:Tcp4Input.obj
 0002:00002738       ??_C@_0EC@ICDNHGCN@TcpInput?3?5send?5reset?5because?5of?5@ 0000e738     Tcp4Dxe:Tcp4Input.obj
 0002:0000277c       ??_C@_0DL@GCAMCCOC@TcpInput?3?5ignore?5the?5out?9of?9data@ 0000e77c     Tcp4Dxe:Tcp4Input.obj
 0002:000027b8       ??_C@_0DP@CCOLDCLO@TcpInput?3?5discard?5segment?5for?5fu@ 0000e7b8     Tcp4Dxe:Tcp4Input.obj
 0002:000027f8       ??_C@_0BH@EBHNKDEG@Tcb?9?$DOCongestState?5?$DN?$DN?53?$AA@ 0000e7f8     Tcp4Dxe:Tcp4Input.obj
 0002:00002810       ??_C@_0DI@MNAPMKHC@TcpInput?3?5peer?5shrinks?5the?5windo@ 0000e810     Tcp4Dxe:Tcp4Input.obj
 0002:00002848       ??_C@_0DL@GBBFMMHP@TcpInput?3?5local?5FIN?5is?5ACKed?5by?5@ 0000e848     Tcp4Dxe:Tcp4Input.obj
 0002:00002884       ??_C@_0DP@LOFLCKON@TcpInput?3?5received?5urgent?5data?5f@ 0000e884     Tcp4Dxe:Tcp4Input.obj
 0002:000028c8       ??_C@_0EG@FDPJIBIA@TcpInput?3?5connection?5reset?5becau@ 0000e8c8     Tcp4Dxe:Tcp4Input.obj
 0002:00002910       ??_C@_0BN@ECHEBBNN@Tcp4Input?3?5Discard?5a?5packet?6?$AA@ 0000e910     Tcp4Dxe:Tcp4Input.obj
 0002:00002930       ??_C@_0BI@CADIBEOM@Tcb?9?$DOSk?5?$CB?$DN?5?$CI?$CIvoid?5?$CK?$CJ?50?$CJ?$AA@ 0000e930     Tcp4Dxe:Tcp4Input.obj
 0002:00002948       ??_C@_0BF@NJNGJMPC@List?5?$CB?$DN?5?$CI?$CIvoid?5?$CK?$CJ?50?$CJ?$AA@ 0000e948     BaseLib:LinkedList.obj
 0002:00002960       ??_C@_0DD@EHJNIBEL@d?3?2myworkspace?2MdePkg?2Library?2Ba@ 0000e960     BaseLib:LinkedList.obj
 0002:00002994       ??_C@_0CC@KDLPLAED@List?9?$DOForwardLink?5?$CB?$DN?5?$CI?$CIvoid?5?$CK?$CJ?50@ 0000e994     BaseLib:LinkedList.obj
 0002:000029b8       ??_C@_0BP@IJJCCMAK@List?9?$DOBackLink?5?$CB?$DN?5?$CI?$CIvoid?5?$CK?$CJ?50?$CJ?$AA@ 0000e9b8     BaseLib:LinkedList.obj
 0002:000029d8       ??_C@_0DG@IMEFJFAE@Count?5?$DM?5_gPcd_FixedAtBuild_PcdMa@ 0000e9d8     BaseLib:LinkedList.obj
 0002:00002a10       ??_C@_0BJ@NJABNCDK@ListHead?5?$CB?$DN?5?$CI?$CIvoid?5?$CK?$CJ?50?$CJ?$AA@ 0000ea10     BaseLib:LinkedList.obj
 0002:00002a30       ??_C@_0EB@JGCKPMLP@InternalBaseLibIsNodeInList?5?$CILis@ 0000ea30     BaseLib:LinkedList.obj
 0002:00002a74       ??_C@_0DM@PHLIJEML@InternalBaseLibIsNodeInList?5?$CILis@ 0000ea74     BaseLib:LinkedList.obj
 0002:00002ab0       ??_C@_0DM@NCFNNADL@InternalBaseLibIsNodeInList?5?$CILis@ 0000eab0     BaseLib:LinkedList.obj
 0002:00002af0       ??_C@_0EE@BFCMBGFO@InternalBaseLibIsNodeInList?5?$CILis@ 0000eaf0     BaseLib:LinkedList.obj
 0002:00002b34       ??_C@_0BF@NMBJJECB@?$CBIsListEmpty?5?$CIEntry?$CJ?$AA@ 0000eb34     BaseLib:LinkedList.obj
 0002:00002b4c       ??_C@_0BM@NLNKOJGD@Destination?5?$CB?$DN?5?$CI?$CIvoid?5?$CK?$CJ?50?$CJ?$AA@ 0000eb4c     BaseLib:String.obj
 0002:00002b68       ??_C@_0CP@EAMGNBHJ@d?3?2myworkspace?2MdePkg?2Library?2Ba@ 0000eb68     BaseLib:String.obj
 0002:00002b98       ??_C@_0CI@LLKACKFD@?$CI?$CIUINTN?$CJ?5Destination?5?$CG?50x0000000@ 0000eb98     BaseLib:String.obj
 0002:00002bc0       ??_C@_0DA@MIOLHJCL@?$CIUINTN?$CJ?$CIDestination?5?9?5Source?$CJ?5?$DO?5@ 0000ebc0     BaseLib:String.obj
 0002:00002bf0       ??_C@_0DA@KDPHFAHA@?$CIUINTN?$CJ?$CISource?5?9?5Destination?$CJ?5?$DO?5@ 0000ebf0     BaseLib:String.obj
 0002:00002c20       ??_C@_0BH@MAAHKCPC@String?5?$CB?$DN?5?$CI?$CIvoid?5?$CK?$CJ?50?$CJ?$AA@ 0000ec20     BaseLib:String.obj
 0002:00002c38       ??_C@_0CD@BDCLIGHD@?$CI?$CIUINTN?$CJ?5String?5?$CG?50x00000001?$CJ?5?$DN?$DN@ 0000ec38     BaseLib:String.obj
 0002:00002c5c       ??_C@_0DK@EOJCOAME@Length?5?$DM?5_gPcd_FixedAtBuild_PcdM@ 0000ec5c     BaseLib:String.obj
 0002:00002c98       ??_C@_0BL@JAAMOCAJ@StrSize?5?$CIFirstString?$CJ?5?$CB?$DN?50?$AA@ 0000ec98     BaseLib:String.obj
 0002:00002cb4       ??_C@_0BM@DALBOILC@StrSize?5?$CISecondString?$CJ?5?$CB?$DN?50?$AA@ 0000ecb4     BaseLib:String.obj
 0002:00002cd0       ??_C@_0DF@CDKFFDDI@?$CIUINTN?$CJ?$CIDestination?5?9?5Source?$CJ?5?$DO?5@ 0000ecd0     BaseLib:String.obj
 0002:00002d08       ??_C@_0DF@CCGJKFCO@?$CIUINTN?$CJ?$CISource?5?9?5Destination?$CJ?5?$DO?5@ 0000ed08     BaseLib:String.obj
 0002:00002d40       ??_C@_0DJ@JJHGIFMP@Length?5?$DM?$DN?5_gPcd_FixedAtBuild_Pcd@ 0000ed40     BaseLib:String.obj
 0002:00002d7c       ??_C@_0DI@MDIKFADO@Length?5?$DM?5_gPcd_FixedAtBuild_PcdM@ 0000ed7c     BaseLib:String.obj
 0002:00002db4       ??_C@_0BL@IKFBNFIL@AsciiStrSize?5?$CIFirstString?$CJ?$AA@ 0000edb4     BaseLib:String.obj
 0002:00002dd0       ??_C@_0BM@EDNOKLLE@AsciiStrSize?5?$CISecondString?$CJ?$AA@ 0000edd0     BaseLib:String.obj
 0002:00002dec       ??_C@_0N@KGHEHMDL@Divisor?5?$CB?$DN?50?$AA@ 0000edec     BaseLib:DivU64x32.obj
 0002:00002dfc       ??_C@_0BL@JFODOCGB@DevicePath?5?$CB?$DN?5?$CI?$CIvoid?5?$CK?$CJ?50?$CJ?$AA@ 0000edfc     UefiDevicePathLib:UefiDevicePathLib.obj
 0002:00002e18       ??_C@_0EE@FMLOGMHH@d?3?2myworkspace?2MdePkg?2Library?2Ue@ 0000ee18     UefiDevicePathLib:UefiDevicePathLib.obj
 0002:00002e5c       ??_C@_0CM@OCJNHBHB@Length?5?$DO?$DN?5sizeof?5?$CIEFI_DEVICE_PAT@ 0000ee5c     UefiDevicePathLib:UefiDevicePathLib.obj
 0002:00002e88       _mUefiDevicePathLibEndDevicePath 0000ee88     UefiDevicePathLib:UefiDevicePathLib.obj
 0002:00002e8c       ??_C@_0BF@FJHJDOEI@IpIo?9?$DOIpVersion?5?$DN?$DN?54?$AA@ 0000ee8c     DxeIpIoLib:DxeIpIoLib.obj
 0002:00002ea4       ??_C@_0DM@BKLPNMBD@d?3?2myworkspace?2MdeModulePkg?2Libr@ 0000eea4     DxeIpIoLib:DxeIpIoLib.obj
 0002:00002ee0       ??_C@_0BF@GLEPFMMK@IpIo?9?$DOIpVersion?5?$DN?$DN?56?$AA@ 0000eee0     DxeIpIoLib:DxeIpIoLib.obj
 0002:00002ef8       ??_C@_0BN@KNIIEBKA@RecycleEvent?5?$CB?$DN?5?$CI?$CIvoid?5?$CK?$CJ?50?$CJ?$AA@ 0000eef8     DxeIpIoLib:DxeIpIoLib.obj
 0002:00002f18       ??_C@_0CF@BLOJFCO@?$CIIpVersion?5?$DN?$DN?54?$CJ?5?$HM?$HM?5?$CIIpVersion?5?$DN@ 0000ef18     DxeIpIoLib:DxeIpIoLib.obj
 0002:00002f40       ??_C@_0CE@LEAHDONK@IsListEmpty?5?$CI?$CGIpIo?9?$DOPendingSndLi@ 0000ef40     DxeIpIoLib:DxeIpIoLib.obj
 0002:00002f64       ??_C@_0DB@DFFPJJML@?$CIIpIo?9?$DOIpVersion?5?$CB?$DN?54?$CJ?5?$HM?$HM?5?$CIDest?5@ 0000ef64     DxeIpIoLib:DxeIpIoLib.obj
 0002:00002f98       ??_C@_0BF@NHCICEBK@IpIo?5?$CB?$DN?5?$CI?$CIvoid?5?$CK?$CJ?50?$CJ?$AA@ 0000ef98     DxeIpIoLib:DxeIpIoLib.obj
 0002:00002fb0       ??_C@_0BH@NIPIOMK@IpInfo?5?$CB?$DN?5?$CI?$CIvoid?5?$CK?$CJ?50?$CJ?$AA@ 0000efb0     DxeIpIoLib:DxeIpIoLib.obj
 0002:00002fc8       ??_C@_0BD@LFDBDGM@IpInfo?9?$DORefCnt?5?$DO?50?$AA@ 0000efc8     DxeIpIoLib:DxeIpIoLib.obj
 0002:00002fdc       ??_C@_0P@KHLDMCPF@IcmpError?5?$DM?$DN?59?$AA@ 0000efdc     DxeIpIoLib:DxeIpIoLib.obj
 0002:00002fec       ??_C@_0BC@FEDIJHFF@?$CI?$CIBOOLEAN?$CJ?$CI0?$DN?$DN1?$CJ?$CJ?$AA@ 0000efec     DxeIpIoLib:DxeIpIoLib.obj
 0002:00003000       ??_C@_0BH@LKMBFCBF@Format?5?$CB?$DN?5?$CI?$CIvoid?5?$CK?$CJ?50?$CJ?$AA@ 0000f000     PeiDxeDebugLibReportStatusCode:DebugLib.obj
 0002:00003018       ??_C@_0FJ@PPEMNEPO@d?3?2myworkspace?2IntelFrameworkMod@ 0000f018     PeiDxeDebugLibReportStatusCode:DebugLib.obj
 0002:00003074       ??_C@_0CI@HIINONDG@?$CICHAR8?5?$CK?$CJBaseListMarker?5?$DM?$DN?5Forma@ 0000f074     PeiDxeDebugLibReportStatusCode:DebugLib.obj
 0002:0000309c       ??_C@_0BH@IACGKAP@Buffer?5?$CB?$DN?5?$CI?$CIvoid?5?$CK?$CJ?50?$CJ?$AA@ 0000f09c     PeiDxeDebugLibReportStatusCode:DebugLib.obj
 0002:000030b8       ??_C@_0EM@MDJMIFIM@d?3?2myworkspace?2MdePkg?2Library?2Ue@ 0000f0b8     UefiMemoryAllocationLib:MemoryAllocationLib.obj
 0002:00003104       ??_C@_0DE@FCAJAHCJ@AllocationSize?5?$DM?$DN?5?$CI0xFFFFFFFF?5?9?5@ 0000f104     UefiMemoryAllocationLib:MemoryAllocationLib.obj
 0002:00003138       ??_C@_0DI@PHOMHDKH@?$CILength?5?9?51?$CJ?5?$DM?$DN?5?$CI0xFFFFFFFF?5?9?5?$CIU@ 0000f138     BaseMemoryLibOptDxe:CopyMemWrapper.obj
 0002:00003170       ??_C@_0ED@GBCNNLAE@d?3?2myworkspace?2MdePkg?2Library?2Ba@ 0000f170     BaseMemoryLibOptDxe:CopyMemWrapper.obj
 0002:000031b4       ??_C@_0DD@DCDOHCDJ@?$CILength?5?9?51?$CJ?5?$DM?$DN?5?$CI0xFFFFFFFF?5?9?5?$CIU@ 0000f1b4     BaseMemoryLibOptDxe:CopyMemWrapper.obj
 0002:000031e8       ??_C@_0CI@MNELLLEK@?$CB?$CIBuffer?5?$DN?$DN?5?$CI?$CIvoid?5?$CK?$CJ?50?$CJ?5?$CG?$CG?5Leng@ 0000f1e8     BaseMemoryLibOptDxe:ZeroMemWrapper.obj
 0002:00003210       ??_C@_0ED@NFIPLKMD@d?3?2myworkspace?2MdePkg?2Library?2Ba@ 0000f210     BaseMemoryLibOptDxe:ZeroMemWrapper.obj
 0002:00003254       ??_C@_0CL@OBMFBPED@Length?5?$DM?$DN?5?$CI0xFFFFFFFF?5?9?5?$CIUINTN?$CJB@ 0000f254     BaseMemoryLibOptDxe:ZeroMemWrapper.obj
 0002:00003280       ??_C@_0CC@JOEHDGKB@DestinationBuffer?5?$CB?$DN?5?$CI?$CIvoid?5?$CK?$CJ?50@ 0000f280     BaseMemoryLibOptDxe:CompareMemWrapper.obj
 0002:000032a8       ??_C@_0EG@KIBCAHOO@d?3?2myworkspace?2MdePkg?2Library?2Ba@ 0000f2a8     BaseMemoryLibOptDxe:CompareMemWrapper.obj
 0002:000032f0       ??_C@_0BN@MDMCNBCC@SourceBuffer?5?$CB?$DN?5?$CI?$CIvoid?5?$CK?$CJ?50?$CJ?$AA@ 0000f2f0     BaseMemoryLibOptDxe:CompareMemWrapper.obj
 0002:00003310       ??_C@_0CN@BPIPMCPJ@?$CILength?5?9?51?$CJ?5?$DM?$DN?5?$CI0xFFFFFFFF?5?9?5?$CIU@ 0000f310     BaseMemoryLibOptDxe:SetMemWrapper.obj
 0002:00003340       ??_C@_0EC@KILAAFLC@d?3?2myworkspace?2MdePkg?2Library?2Ba@ 0000f340     BaseMemoryLibOptDxe:SetMemWrapper.obj
 0002:00003384       ??_C@_0BN@COECPDCC@gImageHandle?5?$CB?$DN?5?$CI?$CIvoid?5?$CK?$CJ?50?$CJ?$AA@ 0000f384     UefiBootServicesTableLib:UefiBootServicesTableLib.obj
 0002:000033a8       ??_C@_0FC@CHGHPDAC@d?3?2myworkspace?2MdePkg?2Library?2Ue@ 0000f3a8     UefiBootServicesTableLib:UefiBootServicesTableLib.obj
 0002:000033fc       ??_C@_0BE@DGNHAHIL@gST?5?$CB?$DN?5?$CI?$CIvoid?5?$CK?$CJ?50?$CJ?$AA@ 0000f3fc     UefiBootServicesTableLib:UefiBootServicesTableLib.obj
 0002:00003410       ??_C@_0BE@BDFJLGLN@gBS?5?$CB?$DN?5?$CI?$CIvoid?5?$CK?$CJ?50?$CJ?$AA@ 0000f410     UefiBootServicesTableLib:UefiBootServicesTableLib.obj
 0002:00003424       ??_C@_0CI@BGLNHBLM@?$CI?$CI?$CIUINTN?$CJ?5?$CIStartOfBuffer?$CJ?$CJ?5?$CG?50x0@ 0000f424     BasePrintLib:PrintLib.obj
 0002:0000344c       ??_C@_0DG@PDLDNIEO@d?3?2myworkspace?2MdePkg?2Library?2Ba@ 0000f44c     BasePrintLib:PrintLib.obj
 0002:00003484       ??_C@_0CH@KJLBGOBB@?$CI?$CI?$CIUINTN?$CJ?5?$CIFormatString?$CJ?$CJ?5?$CG?50x01@ 0000f484     BasePrintLib:PrintLib.obj
 0002:000034ac       ??_C@_0CB@LDBAOPMG@?$CI?$CI?$CIUINTN?$CJ?5?$CIBuffer?$CJ?$CJ?5?$CG?50x01?$CJ?5?$DN?$DN?50@ 0000f4ac     BasePrintLib:PrintLib.obj
 0002:000034d0       ??_C@_07PBILKAFL@Success?$AA@ 0000f4d0     BasePrintLib:PrintLibInternal.obj
 0002:000034d8       ??_C@_0BG@CFJMNNJK@Warning?5Unknown?5Glyph?$AA@ 0000f4d8     BasePrintLib:PrintLibInternal.obj
 0002:000034f0       ??_C@_0BH@GKKCJEPJ@Warning?5Delete?5Failure?$AA@ 0000f4f0     BasePrintLib:PrintLibInternal.obj
 0002:00003508       ??_C@_0BG@ECIJMOED@Warning?5Write?5Failure?$AA@ 0000f508     BasePrintLib:PrintLibInternal.obj
 0002:00003520       ??_C@_0BJ@ODIPDGHB@Warning?5Buffer?5Too?5Small?$AA@ 0000f520     BasePrintLib:PrintLibInternal.obj
 0002:0000353c       ??_C@_0L@PLPBEPPC@Load?5Error?$AA@ 0000f53c     BasePrintLib:PrintLibInternal.obj
 0002:00003548       ??_C@_0BC@HOFHKGJN@Invalid?5Parameter?$AA@ 0000f548     BasePrintLib:PrintLibInternal.obj
 0002:0000355c       ??_C@_0M@BEECMOIL@Unsupported?$AA@ 0000f55c     BasePrintLib:PrintLibInternal.obj
 0002:00003568       ??_C@_0BA@FLNMPMCF@Bad?5Buffer?5Size?$AA@ 0000f568     BasePrintLib:PrintLibInternal.obj
 0002:00003578       ??_C@_0BB@EGELJFOB@Buffer?5Too?5Small?$AA@ 0000f578     BasePrintLib:PrintLibInternal.obj
 0002:0000358c       ??_C@_09NKFGCIPN@Not?5Ready?$AA@ 0000f58c     BasePrintLib:PrintLibInternal.obj
 0002:00003598       ??_C@_0N@HHEABDHO@Device?5Error?$AA@ 0000f598     BasePrintLib:PrintLibInternal.obj
 0002:000035a8       ??_C@_0BA@LNEDDFNB@Write?5Protected?$AA@ 0000f5a8     BasePrintLib:PrintLibInternal.obj
 0002:000035b8       ??_C@_0BB@GOILNEAA@Out?5of?5Resources?$AA@ 0000f5b8     BasePrintLib:PrintLibInternal.obj
 0002:000035cc       ??_C@_0P@EIOJGIF@Volume?5Corrupt?$AA@ 0000f5cc     BasePrintLib:PrintLibInternal.obj
 0002:000035dc       ??_C@_0M@HDLEPOFA@Volume?5Full?$AA@ 0000f5dc     BasePrintLib:PrintLibInternal.obj
 0002:000035e8       ??_C@_08KEGAJDNN@No?5Media?$AA@ 0000f5e8     BasePrintLib:PrintLibInternal.obj
 0002:000035f4       ??_C@_0O@JNCJKCCD@Media?5changed?$AA@ 0000f5f4     BasePrintLib:PrintLibInternal.obj
 0002:00003604       ??_C@_09CFCBFJND@Not?5Found?$AA@ 0000f604     BasePrintLib:PrintLibInternal.obj
 0002:00003610       ??_C@_0O@NFHOBIDO@Access?5Denied?$AA@ 0000f610     BasePrintLib:PrintLibInternal.obj
 0002:00003620       ??_C@_0M@ENKCBFEP@No?5Response?$AA@ 0000f620     BasePrintLib:PrintLibInternal.obj
 0002:0000362c       ??_C@_0L@IFPBNFC@No?5mapping?$AA@ 0000f62c     BasePrintLib:PrintLibInternal.obj
 0002:00003638       ??_C@_08PAFJCNGP@Time?5out?$AA@ 0000f638     BasePrintLib:PrintLibInternal.obj
 0002:00003644       ??_C@_0M@DCJFAFHJ@Not?5started?$AA@ 0000f644     BasePrintLib:PrintLibInternal.obj
 0002:00003650       ??_C@_0BA@IGIBFFPH@Already?5started?$AA@ 0000f650     BasePrintLib:PrintLibInternal.obj
 0002:00003660       ??_C@_07LCKDCBKK@Aborted?$AA@ 0000f660     BasePrintLib:PrintLibInternal.obj
 0002:00003668       ??_C@_0L@LKIFCMNO@ICMP?5Error?$AA@ 0000f668     BasePrintLib:PrintLibInternal.obj
 0002:00003674       ??_C@_0L@DJKNJKHM@TFTP?5Error?$AA@ 0000f674     BasePrintLib:PrintLibInternal.obj
 0002:00003680       ??_C@_0P@NCJHBCLM@Protocol?5Error?$AA@ 0000f680     BasePrintLib:PrintLibInternal.obj
 0002:00003690       ??_C@_0DO@GOAMAIEG@d?3?2myworkspace?2MdePkg?2Library?2Ba@ 0000f690     BasePrintLib:PrintLibInternal.obj
 0002:000036d0       ??_C@_0L@ILDOPMPD@Width?5?$DM?538?$AA@ 0000f6d0     BasePrintLib:PrintLibInternal.obj
 0002:000036dc       ??_C@_0CB@NIHAJGJE@StrSize?5?$CI?$CICHAR16?5?$CK?$CJ?5Format?$CJ?5?$CB?$DN?50@ 0000f6dc     BasePrintLib:PrintLibInternal.obj
 0002:00003700       ??_C@_0BL@BFEFANFD@AsciiStrSize?5?$CIFormat?$CJ?5?$CB?$DN?50?$AA@ 0000f700     BasePrintLib:PrintLibInternal.obj
 0002:0000371c       ??_C@_0O@MLOLIMFM@?$DMnull?5string?$DO?$AA@ 0000f71c     BasePrintLib:PrintLibInternal.obj
 0002:0000372c       ??_C@_0M@BJJDNPHK@?$DMnull?5guid?$DO?$AA@ 0000f72c     BasePrintLib:PrintLibInternal.obj
 0002:00003738       ??_C@_0DB@PMLHLBMO@?$CF08x?9?$CF04x?9?$CF04x?9?$CF02x?$CF02x?9?$CF02x?$CF02x@ 0000f738     BasePrintLib:PrintLibInternal.obj
 0002:0000376c       ??_C@_0M@LHGBCIKM@?$DMnull?5time?$DO?$AA@ 0000f76c     BasePrintLib:PrintLibInternal.obj
 0002:00003778       ??_C@_0BK@FCPKCIDD@?$CF02d?1?$CF02d?1?$CF04d?5?5?$CF02d?3?$CF02d?$AA@ 0000f778     BasePrintLib:PrintLibInternal.obj
 0002:00003794       ??_C@_04JIMNDDED@?$CF08X?$AA@ 0000f794     BasePrintLib:PrintLibInternal.obj
 0002:0000379c       ??_C@_02PCIJFNDE@?$AN?6?$AA@ 0000f79c     BasePrintLib:PrintLibInternal.obj
 0002:000037a0       ??_C@_01LIIJDEN@?$AN?$AA@  0000f7a0     BasePrintLib:PrintLibInternal.obj
 0002:000037a8       ??_C@_0EM@FPGGOFNC@?$CI?$CI?$CIFlags?5?$CG?50x00000040?$CJ?5?$DN?$DN?50?$CJ?$CJ?5?$HM?$HM@ 0000f7a8     BasePrintLib:PrintLibInternal.obj
 0002:000037f8       ??_C@_0EG@NFDMKACK@?$CI?$CI?$CIFlags?5?$CG?50x00000040?$CJ?5?$CB?$DN?50?$CJ?$CJ?5?$HM?$HM@ 0000f7f8     BasePrintLib:PrintLibInternal.obj
 0002:00003840       _mHexStr                   0000f840     BasePrintLib:PrintLibInternal.obj
 0002:00003850       ??_C@_0BE@OBDFIHND@gRT?5?$CB?$DN?5?$CI?$CIvoid?5?$CK?$CJ?50?$CJ?$AA@ 0000f850     UefiRuntimeServicesTableLib:UefiRuntimeServicesTableLib.obj
 0002:00003868       ??_C@_0FI@JAAEOOHA@d?3?2myworkspace?2MdePkg?2Library?2Ue@ 0000f868     UefiRuntimeServicesTableLib:UefiRuntimeServicesTableLib.obj
 0002:000038c0       ??_C@_0DA@BAMHPGBM@d?3?2myworkspace?2MdePkg?2Library?2Ue@ 0000f8c0     UefiLib:UefiLib.obj
 0002:000038f0       ??_C@_0BN@HHGHCLME@ProtocolGuid?5?$CB?$DN?5?$CI?$CIvoid?5?$CK?$CJ?50?$CJ?$AA@ 0000f8f0     UefiLib:UefiLib.obj
 0002:00003910       ??_C@_0BF@JGGLMCFN@Lock?5?$CB?$DN?5?$CI?$CIvoid?5?$CK?$CJ?50?$CJ?$AA@ 0000f910     UefiLib:UefiLib.obj
 0002:00003928       ??_C@_0CD@PGOFFOAH@Lock?9?$DOLock?5?$CB?$DN?5EfiLockUninitializ@ 0000f928     UefiLib:UefiLib.obj
 0002:0000394c       ??_C@_0BO@FHNOFLFJ@Lock?9?$DOLock?5?$DN?$DN?5EfiLockAcquired?$AA@ 0000f94c     UefiLib:UefiLib.obj
 0002:0000396c       ??_C@_0DI@EAKGNDEJ@d?3?2myworkspace?2MdePkg?2Library?2Ue@ 0000f96c     UefiLib:UefiDriverModel.obj
 0002:000039a4       ??_C@_0DB@LFGOOKNH@d?3?2myworkspace?2MdePkg?2Library?2Dx@ 0000f9a4     DxeHobLib:HobLib.obj
 0002:000039d8       ??_C@_0BJ@OBFMLLDO@mHobList?5?$CB?$DN?5?$CI?$CIvoid?5?$CK?$CJ?50?$CJ?$AA@ 0000f9d8     DxeHobLib:HobLib.obj
 0002:000039f4       ??_C@_0BJ@NOLLDKJB@HobStart?5?$CB?$DN?5?$CI?$CIvoid?5?$CK?$CJ?50?$CJ?$AA@ 0000f9f4     DxeHobLib:HobLib.obj
 0002:00003a10       ??_C@_1BC@DPOIABCP@?$AAE?$AAF?$AAI?$AAD?$AAe?$AAb?$AAu?$AAg?$AA?$AA@ 0000fa10     DxeDebugPrintErrorLevelLib:DxeDebugPrintErrorLevelLib.obj
 0002:00003a24       ??_C@_0DH@KGFJCKEI@d?3?2myworkspace?2MdeModulePkg?2Libr@ 0000fa24     DxeDpcLib:DpcLib.obj
 0002:00003a60       ??_C@_0EM@KKODNMEN@d?3?2myworkspace?2MdeModulePkg?2Libr@ 0000fa60     UefiHiiServicesLib:UefiHiiServicesLib.obj
 0002:00003aac       ??_C@_0DK@KLPAOFNC@d?3?2myworkspace?2MdeModulePkg?2Libr@ 0000faac     DxeNetLib:DxeNetLib.obj
 0002:00003ae8       ??_C@_0EG@FMMHPKDI@?$CIServiceBindingGuid?5?$CB?$DN?5?$CI?$CIvoid?5?$CK?$CJ@ 0000fae8     DxeNetLib:DxeNetLib.obj
 0002:00003b30       ??_C@_0CD@PCCGAHJM@ServiceBindingGuid?5?$CB?$DN?5?$CI?$CIvoid?5?$CK?$CJ?5@ 0000fb30     DxeNetLib:DxeNetLib.obj
 0002:00003b54       ??_C@_0BL@PMLJBBIE@MacAddress?5?$CB?$DN?5?$CI?$CIvoid?5?$CK?$CJ?50?$CJ?$AA@ 0000fb54     DxeNetLib:DxeNetLib.obj
 0002:00003b70       ??_C@_0BM@CDAGHOOA@AddressSize?5?$CB?$DN?5?$CI?$CIvoid?5?$CK?$CJ?50?$CJ?$AA@ 0000fb70     DxeNetLib:DxeNetLib.obj
 0002:00003b8c       ??_C@_0BK@GPKNKKJO@MacString?5?$CB?$DN?5?$CI?$CIvoid?5?$CK?$CJ?50?$CJ?$AA@ 0000fb8c     DxeNetLib:DxeNetLib.obj
 0002:00003ba8       ??_C@_1DA@EPCELPEK@?$AAE?$AAf?$AAi?$AAN?$AAi?$AAc?$AAI?$AAp?$AA4?$AAC?$AAo?$AAn?$AAf?$AAi?$AAg?$AAV?$AAa?$AAr?$AAi?$AAa?$AAb?$AAl?$AAe?$AA?$AA@ 0000fba8     DxeNetLib:DxeNetLib.obj
 0002:00003bd8       ??_C@_1DA@JIFMPMJE@?$AA?$CG?$AAO?$AAF?$AAF?$AAS?$AAE?$AAT?$AA?$DN?$AA?$CF?$AA0?$AA4?$AAX?$AA?$CG?$AAW?$AAI?$AAD?$AAT?$AAH?$AA?$DN?$AA?$CF?$AA0?$AA4?$AAX?$AA?$AA@ 0000fbd8     DxeNetLib:DxeNetLib.obj
 0002:00003c08       ??_C@_0BA@MDHFKOHH@BlockOpNum?5?$DO?$DN?51?$AA@ 0000fc08     DxeNetLib:NetBuffer.obj
 0002:00003c18       ??_C@_0DK@LFNJLNLP@d?3?2myworkspace?2MdeModulePkg?2Libr@ 0000fc18     DxeNetLib:NetBuffer.obj
 0002:00003c54       ??_C@_07DJKBCKNJ@Len?5?$DO?50?$AA@ 0000fc54     DxeNetLib:NetBuffer.obj
 0002:00003c5c       ??_C@_0BH@HKOFEGGJ@Vector?5?$CB?$DN?5?$CI?$CIvoid?5?$CK?$CJ?50?$CJ?$AA@ 0000fc5c     DxeNetLib:NetBuffer.obj
 0002:00003c78       ??_C@_0GP@BJHFFKHJ@?$CI?$CIVector?$CJ?5?$CB?$DN?5?$CI?$CIvoid?5?$CK?$CJ?50?$CJ?$CJ?5?$CG?$CG?5?$CI?$CI@ 0000fc78     DxeNetLib:NetBuffer.obj
 0002:00003ce8       ??_C@_0BD@DIPGLBBO@Vector?9?$DORefCnt?5?$DO?50?$AA@ 0000fce8     DxeNetLib:NetBuffer.obj
 0002:00003cfc       ??_C@_0BF@LJMLDKHP@Nbuf?5?$CB?$DN?5?$CI?$CIvoid?5?$CK?$CJ?50?$CJ?$AA@ 0000fcfc     DxeNetLib:NetBuffer.obj
 0002:00003d14       ??_C@_0BB@DOGOGLPG@Nbuf?9?$DORefCnt?5?$DO?50?$AA@ 0000fd14     DxeNetLib:NetBuffer.obj
 0002:00003d28       ??_C@_0BD@CJPEEIBJ@IsListEmpty?5?$CIHead?$CJ?$AA@ 0000fd28     DxeNetLib:NetBuffer.obj
 0002:00003d40       ??_C@_0HL@FGMBHKJG@?$CI?$CINbuf?9?$DOVector?$CJ?5?$CB?$DN?5?$CI?$CIvoid?5?$CK?$CJ?50?$CJ?$CJ@ 0000fd40     DxeNetLib:NetBuffer.obj
 0002:00003dbc       ??_C@_0BJ@KIFBBHL@Index?5?$DM?5Nbuf?9?$DOBlockOpNum?$AA@ 0000fdbc     DxeNetLib:NetBuffer.obj
 0002:00003dd8       ??_C@_0EL@JHACLFKC@?$CIExtFragment?5?$CB?$DN?5?$CI?$CIvoid?5?$CK?$CJ?50?$CJ?$CJ?5?$CG?$CG@ 0000fdd8     DxeNetLib:NetBuffer.obj
 0002:00003e24       ??_C@_0DC@MGLKJFKO@?$CINbuf?9?$DOBlockOpNum?5?$DN?$DN?51?$CJ?5?$CG?$CG?5?$CINbuf@ 0000fe24     DxeNetLib:NetBuffer.obj
 0002:00003e58       ??_C@_0ED@NCEEIHFB@?$CINbuf?9?$DOVector?9?$DOFree?5?$DN?$DN?5?$CI?$CIvoid?5?$CK?$CJ@ 0000fe58     DxeNetLib:NetBuffer.obj
 0002:00003e9c       ??_C@_0DE@FGAADEGF@Nbuf?9?$DOBlockOp?$FL0?$FN?4Tail?5?$DM?$DN?5Nbuf?9?$DOB@ 0000fe9c     DxeNetLib:NetBuffer.obj
 0002:00003ed0       ??_C@_0DE@CILPCCFL@?$CIBlockOp?5?$CB?$DN?5?$CI?$CIvoid?5?$CK?$CJ?50?$CJ?$CJ?5?$CG?$CG?5?$CIBl@ 0000fed0     DxeNetLib:NetBuffer.obj
 0002:00003f04       ??_C@_04IFLCJLKB@Dest?$AA@ 0000ff04     DxeNetLib:NetBuffer.obj
 0002:00003f0c       ??_C@_0BI@FINLCMGD@NbufQue?5?$CB?$DN?5?$CI?$CIvoid?5?$CK?$CJ?50?$CJ?$AA@ 0000ff0c     DxeNetLib:NetBuffer.obj
 0002:00003f28       ??_C@_0HB@ILKEBNKK@?$CI?$CINbufQue?$CJ?5?$CB?$DN?5?$CI?$CIvoid?5?$CK?$CJ?50?$CJ?$CJ?5?$CG?$CG?5?$CI@ 0000ff28     DxeNetLib:NetBuffer.obj
 0002:00003f9c       ??_C@_0BF@CPBCKIGP@Dest?5?$CB?$DN?5?$CI?$CIvoid?5?$CK?$CJ?50?$CJ?$AA@ 0000ff9c     DxeNetLib:NetBuffer.obj
 0002:00003fb8       ??_C@_0FB@ILKBFLFI@d?3?2myworkspace?2MdeModulePkg?2Libr@ 0000ffb8     DxeReportStatusCodeLib:ReportStatusCodeLib.obj
 0002:0000400c       ??_C@_0DN@HHIHPHHB@?$CB?$CI?$CIExtendedData?5?$DN?$DN?5?$CI?$CIvoid?5?$CK?$CJ?50?$CJ?$CJ@ 0001000c     DxeReportStatusCodeLib:ReportStatusCodeLib.obj
 0002:0000404c       ??_C@_0DN@BBBIFINB@?$CB?$CI?$CIExtendedData?5?$CB?$DN?5?$CI?$CIvoid?5?$CK?$CJ?50?$CJ?$CJ@ 0001004c     DxeReportStatusCodeLib:ReportStatusCodeLib.obj
 0002:0000408c       ??_C@_0DI@MIEIGAOH@Status?5code?5extended?5data?5is?5too@ 0001008c     DxeReportStatusCodeLib:ReportStatusCodeLib.obj
 0002:000040c4       ??_C@_0DC@NGPEEDEA@d?3?2myworkspace?2MdePkg?2Library?2Ba@ 000100c4     BaseLib:Unaligned.obj
 0002:000040f8       ??_C@_0DL@HKFHNCLF@d?3?2myworkspace?2MdePkg?2Library?2Ba@ 000100f8     BaseLib:DivU64x32Remainder.obj
 0002:00004134       ??_C@_0DI@GMNKKHGK@d?3?2myworkspace?2MdeModulePkg?2Libr@ 00010134     UefiHiiLib:HiiLib.obj
 0002:0000416c       ??_C@_0BN@EHPNHAIF@ConfigString?5?$CB?$DN?5?$CI?$CIvoid?5?$CK?$CJ?50?$CJ?$AA@ 0001016c     UefiHiiLib:HiiLib.obj
 0002:0000418c       ??_C@_1M@DPLGJLCD@?$AAG?$AAU?$AAI?$AAD?$AA?$DN?$AA?$AA@ 0001018c     UefiHiiLib:HiiLib.obj
 0002:00004198       ??_C@_1O@FMIENBLJ@?$AA?$CG?$AAN?$AAA?$AAM?$AAE?$AA?$DN?$AA?$AA@ 00010198     UefiHiiLib:HiiLib.obj
 0002:000041a8       ??_C@_1O@GGMHNGIF@?$AA?$CG?$AAP?$AAA?$AAT?$AAH?$AA?$DN?$AA?$AA@ 000101a8     UefiHiiLib:HiiLib.obj
 0003:00000000       _gEfiLoadedImageProtocolGuid 00011000     Tcp4Dxe:AutoGen.obj
 0003:00000010       _gEfiIp4ProtocolGuid       00011010     Tcp4Dxe:AutoGen.obj
 0003:00000020       _gEfiDpcProtocolGuid       00011020     Tcp4Dxe:AutoGen.obj
 0003:00000030       _gEfiHiiFontProtocolGuid   00011030     Tcp4Dxe:AutoGen.obj
 0003:00000040       _gEfiDebugMaskProtocolGuid 00011040     Tcp4Dxe:AutoGen.obj
 0003:00000050       _gEfiHiiDatabaseProtocolGuid 00011050     Tcp4Dxe:AutoGen.obj
 0003:00000060       _gEfiHiiConfigRoutingProtocolGuid 00011060     Tcp4Dxe:AutoGen.obj
 0003:00000070       _gEfiComponentName2ProtocolGuid 00011070     Tcp4Dxe:AutoGen.obj
 0003:00000080       _gEfiHobListGuid           00011080     Tcp4Dxe:AutoGen.obj
 0003:00000090       _gEfiManagedNetworkServiceBindingProtocolGuid 00011090     Tcp4Dxe:AutoGen.obj
 0003:000000a0       _gEfiHiiImageProtocolGuid  000110a0     Tcp4Dxe:AutoGen.obj
 0003:000000b0       _gEfiTcp4ServiceBindingProtocolGuid 000110b0     Tcp4Dxe:AutoGen.obj
 0003:000000c0       _gEfiDevicePathProtocolGuid 000110c0     Tcp4Dxe:AutoGen.obj
 0003:000000d0       _gEfiIp6ServiceBindingProtocolGuid 000110d0     Tcp4Dxe:AutoGen.obj
 0003:000000e0       _gEfiHiiStringProtocolGuid 000110e0     Tcp4Dxe:AutoGen.obj
 0003:000000f0       _gEfiGenericVariableGuid   000110f0     Tcp4Dxe:AutoGen.obj
 0003:00000100       _gEfiSimpleNetworkProtocolGuid 00011100     Tcp4Dxe:AutoGen.obj
 0003:00000110       _gEfiCallerIdGuid          00011110     Tcp4Dxe:AutoGen.obj
 0003:00000120       _gEfiNicIp4ConfigVariableGuid 00011120     Tcp4Dxe:AutoGen.obj
 0003:00000130       _gEfiTcp4ProtocolGuid      00011130     Tcp4Dxe:AutoGen.obj
 0003:00000140       _gEfiStatusCodeDataTypeDebugGuid 00011140     Tcp4Dxe:AutoGen.obj
 0003:00000150       _gEfiDriverBindingProtocolGuid 00011150     Tcp4Dxe:AutoGen.obj
 0003:00000160       _gEfiIp4ServiceBindingProtocolGuid 00011160     Tcp4Dxe:AutoGen.obj
 0003:00000170       _gEfiManagedNetworkProtocolGuid 00011170     Tcp4Dxe:AutoGen.obj
 0003:00000180       _gEfiStatusCodeSpecificDataGuid 00011180     Tcp4Dxe:AutoGen.obj
 0003:00000190       _gEfiComponentNameProtocolGuid 00011190     Tcp4Dxe:AutoGen.obj
 0003:000001a0       _gEfiIp6ProtocolGuid       000111a0     Tcp4Dxe:AutoGen.obj
 0003:000001b0       _gEfiHiiConfigAccessProtocolGuid 000111b0     Tcp4Dxe:AutoGen.obj
 0003:000001c0       _gEfiStatusCodeRuntimeProtocolGuid 000111c0     Tcp4Dxe:AutoGen.obj
 0003:000001d0       _mTcp4ServiceBinding       000111d0     Tcp4Dxe:Tcp4Driver.obj
 0003:000001d8       _mTcp4DefaultSockData      000111d8     Tcp4Dxe:Tcp4Driver.obj
 0003:00000210       _mTcp4DriverBinding        00011210     Tcp4Dxe:Tcp4Driver.obj
 0003:00000228       _mTcp4ProtocolTemplate     00011228     Tcp4Dxe:Tcp4Driver.obj
 0003:00000250       _mTcpTick                  00011250     Tcp4Dxe:Tcp4Timer.obj
 0003:00000254       _mTcpTimerHandler          00011254     Tcp4Dxe:Tcp4Timer.obj
 0003:0000026c       _mTcpGlobalIss             0001126c     Tcp4Dxe:Tcp4Misc.obj
 0003:00000270       _mTcpRunQue                00011270     Tcp4Dxe:Tcp4Misc.obj
 0003:00000278       _mTcpStateName             00011278     Tcp4Dxe:Tcp4Misc.obj
 0003:000002a4       _mTcpListenQue             000112a4     Tcp4Dxe:Tcp4Misc.obj
 0003:000002ac       _mTcpOutFlag               000112ac     Tcp4Dxe:Tcp4Output.obj
 0003:000002b8       _mDebugMaskProtocol        000112b8     DxeDebugPrintErrorLevelLib:DxeDebugPrintErrorLevelLib.obj
 0003:000002c8       _gTcp4ComponentName        000112c8     Tcp4Dxe:ComponentName.obj
 0003:000002d4       _gTcp4ComponentName2       000112d4     Tcp4Dxe:ComponentName.obj
 0003:000002e0       _mTcpDriverNameTable       000112e0     Tcp4Dxe:ComponentName.obj
 0003:000002f0       _mIp4IoDefaultIpConfigData 000112f0     DxeIpIoLib:DxeIpIoLib.obj
 0003:0000030c       _mIcmpErrMap               0001130c     DxeIpIoLib:DxeIpIoLib.obj
 0003:00000320       _mActiveIpIoList           00011320     DxeIpIoLib:DxeIpIoLib.obj
 0003:00000328       _mStatusString             00011328     BasePrintLib:PrintLibInternal.obj
 0003:000003a0       _gIp4AllMasks              000113a0     DxeNetLib:DxeNetLib.obj
 0003:00000424       _mTcp4Timer                00011424     Tcp4Dxe:Tcp4Driver.obj
 0003:0000042c       _gST                       0001142c     UefiBootServicesTableLib:UefiBootServicesTableLib.obj
 0003:00000430       _gBS                       00011430     UefiBootServicesTableLib:UefiBootServicesTableLib.obj
 0003:00000434       _gImageHandle              00011434     UefiBootServicesTableLib:UefiBootServicesTableLib.obj
 0003:00000438       _gRT                       00011438     UefiRuntimeServicesTableLib:UefiRuntimeServicesTableLib.obj
 0003:0000043c       _mHobList                  0001143c     DxeHobLib:HobLib.obj
 0003:00000440       _mDebugPrintErrorLevel     00011440     DxeDebugPrintErrorLevelLib:DxeDebugPrintErrorLevelLib.obj
 0003:00000444       _mGlobalErrorLevelInitialized 00011444     DxeDebugPrintErrorLevelLib:DxeDebugPrintErrorLevelLib.obj
 0003:00000448       _mSystemTable              00011448     DxeDebugPrintErrorLevelLib:DxeDebugPrintErrorLevelLib.obj
 0003:0000044c       _gHiiImage                 0001144c     UefiHiiServicesLib:UefiHiiServicesLib.obj
 0003:00000450       _gHiiFont                  00011450     UefiHiiServicesLib:UefiHiiServicesLib.obj
 0003:00000454       _gHiiString                00011454     UefiHiiServicesLib:UefiHiiServicesLib.obj
 0003:00000458       _gHiiDatabase              00011458     UefiHiiServicesLib:UefiHiiServicesLib.obj
 0003:0000045c       _gHiiConfigRouting         0001145c     UefiHiiServicesLib:UefiHiiServicesLib.obj
 0003:00000460       _mReportStatusCodeLibStatusCodeProtocol 00011460     DxeReportStatusCodeLib:ReportStatusCodeLib.obj
 0003:00000464       _mUefiFormBrowser2         00011464     UefiHiiLib:HiiLib.obj
 0003:00000468       _gTcpControllerNameTable   00011468     Tcp4Dxe:ComponentName.obj
 0003:0000046c       _mZeroIp4Addr              0001146c     DxeNetLib:DxeNetLib.obj
 0003:00000470       _mDpc                      00011470     <common>
 0003:00000474       _mTcp4RandomPort           00011474     <common>

 entry point at        0001:00000023

 Static symbols

 0001:000023e7       $LN14                      000033e7     * CIL library *:* CIL module *
 0001:000023f3       $LN11                      000033f3     * CIL library *:* CIL module *
 0001:0000246a       $LN33                      0000346a     * CIL library *:* CIL module *
 0001:00002472       $LN28                      00003472     * CIL library *:* CIL module *
 0001:000031df       $LN76                      000041df     * CIL library *:* CIL module *
 0001:000068a0       $LN30                      000078a0     * CIL library *:* CIL module *
 0001:000068b0       $LN28                      000078b0     * CIL library *:* CIL module *
 0001:00007550       $LN63                      00008550     * CIL library *:* CIL module *
 0001:0000a750       $$000000                   0000b750     BaseMemoryLibOptDxe:CopyMem.obj
 0001:0000a7c0       $$000000                   0000b7c0     BaseMemoryLibOptDxe:ZeroMem.obj
 0001:0000a7e0       $$000000                   0000b7e0     BaseMemoryLibOptDxe:CompareMem.obj
 0001:0000a800       $$000000                   0000b800     BaseMemoryLibOptDxe:SetMem.obj
 0001:0000a82c       $$000000                   0000b82c     BaseMemoryLibOptDxe:SetMem32.obj
 0001:0000a844       $$000000                   0000b844     BaseMemoryLibOptDxe:SetMem64.obj
 0004:00000000       .edata                     00012000     Tcp4Dxe.exp
 0004:00000028       rgpv                       00012028     Tcp4Dxe.exp
 0004:0000002c       rgszName                   0001202c     Tcp4Dxe.exp
 0004:00000030       rgwOrd                     00012030     Tcp4Dxe.exp
 0004:00000032       szName                     00012032     Tcp4Dxe.exp
 0004:0000003e       $N00001                    0001203e     Tcp4Dxe.exp
